12-17 11:06:35.462  1121  1121 I EyeComfortSolutionService: action  :  android.intent.action.USER_PRESENT
12-17 11:06:35.462  1121  1121 V WifiProfileShare: unlock the screen
12-17 11:06:35.462  1121  1121 I PalmMotion: [PALM] SURFACE_MOTION_ENGINE: 1 SURFACE_PALM_TOUCH: 1 PALM_TOUCH_TO_SLEEP: 0
12-17 11:06:35.462  1121  1121 I PalmMotion: [PALM] SURFACE_PALM_SWEEP: 1 Mobile Keyboard : 0
12-17 11:06:35.462  1121  1121 D PalmMotion: [PALM] SETTINGS : [TOUCH: true] [SWEEP: true] [PalmScreenOff: false]
12-17 11:06:35.463  1121  1121 D PalmMotion: [PALM] ACCEPTED : [beyond1qlte] PALM_CNT : 1, M_TOUCH : 50.0, M_SWEEP : 100.0, E_SWEEP : 2.0, IGNORE_M_SWEEP : false
12-17 11:06:35.463  1979  1979 V Navbar.Store: handleEvent [EventType] ON_NAVBAR_WINDOW_STATE_SHOWING [Module] NavigationBar
12-17 11:06:35.463  2577  2899 I TouchInteractionService: onSystemUiStateChanged, stateFlags : 0
12-17 11:06:35.463  1979  1979 W Looper  : Slow dispatch took 10ms main h=com.android.systemui.statusbar.CommandQueue$H c=null m=786432
12-17 11:06:35.463  1979  1979 D FaceWidgetContainerObserver: onChanged() FaceWidgetContainerLiveData{mIsContainerVisible=false, mClipLayoutVisibility=0, mRotation=0, mIsOwnerVisible=0, mOwnerInfoGravity=17, mAdditionalInfoGravity=17, mClockSideStartPadding=63, mClockSideEndPadding=63, mMusicSideStartPadding=30, mMusicSideEndPadding=30, mClockScale = 1.0, mInfoSideStartPadding=63, mInfoSideEndPadding=63, mClipLayoutWidth = -1, mClipLayoutHeight = -2, mIsUpdateOwnerInfoText=false, mAdditionalInfoRemoteView=null, mHasCMAS=false, mIsAdditionalViewGoingToSleep=false, mConfig=CustomConfiguration{fontScale=1.1, screenLayout=268435810, orientation=1, screenWidthDp=411, screenHeightDp=777, smallestScreenWidthDp=411, densityDpi=420, uiMode=17, isRTL=false, mConfiguration={1.1 302mcc370mnc [en_CA] ldltr sw411dp w411dp h777dp 420dpi nrml long port finger -keyb/v/h -nav/h winConfig={ mBounds=Rect(0, 0 - 1080, 2280) mAppBounds=Rect(0, 112 - 1080, 2154) mMaxBounds=Rect(0, 0 - 1080, 2280) mWindowingMode=fullscreen mDisplayWindowingMode=fullscreen mActivityType=undefined mAlwaysOnTop=undefined mRotation=ROTATION_0 mPopOver=undefined mFreeformTaskPinningState=undefined} s.20797 fontWeightAdjustment=0 ff=0 bf=0 bts=0 desktop/d dm/n ?dc ?dcui ?dcaf enb/d themeSeq=0}}}
12-17 11:06:35.463  1979  1979 D FaceWidgetOwnerInfoView: updateOwnerInfo(hasCMAS): 0
12-17 11:06:35.463  2577  2577 I TouchInteractionService: onSystemUiFlagsChanged, userUnlocked
12-17 11:06:35.463  1979  1979 D FaceWidgetOwnerInfoManager: getOwnerInfo() isDeviceOwnerInfo - false
12-17 11:06:35.463  1979  1979 D FaceWidgetPagesController: onGravityChanged()
12-17 11:06:35.464  1979  1979 D FaceWidgetClockPage_Full: setClockGravity() gravity = 17
12-17 11:06:35.464  1979  1979 D FaceWidgetClockPage: setClockGravity() gravity = 49
12-17 11:06:35.464  1979  1979 D QSMumButton: MumAndDexHelper.needToBeVisible() result:false, hasMultiUsers?false, DeviceState.isDesktopMode?false, DesktopManager.isDesktopMode?false, IsDexEnablingOrEnabled:false, mExpanded:false, QUICK_STYLE_MUM_TEST_TRIGGER:false, isUserSwitcherSettingOn:false
12-17 11:06:35.464  1121  2055 V MdnieScenarioControlService: setUIMode from UI function(3)
12-17 11:06:35.465  1979  1979 V DepthController: blur = 0 shouldUseBlurFilter = false
12-17 11:06:35.465  1121  1781 D SGM:GameManager:   handleUserPresent(). resume signal is needed for app.olauncher
12-17 11:06:35.466  4230  4230 W ContextImpl: Calling a method in the system process without a qualified user: android.app.ContextImpl.startService:1886 android.content.ContextWrapper.startService:793 android.content.ContextWrapper.startService:793 com.sec.android.diagmonagent.sa.receiver.CFLogReceiver.sendCFLog:26 com.sec.android.diagmonagent.sa.receiver.CFLogReceiver.onReceive:18 
12-17 11:06:35.467  1121  1121 D AccessibilityManagerService: currentTargets : [] targetsFromSetting : []
12-17 11:06:35.467  1121  1121 D AccessibilityManagerService: componentId : null userState.getTargetAssignedToAccessibilityButton() : null
12-17 11:06:35.468  1121  1121 D AccessibilityManagerService: readAccessibilityDirectAccessSettingLocked currentTargets : [] targetsFromSetting : []
12-17 11:06:35.468  1121  1121 I MdnieScenarioControlService: action  :  android.intent.action.USER_PRESENT
12-17 11:06:35.468  1121  1781 D SGM:GameManager: onLooperPrepared(), msg: MSG_USER_PRESENT
12-17 11:06:35.468  1121  1781 D SGM:GameManager: handleUserPresent()
12-17 11:06:35.468  1121  1121 D MdnieScenarioControlService:  packageName : app.olauncher    className : app.olauncher.MainActivity
12-17 11:06:35.468  1121  2207 W Binder  : Caught a RuntimeException from the binder stub implementation.
12-17 11:06:35.468  1121  2207 W Binder  : java.lang.SecurityException: Caller does not hold permission android.permission.MANAGE_ACCESSIBILITY
12-17 11:06:35.468  1121  2207 W Binder  : 	at com.android.server.accessibility.AccessibilitySecurityPolicy.enforceCallingOrSelfPermission(AccessibilitySecurityPolicy.java:602)
12-17 11:06:35.468  1121  2207 W Binder  : 	at com.android.server.accessibility.AccessibilityManagerService.unregisterSystemAction(AccessibilityManagerService.java:1273)
12-17 11:06:35.468  1121  2207 W Binder  : 	at android.view.accessibility.IAccessibilityManager$Stub.onTransact(IAccessibilityManager.java:836)
12-17 11:06:35.468  1121  2207 W Binder  : 	at android.os.Binder.execTransactInternal(Binder.java:1220)
12-17 11:06:35.468  1121  2207 W Binder  : 	at android.os.Binder.execTransact(Binder.java:1179)
12-17 11:06:35.468  1121  1121 I AdaptiveDisplaySolutionService: action  :  android.intent.action.USER_PRESENT
12-17 11:06:35.468  1121  1121 I EyeComfortSolutionService: action  :  android.intent.action.USER_PRESENT
12-17 11:06:35.468  1121  2055 V MdnieScenarioControlService: setUIMode from UI function(3)
12-17 11:06:35.468  1121  1121 I PalmMotion: [PALM] SURFACE_MOTION_ENGINE: 1 SURFACE_PALM_TOUCH: 1 PALM_TOUCH_TO_SLEEP: 0
12-17 11:06:35.468  1121  1121 I PalmMotion: [PALM] SURFACE_PALM_SWEEP: 1 Mobile Keyboard : 0
12-17 11:06:35.468  1121  1121 D PalmMotion: [PALM] SETTINGS : [TOUCH: true] [SWEEP: true] [PalmScreenOff: false]
12-17 11:06:35.468  1121  1121 D PalmMotion: [PALM] ACCEPTED : [beyond1qlte] PALM_CNT : 1, M_TOUCH : 50.0, M_SWEEP : 100.0, E_SWEEP : 2.0, IGNORE_M_SWEEP : false
12-17 11:06:35.469  1121  1781 D SGM:GameManager:   handleUserPresent(). resume signal is needed for app.olauncher
12-17 11:06:35.469  1121  3199 I SemWifiApSmartBleScanner: Started scanning
12-17 11:06:35.471  4230  4230 W ContextImpl: Calling a method in the system process without a qualified user: android.app.ContextImpl.startService:1886 android.content.ContextWrapper.startService:793 android.content.ContextWrapper.startService:793 com.sec.android.diagmonagent.sa.receiver.CFLogReceiver.sendCFLog:26 com.sec.android.diagmonagent.sa.receiver.CFLogReceiver.onReceive:18 
12-17 11:06:35.471 21500 21707 I NearbyDiscovery: (REDACTED) FastPairHandler: Received action %s
12-17 11:06:35.471 21500 21707 I NearbyDiscovery: FastPairController: onSystemStateChanged: skip due to flag disabled [CONTEXT service_id=265 ]
12-17 11:06:35.471 21500 16880 I NearbySharing: Starting scanning for Fast Initiation.
12-17 11:06:35.473  1979  1979 D KeyguardBottomAreaShortcutView: updateCameraVisibility isCameraDisabled:false visible:true
12-17 11:06:35.473  1979  1979 D KeyguardBottomAreaShortcutView: mIndicationArea margin start : 163, end : 163, bottom : 406
12-17 11:06:35.474  1121  1167 W BroadcastQueue: Background execution not allowed: receiving Intent { act=android.intent.action.USER_PRESENT flg=0x24200010 } to com.android.chrome/org.chromium.chrome.browser.sharing.click_to_call.ClickToCallMessageHandler$PhoneUnlockedReceiver
12-17 11:06:35.474 21500 16880 I BluetoothAdapter: STATE_BLE_ON
12-17 11:06:35.474  1979  1979 D QS      : setQSExpansion 0.0 -140.0
12-17 11:06:35.474  1979  1979 D QS      : setQSExpansion 0.0 -140.0
12-17 11:06:35.475  1121  1484 W BroadcastQueue: Background execution not allowed: receiving Intent { act=android.intent.action.USER_PRESENT flg=0x24200010 } to com.facebook.services/com.facebook.oxygen.services.fbns.RegisteredMqttSystemBroadcastReceiver
12-17 11:06:35.475 21500 16880 I BluetoothAdapter: appoCount is = 1 G/S = 4/3
12-17 11:06:35.476  1121  1484 W BroadcastQueue: Background execution not allowed: receiving Intent { act=android.intent.action.USER_PRESENT flg=0x24200010 } to com.google.android.gms/.auth.setup.devicesignals.LockScreenReceiver
12-17 11:06:35.476  1121  1484 W BroadcastQueue: Background execution not allowed: receiving Intent { act=android.intent.action.USER_PRESENT flg=0x24200010 } to com.google.android.gms/.chimera.GmsIntentOperationService$PersistentTrustedReceiver
12-17 11:06:35.476  1121  1484 W BroadcastQueue: Background execution not allowed: receiving Intent { act=android.intent.action.USER_PRESENT flg=0x24200010 } to com.google.android.apps.work.clouddpc/.base.receivers.UserPresentReceiver
12-17 11:06:35.476  1979  1979 V Navbar.Store: handleEvent [EventType] GET_BOOL_NAVBAR_CAN_MOVE_STATE [Module] SamsungNavigationBarView  KEYS_DEFAULT=true
12-17 11:06:35.476  1121  1484 W BroadcastQueue: Background execution not allowed: receiving Intent { act=android.intent.action.USER_PRESENT flg=0x24200010 } to com.samsung.android.spay/.SpayBroadcastReceiver
12-17 11:06:35.476  1979  1979 V Navbar.Store: --[Band]CONFIG_PACK_GET_NAVBAR_CAN_MOVE
12-17 11:06:35.476  1979  1979 V Navbar.Store: ----getValue(BOOL_NAVBAR_CAN_MOVE)=true
12-17 11:06:35.476  1121  1484 W BroadcastQueue: Background execution not allowed: receiving Intent { act=android.intent.action.USER_PRESENT flg=0x24200010 } to com.android.chrome/org.chromium.chrome.browser.sharing.click_to_call.ClickToCallMessageHandler$PhoneUnlockedReceiver
12-17 11:06:35.476  1121  1484 W BroadcastQueue: Background execution not allowed: receiving Intent { act=android.intent.action.USER_PRESENT flg=0x24200010 } to com.google.android.gms/.auth.setup.devicesignals.LockScreenReceiver
12-17 11:06:35.476  1121  1484 W BroadcastQueue: Background execution not allowed: receiving Intent { act=android.intent.action.USER_PRESENT flg=0x24200010 } to com.google.android.gms/.chimera.GmsIntentOperationService$PersistentTrustedReceiver
12-17 11:06:35.476  1979  1979 V Navbar.Store: handleEvent [EventType] GET_BOOL_USE_NAVBAR_BACKGROUND_FRAME [Module] NavigationBarTransitions  KEYS_DEFAULT=false
12-17 11:06:35.476  1979  1979 V Navbar.Store: --[Band]COLOR_PACK_GET_USE_NAVBAR_BACKGROUND_FRAME
12-17 11:06:35.476  1979  1979 V Navbar.Store: ----getValue(BOOL_NAVBAR_GESTURAL_MODE)=false
12-17 11:06:35.476  1979  1979 V Navbar.Store: ----getValue(BOOL_NAVBAR_OPAQUE)=false
12-17 11:06:35.476  1979  1979 V Navbar.Store: ----getValue(BOOL_NAVBAR_PINNED_EDGE_ENABELD)=false
12-17 11:06:35.477   772   772 D Zygote  : Forked child process 4543
12-17 11:06:35.477  2577  2899 I TouchInteractionService: onActiveNavBarRegionChanges, region : SkRegion((0,2154,388,2280)(389,2154,690,2280)(691,2154,961,2280))
12-17 11:06:35.478  1121  1485 I ActivityManager: Start proc 4543:com.google.android.googlequicksearchbox:search/u0a113 for service {com.google.android.googlequicksearchbox/com.google.android.apps.gsa.search.core.service.SearchService}
12-17 11:06:35.478 21500 16880 I BluetoothAdapter: STATE_BLE_ON
12-17 11:06:35.478 21500 16880 I BluetoothAdapter: appoCount is = 1 G/S = 4/3
12-17 11:06:35.478 21500 16880 I BluetoothAdapter: STATE_BLE_ON
12-17 11:06:35.478 21500 16880 I BluetoothAdapter: appoCount is = 1 G/S = 4/3
12-17 11:06:35.479 21500 16880 D BluetoothLeScanner: Start Scan with callback
12-17 11:06:35.479  1121  4487 D SamsungAlarmManager: setInexact (T:3/F:0/AC:false) 20341215T110635 now=592875831 - CU:15010043/CP:20953/OP:PendingIntent{12d620f: PendingIntentRecord{acd829c com.google.android.gms/com.google.android.gms.container startService}}
12-17 11:06:35.479  1121  4487 V SamsungAlarmManager: setLocked to kernel - W:593331030 / NW:592882258, now=592875831
12-17 11:06:35.480  1121  4470 D SamsungAlarmManager: setInexact (T:3/F:0/AC:false) 20341215T110635 now=592875831 - CU:10043/CP:21500/OP:PendingIntent{7f454a5: PendingIntentRecord{170807a com.google.android.gms/com.google.android.gms.container startService}}
12-17 11:06:35.480  1121  4470 V SamsungAlarmManager: setLocked to kernel - W:593331030 / NW:592882258, now=592875831
12-17 11:06:35.480  4107  4121 D BtGatt.ContextMap: add() - appUid: 10043, appPid: 21500, appName: com.google.uid.shared
12-17 11:06:35.480  4107  4312 D BtGatt.GattService: onScannerRegistered() - UUID=4db81426-64d9-42e3-8041-e2d18f0c2bf8, scannerId=7, status=0
12-17 11:06:35.481 21500  8990 D BluetoothLeScanner: onScannerRegistered() - status=0 scannerId=7 mScannerId=0
12-17 11:06:35.481  4107  4121 I BluetoothAdapter: STATE_BLE_ON
12-17 11:06:35.482  4107  4121 I BluetoothAdapter: bleAppCnt is = 4
12-17 11:06:35.482  1979  1979 D IndicatorGardenInputProperty: updateRotation() prv:-1 >> new:0
12-17 11:06:35.482  1979  1979 D DeviceState: getDeviceResolutionPixelSize - currentDensity = 420 deviceDensity = 420 initialDisplaySizeFactor = 1440 currentDisplaySizeFactor = 1080 initialDisplayDensity = 560 proportionalDensity = 420 proportionalPixel = 66
12-17 11:06:35.482  1979  1979 D DeviceState: getDeviceResolutionPixelSize - currentDensity = 420 deviceDensity = 420 initialDisplaySizeFactor = 1440 currentDisplaySizeFactor = 1080 initialDisplayDensity = 560 proportionalDensity = 420 proportionalPixel = 27
12-17 11:06:35.482  1979  1979 D DeviceState: getDeviceResolutionPixelSize - currentDensity = 420 deviceDensity = 420 initialDisplaySizeFactor = 1440 currentDisplaySizeFactor = 1080 initialDisplayDensity = 560 proportionalDensity = 420 proportionalPixel = 24
12-17 11:06:35.482  1979  1979 W Looper  : Slow dispatch took 18ms main h=android.view.Choreographer$FrameHandler c=android.view.Choreographer$FrameDisplayEventReceiver@993bd09 m=0
12-17 11:06:35.483  1979  1979 D IndicatorGardenInputProperty: updateRotation() prv:-1 >> new:0
12-17 11:06:35.483  1979  1979 D DeviceState: getDeviceResolutionPixelSize - currentDensity = 420 deviceDensity = 420 initialDisplaySizeFactor = 1440 currentDisplaySizeFactor = 1080 initialDisplayDensity = 560 proportionalDensity = 420 proportionalPixel = 66
12-17 11:06:35.483  1979  1979 D DeviceState: getDeviceResolutionPixelSize - currentDensity = 420 deviceDensity = 420 initialDisplaySizeFactor = 1440 currentDisplaySizeFactor = 1080 initialDisplayDensity = 560 proportionalDensity = 420 proportionalPixel = 27
12-17 11:06:35.483  1979  1979 D DeviceState: getDeviceResolutionPixelSize - currentDensity = 420 deviceDensity = 420 initialDisplaySizeFactor = 1440 currentDisplaySizeFactor = 1080 initialDisplayDensity = 560 proportionalDensity = 420 proportionalPixel = 24
12-17 11:06:35.483  4107  4367 I BluetoothAdapter: STATE_BLE_ON
12-17 11:06:35.483  4107  4367 I BluetoothAdapter: appoCount is = 1 G/S = 4/3
12-17 11:06:35.484 21500 16880 I NearbySharing: Started scanning for FastInitiation with mode: SCAN_MODE_BALANCED
12-17 11:06:35.484  4107  4367 I BluetoothAdapter: STATE_BLE_ON
12-17 11:06:35.484  4107  4370 W BtGatt.GattService: checkToReportData before boot completed
12-17 11:06:35.484  4107  4370 E BtGatt.GattService: [GSIM LOG]: gsimLogHandler, msg: MESSAGE_SCAN_START, appName: com.google.uid.shared, scannerId: 7, reportDelayMillis=0
12-17 11:06:35.484  4107  4367 I BluetoothAdapter: appoCount is = 1 G/S = 4/3
12-17 11:06:35.484  4107  4367 I BluetoothAdapter: STATE_BLE_ON
12-17 11:06:35.485  4107  4367 I BluetoothAdapter: appoCount is = 1 G/S = 4/3
12-17 11:06:35.485  2577  2899 I TouchInteractionService: onSystemUiStateChanged, stateFlags : 131072
12-17 11:06:35.485  2577  2577 I TouchInteractionService: onSystemUiFlagsChanged, userUnlocked
12-17 11:06:35.485  1979  1979 I FaceWidgetViewModel: onReceive : android.intent.action.USER_PRESENT
12-17 11:06:35.485  1979  1979 I FaceWidgetViewModel: Go to the clock page due to unlocking
12-17 11:06:35.485  1979  1979 D KeyguardVisibleMonitor: isExpanded: true -> false
12-17 11:06:35.485  1979  1979 D KeyguardVisibleMonitor: Window state diff only {
12-17 11:06:35.485  1979  1979 D KeyguardVisibleMonitor:   mKeyguardFadingAway: true -> false
12-17 11:06:35.485  1979  1979 D KeyguardVisibleMonitor: }
12-17 11:06:35.486  1979  1979 D KeyguardVisibleMonitor: cancel
12-17 11:06:35.486 21500 16880 I NearbySharing: Fast Initiation Scanning has started
12-17 11:06:35.486 21500 16880 I NearbySharing: Dismissing HUN as there's no device nearby.
12-17 11:06:35.486  1121  1167 I AppOps  : updateUidProcState uid: 10009 procState: 0 capability:15
12-17 11:06:35.487  1119 13198 I CameraService: onUidStateChanged: uid=10009, procState is changed. (1 -> 0)
12-17 11:06:35.487  1979  1979 I ViewRootImpl@31a920c[NotificationShade]: MSG_WINDOW_FOCUS_CHANGED 0 1
12-17 11:06:35.488  1979  1979 D KeyguardFingerPrint: setFocusForInDisplayFingerprint : true -> false
12-17 11:06:35.488  1979  1979 I KeyguardImageWallpaper: onWindowFocusChanged: false
12-17 11:06:35.491  4107  4367 D BtGatt.ScanManager: configureFilterParamter() : onFoundTimeout | onLostTimeout | onFoundCount | numOfTrackingEntries | scanFilterRssiThreshold | trackableScanFilterRssiThreshold | matchMode
12-17 11:06:35.491  4107  4367 D BtGatt.ScanManager: configureFilterParamter() : __________500__|________10000__|___________1__|___________________0__|___________________-128__|____________________________-128__|________1_
12-17 11:06:35.494  1979  1979 D [QuickStar]SlimIndicatorViewMediator: unregisterSubscriber(CarrierText) From SubList:PhoneStatusBarViewBatteryMeterView, CarrierText, PanelCarrierLabelManager, KeyguardStatusBarCarrierText, KeyguardStatusBarViewBatteryMeterView, QSClockBellTower, BatteryMeterView, [QuickStar]PhoneStatusBarClockManager, 
12-17 11:06:35.494  1979  1979 V KeyguardUpdateMonitor: *** unregister callback for com.android.keyguard.KeyguardMessageAreaController$1@585d40d
12-17 11:06:35.494  1979  1979 D [QuickStar]SlimIndicatorViewMediator: unregisterSubscriber(CarrierText) From SubList:PhoneStatusBarViewBatteryMeterView, PanelCarrierLabelManager, KeyguardStatusBarCarrierText, KeyguardStatusBarViewBatteryMeterView, QSClockBellTower, BatteryMeterView, [QuickStar]PhoneStatusBarClockManager, 
12-17 11:06:35.494  1979  1979 V KeyguardUpdateMonitor: *** unregister callback for com.android.keyguard.EmergencyButtonController$1@a3b6e40
12-17 11:06:35.494  1979  1979 V KeyguardUpdateMonitor: *** unregister callback for com.android.keyguard.KeyguardSecAbsKeyInputViewController$2@cc5f3fe
12-17 11:06:35.494  1979  1979 D KnoxStateMonitorImpl: removeCallback() callback=com.android.keyguard.KeyguardSecAbsKeyInputViewController$3@514775f
12-17 11:06:35.494  1979  1979 D KnoxStateMonitorImpl: removeCallback() mCallbacks has same callback
12-17 11:06:35.495  1979  1979 V KeyguardUpdateMonitor: *** unregister callback for com.android.keyguard.biometrics.KeyguardBiometricViewController$keyguardUpdateMonitorCallback$1@c65a179
12-17 11:06:35.495  1979  1979 V SettingsHelper: *** unregister listener for com.android.keyguard.biometrics.KeyguardBiometricViewController$settingsListener$1@658c42a
12-17 11:06:35.495  1979  1979 V KeyguardUpdateMonitor: *** unregister callback for com.android.keyguard.KeyguardHostViewController$1@dd6cabb
12-17 11:06:35.496  4107  4367 D BtGatt.ScanManager: configureFilterParamter() : onFoundTimeout | onLostTimeout | onFoundCount | numOfTrackingEntries | scanFilterRssiThreshold | trackableScanFilterRssiThreshold | matchMode
12-17 11:06:35.496  4107  4367 D BtGatt.ScanManager: configureFilterParamter() : __________500__|________10000__|___________1__|___________________0__|___________________-128__|____________________________-128__|________1_
12-17 11:06:35.496  1121  2207 D CompatibilityChangeReporter: Compat change id reported: 135634846; UID 15010043; state: DISABLED
12-17 11:06:35.496  1121  2207 D CompatibilityChangeReporter: Compat change id reported: 177438394; UID 15010043; state: DISABLED
12-17 11:06:35.496  1121  2207 D CompatibilityChangeReporter: Compat change id reported: 135772972; UID 15010043; state: DISABLED
12-17 11:06:35.496  1121  2207 D CompatibilityChangeReporter: Compat change id reported: 135754954; UID 15010043; state: ENABLED
12-17 11:06:35.497  1121  1485 D CompatibilityChangeReporter: Compat change id reported: 143937733; UID 15010043; state: ENABLED
12-17 11:06:35.497   772   772 W Zygote  : forkRepeatedly terminated due to non-simple command
12-17 11:06:35.497   772   772 D Zygote  : mbuffer starts with 17, nice name is , mEnd = 923, mNext = 36, mLinesLeft = 15, mFd = 6
12-17 11:06:35.497  1121  2207 D SamsungAlarmManager: setInexact (T:3/F:0/AC:false) 20341215T110635 now=592875849 - CU:10043/CP:16148/OP:PendingIntent{9a3c1e: PendingIntentRecord{d30ecff com.google.android.gms/com.google.android.gms.container startService}}
12-17 11:06:35.497  1121  2207 V SamsungAlarmManager: setLocked to kernel - W:593331030 / NW:592882258, now=592875849
12-17 11:06:35.502  1121  2210 D DARUtil : Device owner status not updated yet...
12-17 11:06:35.502  1121  2210 D DARUtil : Not an enterprise user : 0
12-17 11:06:35.502  1121  2210 D DARUtil : Device owner status not updated yet...
12-17 11:06:35.502  1121  2210 D DARUtil : Not an enterprise user : 0
12-17 11:06:35.503  1979  1979 D IndicatorGardenInputProperty: updateRotation() prv:-1 >> new:0
12-17 11:06:35.503  1979  1979 D DeviceState: getDeviceResolutionPixelSize - currentDensity = 420 deviceDensity = 420 initialDisplaySizeFactor = 1440 currentDisplaySizeFactor = 1080 initialDisplayDensity = 560 proportionalDensity = 420 proportionalPixel = 66
12-17 11:06:35.503  1979  1979 D DeviceState: getDeviceResolutionPixelSize - currentDensity = 420 deviceDensity = 420 initialDisplaySizeFactor = 1440 currentDisplaySizeFactor = 1080 initialDisplayDensity = 560 proportionalDensity = 420 proportionalPixel = 27
12-17 11:06:35.503  1979  1979 D DeviceState: getDeviceResolutionPixelSize - currentDensity = 420 deviceDensity = 420 initialDisplaySizeFactor = 1440 currentDisplaySizeFactor = 1080 initialDisplayDensity = 560 proportionalDensity = 420 proportionalPixel = 24
12-17 11:06:35.504  1979  1979 D KeyguardVisibleMonitor: visibilityChanged 0 -> 4
12-17 11:06:35.504  1979  1979 V KeyguardDisplayManager: hide
12-17 11:06:35.505  1979  2237 D OpenGLRenderer: setSurface called with nullptr
12-17 11:06:35.505  1979  2237 D OpenGLRenderer: setSurface() destroyed EGLSurface
12-17 11:06:35.505  1979  2237 D OpenGLRenderer: destroyEglSurface
12-17 11:06:35.506  1121  1167 V WindowManager: Relayout Window{6dd39d u0 NotificationShade}: viewVisibility=4 req=1080x2280 d0
12-17 11:06:35.507  1121  1167 E WindowManager: win=Window{6dd39d u0 NotificationShade} destroySurfaces: appStopped=true win.mWindowRemovalAllowed=false win.mRemoveOnExit=false win.mViewVisibility=4 caller=com.android.server.wm.WindowManagerService.tryStartExitingAnimation:2951 com.android.server.wm.WindowManagerService.relayoutWindow:2675 com.android.server.wm.Session.relayout:242 android.view.IWindowSession$Stub.onTransact:790 com.android.server.wm.Session.onTransact:176 android.os.Binder.execTransactInternal:1220 android.os.Binder.execTransact:1179 
12-17 11:06:35.507  1121  1167 I WindowManager: Destroying surface Surface(name=NotificationShade$_1979)/@0x244cacc called by com.android.server.wm.WindowStateAnimator.destroySurface:987 com.android.server.wm.WindowStateAnimator.destroySurfaceLocked:518 com.android.server.wm.WindowState.destroySurfaceUnchecked:4229 com.android.server.wm.WindowState.destroySurface:4203 com.android.server.wm.WindowManagerService.tryStartExitingAnimation:2951 com.android.server.wm.WindowManagerService.relayoutWindow:2675 com.android.server.wm.Session.relayout:242 android.view.IWindowSession$Stub.onTransact:790 
12-17 11:06:35.509   961   961 D SurfaceFlinger: Display 4630947232161729153 HWC layers:
12-17 11:06:35.509   961   961 D SurfaceFlinger:      DEVICE | 0xb4000075a2e879c0 | 0100 | RGBx_8888    |  300.0    0.0 1380.0 2280.0 |    0    0 1080 2280 | Wallpaper BBQ wrapper#0
12-17 11:06:35.509   961   961 D SurfaceFlinger:      DEVICE | 0xb4000075a2e9e7f0 | 0100 | RGBA_8888    |  246.0  466.0  834.0 1706.0 |    0    0 1080 2280 | app.olauncher/app.olauncher.MainActivity$_14691#0
12-17 11:06:35.509   961   961 D SurfaceFlinger:      DEVICE | 0xb4000075a2ea4790 | 0100 | RGBA_8888    |    0.0    0.0 1080.0  112.0 |    0    0 1080  112 | StatusBar$_1979#0
12-17 11:06:35.509   961   961 D SurfaceFlinger:      DEVICE | 0xb4000075a2e9e490 | 0100 | RGBA_8888    |    0.0    0.0 1080.0 2280.0 |    0    0 1080 2280 | NotificationShade$_1979#0
12-17 11:06:35.509   961   961 D SurfaceFlinger:      DEVICE | 0xb4000075a2e6c270 | 0100 | RGBA_8888    |    0.0    0.0   67.0  329.0 | 1013  753 1080 1082 | com.samsung.android.app.cocktailbars[...]arservice.CocktailBarService$_9945#0
12-17 11:06:35.509   961   961 D SurfaceFlinger:      DEVICE | 0xb4000075a2ea04a0 | 0100 | RGBA_8888    |    0.0    0.0 1080.0  126.0 |    0 2154 1080 2280 | NavigationBar0$_1979#0
12-17 11:06:35.509   961   961 D SurfaceFlinger:      DEVICE | 0xb4000075a2ea2660 | 0100 | RGBA_8888    |    0.0    0.0  521.0   63.0 |  279 2217  800 2280 | c
12-17 11:06:35.510   961   961 D SurfaceFlinger: om.samsung.android.spay.pay.HintService$_14745#0
12-17 11:06:35.510   961   961 D SurfaceFlinger:      DEVICE | 0xb4000075a2e945f0 | 0100 | RGBA_8888    |    0.0    0.0 1080.0  798.0 |    0 1482 1080 2280 | FP VI$_4153#0
12-17 11:06:35.510   961   961 D SurfaceFlinger: 
12-17 11:06:35.510  1121  1167 V WindowManager: Relayout hash=6dd39d, pid=1979: mAttrs={(0,0)(fillxfill) gr=TOP CENTER_VERTICAL sim={adjust=resize} layoutInDisplayCutoutMode=always ty=2040 fmt=TRANSLUCENT
12-17 11:06:35.510  1121  1167 V WindowManager:   fl=81840048
12-17 11:06:35.510  1121  1167 V WindowManager:   pfl=1b000000
12-17 11:06:35.510  1121  1167 V WindowManager:   bhv=SHOW_TRANSIENT_BARS_BY_SWIPE naviIconColor=0
12-17 11:06:35.510  1121  1167 V WindowManager:   sfl=42000}
12-17 11:06:35.511  1979  1979 I ViewRootImpl@31a920c[NotificationShade]: Relayout returned: old=(0,0,1080,2280) new=(0,0,1080,2280) req=(1080,2280)4 dur=4 res=0x5 s={false 0} ch=true fn=34
12-17 11:06:35.511   961   961 I Layer   : id=84290 removedFromDrawingState NotificationShade$_1979#0 (130)
12-17 11:06:35.512  1979  1979 D KeyguardBottomAreaShortcutView: updateCameraVisibility isCameraDisabled:false visible:true
12-17 11:06:35.512  1979  1979 D KeyguardBottomAreaShortcutView: mIndicationArea margin start : 163, end : 163, bottom : 406
12-17 11:06:35.512  1979  1979 D QS      : setQSExpansion 0.0 -140.0
12-17 11:06:35.513  1979  1979 D QS      : setQSExpansion 0.0 -140.0
12-17 11:06:35.513  6355  6355 I [MCFServer]_BleScanner(BA): startScan - t - BAScanPolicy{, IDs={17}}
12-17 11:06:35.513  6355  6355 I BluetoothAdapter: STATE_BLE_ON
12-17 11:06:35.514   961  1020 I SurfaceFlinger: id=84290 Removed NotificationShade$_1979#0 (130)
12-17 11:06:35.515  6355  6355 I BluetoothAdapter: appoCount is = 1 G/S = 4/3
12-17 11:06:35.515  6355  6355 I BluetoothAdapter: STATE_BLE_ON
12-17 11:06:35.516  6355  6355 I BluetoothAdapter: appoCount is = 1 G/S = 4/3
12-17 11:06:35.516  6355  6355 I BluetoothAdapter: STATE_BLE_ON
12-17 11:06:35.516  6355  6355 I BluetoothAdapter: appoCount is = 1 G/S = 4/3
12-17 11:06:35.517  4107  4121 D BtGatt.ContextMap: add() - appUid: 10404, appPid: 6355, appName: com.samsung.android.mcfserver
12-17 11:06:35.518  4107  4312 D BtGatt.GattService: onScannerRegistered() - UUID=2e3f7008-8b09-4524-96a3-94168bc9620c, scannerId=8, status=0
12-17 11:06:35.519  4107  4121 I BluetoothAdapter: STATE_BLE_ON
12-17 11:06:35.519  1121  4470 D DARUtil : Device owner status not updated yet...
12-17 11:06:35.519  1121  4470 D DARUtil : Not an enterprise user : 0
12-17 11:06:35.519  1121  4470 D DARUtil : Device owner status not updated yet...
12-17 11:06:35.519  1121  4470 D DARUtil : Not an enterprise user : 0
12-17 11:06:35.520  4107  4121 I BluetoothAdapter: bleAppCnt is = 4
12-17 11:06:35.521  4107  4367 I BluetoothAdapter: STATE_BLE_ON
12-17 11:06:35.521  1979  1979 W Looper  : Slow dispatch took 18ms main h=android.view.Choreographer$FrameHandler c=android.view.Choreographer$FrameDisplayEventReceiver@993bd09 m=0
12-17 11:06:35.522  1121  4471 D BiometricService: canAuthenticate: User=0, Caller=0, Authenticators=255
12-17 11:06:35.522  1121  4471 D DARUtil : Device owner status not updated yet...
12-17 11:06:35.522  1121  4471 D DARUtil : Not an enterprise user : 0
12-17 11:06:35.522  1121  4471 D DARUtil : Device owner status not updated yet...
12-17 11:06:35.522  1121  4471 D DARUtil : Not an enterprise user : 0
12-17 11:06:35.522  1979  1979 V KeyguardUpdateMonitor: *** unregister callback for com.android.keyguard.punchhole.KeyguardPunchHoleVIView$3@fb295e2
12-17 11:06:35.522  4107  4367 I BluetoothAdapter: appoCount is = 1 G/S = 4/3
12-17 11:06:35.522  1121  4471 D BiometricService/PreAuthInfo: create: true, true, false, ff, 0
12-17 11:06:35.522  1979  1979 V SettingsHelper: *** unregister listener for com.android.keyguard.punchhole.KeyguardPunchHoleVIView$$ExternalSyntheticLambda2@780dd73
12-17 11:06:35.522  1121  4471 D BiometricService/PreAuthInfo: Package: com.google.android.gms Sensor ID: 0 Modality: 2 Status: 1
12-17 11:06:35.522  4107  4367 I BluetoothAdapter: STATE_BLE_ON
12-17 11:06:35.522  4217  4242 I SemBioFaceService: getSL : 2 (2), 1121, Lock = false
12-17 11:06:35.523  4107  4370 W BtGatt.GattService: checkToReportData before boot completed
12-17 11:06:35.523  4107  4370 E BtGatt.GattService: [GSIM LOG]: gsimLogHandler, msg: MESSAGE_SCAN_START, appName: com.samsung.android.mcfserver, scannerId: 8, reportDelayMillis=0
12-17 11:06:35.523  4107  4367 I BluetoothAdapter: appoCount is = 1 G/S = 4/3
12-17 11:06:35.523  4107  4367 I BluetoothAdapter: STATE_BLE_ON
12-17 11:06:35.523  4107  4367 I BluetoothAdapter: appoCount is = 1 G/S = 4/3
12-17 11:06:35.523  1121  4487 D PackageManager: setEnabledSetting : userId = 0 packageName = com.google.android.gms cmp = com.google.android.gms.nearby.mediums.nearfieldcommunication.NfcAdvertisingService newState = 1 callingPackage = 10043/com.google.android.gms.persistent
12-17 11:06:35.523  1979  1979 D IndicatorGardenInputProperty: updateRotation() prv:-1 >> new:0
12-17 11:06:35.524  1979  1979 D DeviceState: getDeviceResolutionPixelSize - currentDensity = 420 deviceDensity = 420 initialDisplaySizeFactor = 1440 currentDisplaySizeFactor = 1080 initialDisplayDensity = 560 proportionalDensity = 420 proportionalPixel = 66
12-17 11:06:35.524  1979  1979 D DeviceState: getDeviceResolutionPixelSize - currentDensity = 420 deviceDensity = 420 initialDisplaySizeFactor = 1440 currentDisplaySizeFactor = 1080 initialDisplayDensity = 560 proportionalDensity = 420 proportionalPixel = 27
12-17 11:06:35.524  1979  1979 D DeviceState: getDeviceResolutionPixelSize - currentDensity = 420 deviceDensity = 420 initialDisplaySizeFactor = 1440 currentDisplaySizeFactor = 1080 initialDisplayDensity = 560 proportionalDensity = 420 proportionalPixel = 24
12-17 11:06:35.524  1979  1979 W Looper  : Drained
12-17 11:06:35.525  4543  4543 E earchbox:searc: Not starting debugger since process cannot load the jdwp agent.
12-17 11:06:35.526   772   772 D Zygote  : Forked child process 4575
12-17 11:06:35.526   961   961 D SurfaceFlinger: Display 4630947232161729153 HWC layers:
12-17 11:06:35.526   961   961 D SurfaceFlinger:      DEVICE | 0xb4000075a2e879c0 | 0100 | RGBx_8888    |  300.0    0.0 1380.0 2280.0 |    0    0 1080 2280 | Wallpaper BBQ wrapper#0
12-17 11:06:35.526   961   961 D SurfaceFlinger:      DEVICE | 0xb4000075a2e9e7f0 | 0100 | RGBA_8888    |  223.0  422.0  857.0 1760.0 |    0    0 1080 2280 | app.olauncher/app.olauncher.MainActivity$_14691#0
12-17 11:06:35.526   961   961 D SurfaceFlinger:      DEVICE | 0xb4000075a2ea4790 | 0100 | RGBA_8888    |    0.0    0.0 1080.0  112.0 |    0    0 1080  112 | StatusBar$_1979#0
12-17 11:06:35.526   961   961 D SurfaceFlinger:      DEVICE | 0xb4000075a2e6c270 | 0100 | RGBA_8888    |    0.0    0.0   67.0  329.0 | 1013  753 1080 1082 | com.samsung.android.app.cocktailbars[...]arservice.CocktailBarService$_9945#0
12-17 11:06:35.526   961   961 D SurfaceFlinger:      DEVICE | 0xb4000075a2ea04a0 | 0100 | RGBA_8888    |    0.0    0.0 1080.0  126.0 |    0 2154 1080 2280 | NavigationBar0$_1979#0
12-17 11:06:35.526   961   961 D SurfaceFlinger:      DEVICE | 0xb4000075a2ea2660 | 0100 | RGBA_8888    |    0.0    0.0  521.0   63.0 |  279 2217  800 2280 | com.samsung.android.spay.pay.HintService$_14745#0
12-17 11:06:35.526   961   961 D SurfaceFlinger:      DEVICE | 0xb4000075a2ea1a00 | 0100 | RGBA_8888    |    0.0    0.0 1080.0  798.0 |
12-17 11:06:35.526   961   961 D SurfaceFlinger:     0 1482 1080 2280 | FP VI$_4153#0
12-17 11:06:35.526   961   961 D SurfaceFlinger: 
12-17 11:06:35.527 21500 16880 I Nearby  : (REDACTED) Beginning attempt #%d out of %d for %s...
12-17 11:06:35.528   961   961 I Layer   : id=84290 Destroyed NotificationShade$_1979#0
12-17 11:06:35.529  4543  4543 E USNET   : USNET: appName: com.google.android.googlequicksearchbox:search
12-17 11:06:35.529  4107  4367 D BtGatt.ScanManager: configureFilterParamter() : onFoundTimeout | onLostTimeout | onFoundCount | numOfTrackingEntries | scanFilterRssiThreshold | trackableScanFilterRssiThreshold | matchMode
12-17 11:06:35.529  4107  4367 D BtGatt.ScanManager: configureFilterParamter() : __________500__|________10000__|___________1__|___________________0__|___________________-128__|____________________________-128__|________1_
12-17 11:06:35.529  1121  2207 D DARUtil : is enterprise user : 150
12-17 11:06:35.530  4543  4543 D ProcessState: Binder ioctl to enable oneway spam detection failed: Invalid argument
12-17 11:06:35.532  4543  4543 D ActivityThread: setConscryptValidator
12-17 11:06:35.532  4107  4367 D BtGatt.ScanManager: configureFilterParamter() : onFoundTimeout | onLostTimeout | onFoundCount | numOfTrackingEntries | scanFilterRssiThreshold | trackableScanFilterRssiThreshold | matchMode
12-17 11:06:35.532  1121  4471 D BiometricService/PreAuthInfo: Package: com.google.android.gms Sensor ID: 1 Modality: 8 Status: 7
12-17 11:06:35.532  4107  4367 D BtGatt.ScanManager: configureFilterParamter() : __________500__|________10000__|___________1__|___________________0__|___________________-128__|____________________________-128__|________1_
12-17 11:06:35.532  4543  4543 D ActivityThread: setConscryptValidator - put
12-17 11:06:35.532  1121  4471 D BiometricService/PreAuthInfo: getCanAuthenticateInternal Modality: 2 AuthenticatorStatus: 1
12-17 11:06:35.532  1121  4471 D AuthService: canAuthenticate, userId: 0, callingUserId: 0, authenticators: 255, result: 0
12-17 11:06:35.533  1121  1485 I ActivityManager: Start proc 4575:com.google.android.gms/u150a43 for service {com.google.android.gms/com.google.android.gms.chimera.GmsIntentOperationService}
12-17 11:06:35.534 21500 16880 I NearbyMediums: BluetoothAdapter's name was not set by Nearby Connections, ignoring call to restore default scan mode.
12-17 11:06:35.534  1121  2208 D SamsungAlarmManager: setInexact (T:3/F:0/AC:false) 20241217T110650 now=592875886 - CU:10043/CP:16148/OP:PendingIntent{3f2edcd: PendingIntentRecord{c71e682 com.google.android.gms/com.google.android.gms.auth_authzen__phone startService}}
12-17 11:06:35.535  1121  2208 V SamsungAlarmManager: setLocked to kernel - W:593331030 / NW:592882258, now=592875886
12-17 11:06:35.535 21500 16880 I NearbyMediums: BluetoothAdapter's name was not set by Nearby Connections, ignoring call to restore device name
12-17 11:06:35.536  1121  4471 D SamsungAlarmManager: Cancel Alarm calling from uid:10043 pid :16148 / OP:PendingIntent{b46f193: PendingIntentRecord{581d5d0 com.google.android.gms/com.google.android.gms.personalsafety broadcastIntent}}
12-17 11:06:35.538  1214  1894 I bauth_FPBAuthService: FPBAuthService, 10228
12-17 11:06:35.538  1121  2207 I ActivityManager: DSS OFF for com.google.android.googlequicksearchbox
12-17 11:06:35.538 16148 16148 D BoundBrokerSvc: onBind: Intent { act=com.google.android.gms.pay.service.BIND dat=chimera-action: cmp=com.google.android.gms/.chimera.GmsApiService }
12-17 11:06:35.538  1214  1894 I bauth_FPBAuthService: cbmd
12-17 11:06:35.538  1214  1894 I bauth_FPBAuthService: swipc
12-17 11:06:35.538  1214  1894 I bauth_FPQCBAuthSensorControl: FPQCBAuthSensorControl, 311
12-17 11:06:35.538  1214  1894 I qfp-vendorlib: QFPControl_DeviceEnableIPC 1
12-17 11:06:35.538 16148 16148 D BoundBrokerSvc: Loading bound service for intent: Intent { act=com.google.android.gms.pay.service.BIND dat=chimera-action: cmp=com.google.android.gms/.chimera.GmsApiService }
12-17 11:06:35.538  1214  1894 I bauth_FPBAuthService: wwipc
12-17 11:06:35.538  1214  1894 I qfp-vendorlib: QFPControl_DeviceWaitIPC Entry!!!
12-17 11:06:35.540  1121  2207 D ActivityManager: attachApplicationLocked() app=ProcessRecord{d6da7c2 4543:com.google.android.googlequicksearchbox:search/u0a113} app.isolatedEntryPoint=null instr2=null
12-17 11:06:35.543 16148  4562 I PersonalSafety: ConnectivityProtectionLockingIntentOperation: cancelled task [CONTEXT service_id=310 ]
12-17 11:06:35.544 20953  4584 I TapAndPay: deviceSupportsTokenization: managed profile [CONTEXT service_id=79 ]
12-17 11:06:35.544  1121  4471 D DARUtil : Device owner status not updated yet...
12-17 11:06:35.544  1121  4471 D DARUtil : Not an enterprise user : 0
12-17 11:06:35.544  1121  4471 D DARUtil : Device owner status not updated yet...
12-17 11:06:35.544  1121  4471 D DARUtil : Not an enterprise user : 0
12-17 11:06:35.547  1121  4470 D PackageManager: setEnabledSetting : userId = 150 packageName = com.google.android.gms cmp = com.google.android.gms.nearby.mediums.nearfieldcommunication.NfcAdvertisingService newState = 2 callingPackage = 15010043/com.google.android.gms.persistent
12-17 11:06:35.547  1121  4470 D DARUtil : is enterprise user : 150
12-17 11:06:35.548 20953 21323 I Nearby  : (REDACTED) Beginning attempt #%d out of %d for %s...
12-17 11:06:35.549 20953 21323 I NearbyMediums: BluetoothAdapter's name was not set by Nearby Connections, ignoring call to restore default scan mode.
12-17 11:06:35.551 16148 16148 D BoundBrokerSvc: onBind: Intent { act=com.google.android.gms.auth.cryptauth.cryptauthservice.START dat=chimera-action: cmp=com.google.android.gms/.chimera.GmsBoundBrokerService }
12-17 11:06:35.551 16148 16148 D BoundBrokerSvc: Loading bound service for intent: Intent { act=com.google.android.gms.auth.cryptauth.cryptauthservice.START dat=chimera-action: cmp=com.google.android.gms/.chimera.GmsBoundBrokerService }
12-17 11:06:35.552 20953 21323 I NearbyMediums: BluetoothAdapter's name was not set by Nearby Connections, ignoring call to restore device name
12-17 11:06:35.553  4543  4543 D ActivityThread: handleBindApplication()++ app=com.google.android.googlequicksearchbox:search
12-17 11:06:35.554  4543  4543 D CompatibilityChangeReporter: Compat change id reported: 171979766; UID 10113; state: ENABLED
12-17 11:06:35.563 16148  4563 I Fido    : [FidoV2EnrollmentController] Execute registerFor API
12-17 11:06:35.569  1121  2055 V MdnieScenarioControlService: mAclOffEnabled : true mAclPreviewState : false mAclCompensationState : false
12-17 11:06:35.569  1121  2055 D AdaptiveDisplaySolutionService: setAutoCurrentLimitStateInt(1) , mADSEnableCondition : true
12-17 11:06:35.569  1121  2055 I AdaptiveDisplaySolutionService: updateAdaptiveControlStateInt(1)
12-17 11:06:35.569  1121  2055 D AdaptiveDisplaySolutionService: [AdaptiveControl]: ACL ON (1)
12-17 11:06:35.569  1121  2055 V MdnieScenarioControlService: mAutoCurrentLimitOffState : false
12-17 11:06:35.571 16148 23801 I CryptauthV2: [HaveKeyWithKeyNameOperation] Have key with key name operation is called.
12-17 11:06:35.571  4575  4575 E gle.android.gm: Not starting debugger since process cannot load the jdwp agent.
12-17 11:06:35.572  4575  4575 E USNET   : USNET: appName: com.google.android.gms
12-17 11:06:35.573  4575  4575 D ProcessState: Binder ioctl to enable oneway spam detection failed: Invalid argument
12-17 11:06:35.575  4575  4575 D ActivityThread: setConscryptValidator
12-17 11:06:35.576  4575  4575 D ActivityThread: setConscryptValidator - put
12-17 11:06:35.578  1121  4487 I ActivityManager: DSS OFF for com.google.android.gms
12-17 11:06:35.580  1121  4487 D ActivityManager: attachApplicationLocked() app=ProcessRecord{42ee859 4575:com.google.android.gms/u150a43} app.isolatedEntryPoint=null instr2=null
12-17 11:06:35.584  4575  4575 D ActivityThread: handleBindApplication()++ app=com.google.android.gms
12-17 11:06:35.585  4575  4575 D CompatibilityChangeReporter: Compat change id reported: 171979766; UID 15010043; state: ENABLED
12-17 11:06:35.592   679   679 D io_stats: !@   8,0 r 40910717 834505044 w 16009334 260056596 d 0 0 f 0 0 iot 18580670 0 th 0 0 0 pt 0 inp 0 0 324131.972
12-17 11:06:35.601  1214  1893 I bauth_FPBAuthService: pcf : 0x1012, 2 ,1 ,0 ,0 ,0 ,0, 6.0.0.4
12-17 11:06:35.601  1214  1893 I bauth_FPBAuthService: thread id : 1, preenroll_flag : 0, nd cnt : 0, cso : 0, et : 0
12-17 11:06:35.601  1214  1893 I bauth_FPBAuthService: FPBAuthService, 11702
12-17 11:06:35.607   852  4454 I HYPER-HAL: [RequestManager.cpp]releaseLocked(): Released ID : 664159
12-17 11:06:35.617  1121  1863 D SemNscXgbMsL1: Probability - Cloud gaming: [0.0022141037]
12-17 11:06:35.617  1121  1863 D SemNscXgbMsL1: Probability - Real time: [0.035187963]
12-17 11:06:35.617  1121  1863 D SemNscXgbMsL1: Probability - Non real time: [0.93817675]
12-17 11:06:35.617  1121  1863 D SemNscXgbMsL1: 1 sample inference time: 0.40901 msecs
12-17 11:06:35.618  1121  1863 D SemNscXgbL2Rt: L2 RT 1 sample inference time: 0.352813 msecs
12-17 11:06:35.618  1121  1863 D SemNscXgbL2Nrt: L2 NRT 1 sample inference time: 0.29651 msecs
12-17 11:06:35.627  4575  4575 W gle.android.gm: JIT profile information will not be recorded: profile file does not exist.
12-17 11:06:35.627  4575  4575 W gle.android.gm: JIT profile information will not be recorded: profile file does not exist.
12-17 11:06:35.648  4575  4575 V GraphicsEnvironment: ANGLE Developer option for 'com.google.android.gms' set to: 'default'
12-17 11:06:35.650  4575  4575 D LoadedApk: LoadedApk::makeApplication() appContext.mOpPackageName=com.google.android.gms appContext.mBasePackageName=com.google.android.gms
12-17 11:06:35.650  4575  4575 D NetworkSecurityConfig: Using Network Security Config from resource network_security_config debugBuild: false
12-17 11:06:35.690  1214  4150 I bauth_TLC_Communicator: Check the Trustlet return code is completed
12-17 11:06:35.690  1214  4150 I bauth_FPBAuthService: FPBAuthService, 6490
12-17 11:06:35.690  1214  4150 I bauth_FPBAuthService: check_opcode status = 2, opcode = 7, func_ret_val = 0, function_status = 2, timeout = 0
12-17 11:06:35.695  4543  4543 W earchbox:searc: Entry not found
12-17 11:06:35.696  4543  4543 W earchbox:searc: Entry not found
12-17 11:06:35.700  4543  4543 W earchbox:searc: JIT profile information will not be recorded: profile file does not exist.
12-17 11:06:35.700  4543  4543 W earchbox:searc: JIT profile information will not be recorded: profile file does not exist.
12-17 11:06:35.702  4575  4575 D NetworkSecurityConfig: Using Network Security Config from resource network_security_config debugBuild: false
12-17 11:06:35.706 20953 21159 W .gms.persisten: Long monitor contention with owner main (20953) at void android.app.QueuedWork.processPendingWork()(QueuedWork.java:273) waiters=0 in void android.app.QueuedWork.processPendingWork() for 155ms
12-17 11:06:35.707 20953 20953 I RCNIntentOperation: RCN is disabled on this network.
12-17 11:06:35.708 21500 21500 I RCNIntentOperation: RCN is disabled on this network.
12-17 11:06:35.710  1121  4471 D DARUtil : Device owner status not updated yet...
12-17 11:06:35.710  1121  4471 D DARUtil : Not an enterprise user : 0
12-17 11:06:35.710  1121  4471 D DARUtil : Device owner status not updated yet...
12-17 11:06:35.710  1121  4471 D DARUtil : Not an enterprise user : 0
12-17 11:06:35.712  4543  4543 V GraphicsEnvironment: ANGLE Developer option for 'com.google.android.googlequicksearchbox' set to: 'default'
12-17 11:06:35.713  4543  4543 D LoadedApk: LoadedApk::makeApplication() appContext.mOpPackageName=com.google.android.googlequicksearchbox appContext.mBasePackageName=com.google.android.googlequicksearchbox
12-17 11:06:35.714  4543  4543 D NetworkSecurityConfig: Using Network Security Config from resource network_security_config debugBuild: false
12-17 11:06:35.716  4543  4543 D NetworkSecurityConfig: Using Network Security Config from resource network_security_config debugBuild: false
12-17 11:06:35.721  4543  4607 W ResourcesOffloading: An exception occurred : 
12-17 11:06:35.721  4543  4607 W ResourcesOffloading: android.content.res.Resources$NotFoundException: Resource ID #0x7f0802fd
12-17 11:06:35.721  4543  4607 W ResourcesOffloading: 	at android.content.res.ResourcesImpl.getValueForDensity(ResourcesImpl.java:249)
12-17 11:06:35.721  4543  4607 W ResourcesOffloading: 	at android.content.res.Resources.offloadDrawable(Resources.java:2826)
12-17 11:06:35.721  4543  4607 W ResourcesOffloading: 	at android.app.ResourcesOffloading$ResourcesOffloadingRunnable.run(ResourcesOffloading.java:82)
12-17 11:06:35.721  4543  4607 W ResourcesOffloading: 	at java.lang.Thread.run(Thread.java:920)
12-17 11:06:35.722  1979  2206 D KeyguardUpdateMonitor: broadcast intent= Intent { act=com.samsung.keyguard.KEYGUARD_STATE_UPDATE (has extras) }
12-17 11:06:35.723  1979  2206 D KeyguardUpdateMonitor: sendBiometricUnlockState type=FINGERPRINT biometricId=4
12-17 11:06:35.724  9945  9945 I TrayVisibilityController: TrayVisibilityReceiver action :com.samsung.keyguard.KEYGUARD_STATE_UPDATE
12-17 11:06:35.724 14745 14745 I SAMSUNGWALLET: [Hint_PayHintService] onReceive() action=com.samsung.keyguard.KEYGUARD_STATE_UPDATE
12-17 11:06:35.724 14745 14745 I SAMSUNGWALLET: [Hint_PayHintService] Lock Status - update, showing : false , bouncer showing : false , occluded : false , timestamp : 1734462395722
12-17 11:06:35.725  1121  3238 D DARUtil : Device owner status not updated yet...
12-17 11:06:35.725  1121  3238 D DARUtil : Not an enterprise user : 0
12-17 11:06:35.725  1121  3238 D DARUtil : Device owner status not updated yet...
12-17 11:06:35.725  1121  3238 D DARUtil : Not an enterprise user : 0
12-17 11:06:35.726  9945  9945 I AbstractCocktailPanelView: removeSecurityView Apps
12-17 11:06:35.726  4543  4543 I MultiDex: VM with version 2.1.0 has multidex support
12-17 11:06:35.726  4543  4543 I MultiDex: Installing application
12-17 11:06:35.726  4543  4543 I MultiDex: VM has multidex support, MultiDex support library is disabled.
12-17 11:06:35.727  1979 10214 D SamsungAnalytics605033: SendLog Result = 0
12-17 11:06:35.730  1979  2206 D KnoxStateMonitorImpl: removeCallback() callback=com.android.keyguard.CarrierTextManager$4@83045f9
12-17 11:06:35.730  1979  2206 D KnoxStateMonitorImpl: removeCallback() mCallbacks has same callback
12-17 11:06:35.730  1979  1979 V KeyguardUpdateMonitor: *** unregister callback for com.android.keyguard.CarrierTextManager$2@9d53ead
12-17 11:06:35.732  1121  4487 D CompatibilityChangeReporter: Compat change id reported: 135634846; UID 15010043; state: DISABLED
12-17 11:06:35.732  1121  4487 D CompatibilityChangeReporter: Compat change id reported: 177438394; UID 15010043; state: DISABLED
12-17 11:06:35.732  1121  4487 D CompatibilityChangeReporter: Compat change id reported: 135772972; UID 15010043; state: DISABLED
12-17 11:06:35.732  1121  4487 D CompatibilityChangeReporter: Compat change id reported: 135754954; UID 15010043; state: ENABLED
12-17 11:06:35.733  1121  1485 D CompatibilityChangeReporter: Compat change id reported: 143937733; UID 15010043; state: ENABLED
12-17 11:06:35.733   772   772 W Zygote  : forkRepeatedly terminated due to non-simple command
12-17 11:06:35.733   772   772 D Zygote  : mbuffer starts with 17, nice name is , mEnd = 949, mNext = 36, mLinesLeft = 15, mFd = 6
12-17 11:06:35.736  4543  4543 D ProcessLifecycleG3: androidx.startup is not available, initializing using ProcessLifecycleOwnerInitializer instead.
12-17 11:06:35.739  4543  4543 D ActivityThread: handleBindApplication() --
12-17 11:06:35.741   772   772 D Zygote  : Forked child process 4617
12-17 11:06:35.742  1121  1485 I ActivityManager: Start proc 4617:com.google.process.gservices/u150a43 for content provider {com.google.android.gsf/com.google.android.gsf.gservices.GservicesProvider}
12-17 11:06:35.744  1121  2009 D LockSettingsService: !@setLong : lockscreen.lockoutattemptdeadline = 0, sendLockTypeChangedInfo
12-17 11:06:35.744  1121  2009 D LockSettingsStorage: mLockTypeCallback for Dex is null!!
12-17 11:06:35.744  1979  2656 D KeyguardUpdateMonitor: mSecureLockChangedCallback sendResult : secureState 32
12-17 11:06:35.744  1979  1979 D KeyguardUpdateMonitor: handleSecureStateChanged secureState : 32 isSecureStateUpdated : false, isOwnerInfoStateUpdated : false
12-17 11:06:35.759  1979 10214 D SamsungAnalytics605033: SendLog Result = 0
12-17 11:06:35.765  4617  4617 E ocess.gservice: Not starting debugger since process cannot load the jdwp agent.
12-17 11:06:35.766  4617  4617 E USNET   : USNET: appName: com.google.process.gservices
12-17 11:06:35.767  4617  4617 D ProcessState: Binder ioctl to enable oneway spam detection failed: Invalid argument
12-17 11:06:35.768  1121  2009 D LockSettingsService: !@setLong : lockscreen.lockout_biometric_attempt_deadline = 0, sendLockTypeChangedInfo
12-17 11:06:35.769  1121  2009 D LockSettingsStorage: mLockTypeCallback for Dex is null!!
