12-17 11:06:36.548  2577  7050 I ViewRootImpl@90fb52a[RecentsActivity]: mWNT: t = android.view.SurfaceControl$Transaction@92d637a fN = 20 com.android.systemui.shared.system.ViewRootImplCompat.mergeWithNextTransaction:62 com.android.quickstep.util.SurfaceTransactionApplier.lambda$scheduleApply$0$SurfaceTransactionApplier:94 com.android.quickstep.util.-$$Lambda$SurfaceTransactionApplier$Xj9m0ayWHIr2xvQnKB4EJdxg8RU.accept:6 
12-17 11:06:36.548  2577  7050 I ViewRootImpl@90fb52a[RecentsActivity]: mWNT: merge t to BBQ
12-17 11:06:36.562   961   961 E SurfaceFlinger: Attempt to update InputPolicyFlags without permission ACCESS_SURFACE_FLINGER
12-17 11:06:36.562  2577  2577 I AbsSwipeUpHandler: computeRecentsScrollIfInvisible
12-17 11:06:36.562  2577  2577 I AbsSwipeUpHandler: updateSysUiFlags, windowProgress : 0.99075943
12-17 11:06:36.563  2577  2577 I RecentsAnimationController: setWillFinishToHome, willFinishToHome : true
12-17 11:06:36.564  2577  7051 I ViewRootImpl@90fb52a[RecentsActivity]: mWNT: t = android.view.SurfaceControl$Transaction@6feb72b fN = 21 com.android.systemui.shared.system.ViewRootImplCompat.mergeWithNextTransaction:62 com.android.quickstep.util.SurfaceTransactionApplier.lambda$scheduleApply$0$SurfaceTransactionApplier:94 com.android.quickstep.util.-$$Lambda$SurfaceTransactionApplier$Xj9m0ayWHIr2xvQnKB4EJdxg8RU.accept:6 
12-17 11:06:36.564  2577  7051 I ViewRootImpl@90fb52a[RecentsActivity]: mWNT: merge t to BBQ
12-17 11:06:36.567  6355  6355 I [MCFServer]_BleScanner(Caster): buildScanFilters -  # of service = 2, Data = [021400000501], Mask = [FFFF0000FFFF]
12-17 11:06:36.567  6355  6355 I [MCFServer]_BleScanner(Caster): startScan - t - 
12-17 11:06:36.568  6355  6355 I BluetoothAdapter: STATE_BLE_ON
12-17 11:06:36.568  6355  6355 I BluetoothAdapter: appoCount is = 1 G/S = 4/3
12-17 11:06:36.568  6355  6355 I BluetoothAdapter: STATE_BLE_ON
12-17 11:06:36.569  6355  6355 I BluetoothAdapter: appoCount is = 1 G/S = 4/3
12-17 11:06:36.569  6355  6355 I BluetoothAdapter: STATE_BLE_ON
12-17 11:06:36.569  6355  6355 I BluetoothAdapter: appoCount is = 1 G/S = 4/3
12-17 11:06:36.571  4107  4121 D BtGatt.ContextMap: add() - appUid: 10404, appPid: 6355, appName: com.samsung.android.mcfserver
12-17 11:06:36.571  4107  4312 D BtGatt.GattService: onScannerRegistered() - UUID=8794e621-3891-4ea6-a415-b69f63214637, scannerId=9, status=0
12-17 11:06:36.572  4107  4121 I BluetoothAdapter: STATE_BLE_ON
12-17 11:06:36.572  4107  4121 I BluetoothAdapter: bleAppCnt is = 4
12-17 11:06:36.573  4107  4367 I BluetoothAdapter: STATE_BLE_ON
12-17 11:06:36.573  4107  4367 I BluetoothAdapter: appoCount is = 1 G/S = 4/3
12-17 11:06:36.574  4107  4367 I BluetoothAdapter: STATE_BLE_ON
12-17 11:06:36.574  4107  4367 I BluetoothAdapter: appoCount is = 1 G/S = 4/3
12-17 11:06:36.574  4107  4367 I BluetoothAdapter: STATE_BLE_ON
12-17 11:06:36.574  4107  4370 W BtGatt.GattService: checkToReportData before boot completed
12-17 11:06:36.574  4107  4367 I BluetoothAdapter: appoCount is = 1 G/S = 4/3
12-17 11:06:36.575  4107  4370 E BtGatt.GattService: [GSIM LOG]: gsimLogHandler, msg: MESSAGE_SCAN_START, appName: com.samsung.android.mcfserver, scannerId: 9, reportDelayMillis=0
12-17 11:06:36.577  4107  4367 D BtGatt.ScanManager: configureFilterParamter() : onFoundTimeout | onLostTimeout | onFoundCount | numOfTrackingEntries | scanFilterRssiThreshold | trackableScanFilterRssiThreshold | matchMode
12-17 11:06:36.577  4107  4367 D BtGatt.ScanManager: configureFilterParamter() : __________500__|________10000__|___________1__|___________________0__|___________________-128__|____________________________-128__|________1_
12-17 11:06:36.579   961   961 E SurfaceFlinger: Attempt to update InputPolicyFlags without permission ACCESS_SURFACE_FLINGER
12-17 11:06:36.579  2577  2577 I AbsSwipeUpHandler: computeRecentsScrollIfInvisible
12-17 11:06:36.579  2577  2577 I AbsSwipeUpHandler: updateSysUiFlags, windowProgress : 0.9957116
12-17 11:06:36.579  2577  2577 I RecentsAnimationController: setWillFinishToHome, willFinishToHome : true
12-17 11:06:36.581  2577  7050 I ViewRootImpl@90fb52a[RecentsActivity]: mWNT: t = android.view.SurfaceControl$Transaction@c854788 fN = 22 com.android.systemui.shared.system.ViewRootImplCompat.mergeWithNextTransaction:62 com.android.quickstep.util.SurfaceTransactionApplier.lambda$scheduleApply$0$SurfaceTransactionApplier:94 com.android.quickstep.util.-$$Lambda$SurfaceTransactionApplier$Xj9m0ayWHIr2xvQnKB4EJdxg8RU.accept:6 
12-17 11:06:36.581  2577  7050 I ViewRootImpl@90fb52a[RecentsActivity]: mWNT: merge t to BBQ
12-17 11:06:36.595   961   961 E SurfaceFlinger: Attempt to update InputPolicyFlags without permission ACCESS_SURFACE_FLINGER
12-17 11:06:36.596  2577  2577 I AbsSwipeUpHandler: computeRecentsScrollIfInvisible
12-17 11:06:36.596  2577  2577 I AbsSwipeUpHandler: updateSysUiFlags, windowProgress : 0.99859476
12-17 11:06:36.596  2577  2577 I RecentsAnimationController: setWillFinishToHome, willFinishToHome : true
12-17 11:06:36.597  2577  2577 I SuggestedAppsAnimationCreator: enter animator end
12-17 11:06:36.598  2577  7051 I ViewRootImpl@90fb52a[RecentsActivity]: mWNT: t = android.view.SurfaceControl$Transaction@bbb1521 fN = 23 com.android.systemui.shared.system.ViewRootImplCompat.mergeWithNextTransaction:62 com.android.quickstep.util.SurfaceTransactionApplier.lambda$scheduleApply$0$SurfaceTransactionApplier:94 com.android.quickstep.util.-$$Lambda$SurfaceTransactionApplier$Xj9m0ayWHIr2xvQnKB4EJdxg8RU.accept:6 
12-17 11:06:36.598  2577  7051 I ViewRootImpl@90fb52a[RecentsActivity]: mWNT: merge t to BBQ
12-17 11:06:36.601  1214  1893 I bauth_FPBAuthService: pcf : 0x1011, 0 ,3 ,0 ,0 ,0 ,0, 6.0.0.4
12-17 11:06:36.601  1214  1893 I bauth_FPBAuthService: qskcu
12-17 11:06:36.601  1214  1893 I bauth_service: BAuthService, 96
12-17 11:06:36.601  1214  1893 I bauth_FPBAuthService: FPBAuthService, 11702
12-17 11:06:36.612   961   961 E SurfaceFlinger: Attempt to update InputPolicyFlags without permission ACCESS_SURFACE_FLINGER
12-17 11:06:36.613  2577  2577 I AbsSwipeUpHandler: computeRecentsScrollIfInvisible
12-17 11:06:36.613  2577  2577 I AbsSwipeUpHandler: updateSysUiFlags, windowProgress : 1.0
12-17 11:06:36.613  2577  2577 I RecentsAnimationController: setWillFinishToHome, willFinishToHome : true
12-17 11:06:36.614  2577  2577 I AbsSwipeUpHandler: windowAnim onAnimationSuccess
12-17 11:06:36.614  2577  2577 I MultiStateCallback: [206658828] Adding [STATE_END_TARGET_ANIMATION_FINISHED (2)] to [STATE_END_TARGET_SET, STATE_RECENTS_ANIMATION_INITIALIZED, STATE_RECENTS_ANIMATION_STARTED, STATE_RECENTS_SCROLLING_FINISHED (269)]
12-17 11:06:36.614  2577  2577 I AbsSwipeUpHandler: continueComputingRecentsScrollIfNecessary
12-17 11:06:36.614  2577  2577 I AbsSwipeUpHandler: onSettledOnEndTarget
12-17 11:06:36.614  2577  2577 I AbsSwipeUpHandler: maybeUpdateRecentsAttachedState, animate : false
12-17 11:06:36.614  2577  2577 I MultiStateCallback: [21811357] Adding [STATE_SCALED_CONTROLLER_RECENTS, STATE_CAPTURE_SCREENSHOT, STATE_SCREENSHOT_VIEW_SHOWN (5152)] to [STATE_LAUNCHER_PRESENT, STATE_LAUNCHER_STARTED, STATE_LAUNCHER_DRAWN, STATE_APP_CONTROLLER_RECEIVED, STATE_GESTURE_STARTED, STATE_GESTURE_COMPLETED (655)]
12-17 11:06:36.614  2577  2577 I MultiStateCallback: [21811357] Adding [STATE_SCREENSHOT_CAPTURED (2048)] to [STATE_LAUNCHER_PRESENT, STATE_LAUNCHER_STARTED, STATE_LAUNCHER_DRAWN, STATE_APP_CONTROLLER_RECEIVED, STATE_SCALED_CONTROLLER_RECENTS, STATE_GESTURE_STARTED, STATE_GESTURE_COMPLETED, STATE_CAPTURE_SCREENSHOT, STATE_SCREENSHOT_VIEW_SHOWN (5807)]
12-17 11:06:36.614  2577  2577 I AbsSwipeUpHandler: finishCurrentTransitionToRecents
12-17 11:06:36.614  2577  2577 I RecentsAnimationController: finish
12-17 11:06:36.615  2577  2577 I RecentsAnimationController: finishController, toRecents : true callback : com.android.quickstep.-$$Lambda$AbsSwipeUpHandler$-9yx5BZ56WBexFURn7LoXBSj_gI@79e3d46 sendUserLeaveHint : false
12-17 11:06:36.615  2577  2577 I RecentsAnimationCallbacks: onAnimationFinished
12-17 11:06:36.615  2577  2577 I RecentsView: setRunningTaskHidden, isHidden : false
12-17 11:06:36.616  1121  2009 D WindowManager: finish(true): mCanceled=false
12-17 11:06:36.616  1121  2009 D RecentsAnimation: finishAnimation(), caller=com.android.server.wm.RecentsAnimation.onAnimationFinished:506 com.android.server.wm.RecentsAnimationController$2.finish:335 android.view.IRecentsAnimationController$Stub.onTransact:314 android.os.Binder.execTransactInternal:1215 android.os.Binder.execTransact:1179 <bottom of call stack> <bottom of call stack> 
12-17 11:06:36.616  2577  2577 I RecentsAnimationCallbacks: onAnimationFinished, MAIN_EXECUTOR
12-17 11:06:36.616  2577  2577 I TaskAnimationManager: onRecentsAnimationFinished
12-17 11:06:36.616  2577  2577 I TaskAnimationManager: cleanUpRecentsAnimation
12-17 11:06:36.616  1121  2009 D WindowManager: onAnimationFinished(): controller=com.android.server.wm.RecentsAnimationController@82dcb74 reorderMode=1
12-17 11:06:36.616  2577  2577 I RecentsAnimationCallbacks: removeAllListeners
12-17 11:06:36.616  2577  2577 I MultiStateCallback: [206658828] Adding [STATE_RECENTS_ANIMATION_FINISHED (32)] to [STATE_END_TARGET_SET, STATE_END_TARGET_ANIMATION_FINISHED, STATE_RECENTS_ANIMATION_INITIALIZED, STATE_RECENTS_ANIMATION_STARTED, STATE_RECENTS_SCROLLING_FINISHED (271)]
12-17 11:06:36.616  2577  2577 I MultiStateCallback: [206658828] Adding [STATE_RECENTS_ANIMATION_ENDED (64)] to [STATE_END_TARGET_SET, STATE_END_TARGET_ANIMATION_FINISHED, STATE_RECENTS_ANIMATION_INITIALIZED, STATE_RECENTS_ANIMATION_STARTED, STATE_RECENTS_ANIMATION_FINISHED, STATE_RECENTS_SCROLLING_FINISHED (303)]
12-17 11:06:36.616  1121  2009 D WindowManager: cleanupAnimation(): Notify animation finished mPendingAnimations=2 reorderMode=1
12-17 11:06:36.616  1121  2009 D WindowManager: removeAnimation(8344)
12-17 11:06:36.616  1121  2009 I WindowManager: Reparenting to original parent: Surface(name=Task=8343)/@0x936106f, destroy=true, surface=Surface(name=Task=8344)/@0x219074e
12-17 11:06:36.617  2577  7050 I ViewRootImpl@90fb52a[RecentsActivity]: mWNT: t = android.view.SurfaceControl$Transaction@f2f9b07 fN = 24 com.android.systemui.shared.system.ViewRootImplCompat.mergeWithNextTransaction:62 com.android.quickstep.util.SurfaceTransactionApplier.lambda$scheduleApply$0$SurfaceTransactionApplier:94 com.android.quickstep.util.-$$Lambda$SurfaceTransactionApplier$Xj9m0ayWHIr2xvQnKB4EJdxg8RU.accept:6 
12-17 11:06:36.617  2577  7050 I ViewRootImpl@90fb52a[RecentsActivity]: mWNT: merge t to BBQ
12-17 11:06:36.617  1121  2009 D WindowManager: removeAnimation(8342)
12-17 11:06:36.617  1121  2009 I WindowManager: Reparenting to original parent: Surface(name=Task=1)/@0x5801f9b, destroy=true, surface=Surface(name=Task=8342)/@0x1913050
12-17 11:06:36.617  1121  2009 D WindowManager: removeWallpaperAnimation()
12-17 11:06:36.617  1121  2009 I WindowManager: Reparenting to original parent: Surface(name=Leaf:0:1)/@0xefab968, destroy=true, surface=Surface(name=WallpaperWindowToken{1950076 token=android.os.Binder@cf32711})/@0x9bd448b
12-17 11:06:36.618  1121  2009 D WindowManager: onFinishRecentsAnimation, animatingRecents=ActivityRecord{a8f18a6 u0 com.sec.android.app.launcher/com.android.quickstep.RecentsActivity t8344}
12-17 11:06:36.618  1121  2009 D WindowManager: onAnimationFinished(): targetRootTask=Task{be92613 #8343 type=recents ?? U=0 visible=false mode=fullscreen translucent=false sz=1} targetActivity=ActivityRecord{a8f18a6 u0 com.sec.android.app.launcher/com.android.quickstep.RecentsActivity t8344} mRestoreTargetBehindRootTask=Task{368ba4c #9005 type=standard A=10712:com.main.focuspact.release U=0 visible=false mode=fullscreen translucent=true sz=1}
12-17 11:06:36.618  1121  2009 D RecentsAnimation: finishAnimation: set supportsEnterPipOnTaskSwitch false
12-17 11:06:36.619  1121  2009 V WindowManager: Changing focus from null to Window{d68a580 u0 com.sec.android.app.launcher/com.android.quickstep.RecentsActivity} displayId=0 Callers=com.android.server.wm.RootWindowContainer.updateFocusedWindowLocked:583 com.android.server.wm.WindowManagerService.updateFocusedWindowLocked:6480 com.android.server.wm.DisplayContent.layoutAndAssignWindowLayersIfNeeded:4686 com.android.server.wm.TaskDisplayArea.positionChildTaskAt:560 
12-17 11:06:36.619  1121  2009 D MARsPolicyManager: onPackageResumedFG pkgName = com.sec.android.app.launcher, userId = 0
12-17 11:06:36.620  1121  2009 D StatusBarManagerService: notifyRequestedSystemKey recent=false home=false
12-17 11:06:36.621  1121  2009 W WindowManager: Prepare app transition: mNextAppTransitionRequests=[TRANSIT_NONE], mNextAppTransitionFlags=, displayId: 0 Callers=com.android.server.wm.DisplayContent.prepareAppTransition:6358 com.android.server.wm.DisplayContent.prepareAppTransition:6353 com.android.server.wm.WindowManagerService.prepareAppTransitionNone:3293 com.android.server.wm.RecentsAnimation.lambda$finishAnimation$1$RecentsAnimation:459 com.android.server.wm.RecentsAnimation$$ExternalSyntheticLambda0.run:8 
12-17 11:06:36.621  1121  1863 D SemNscXgbMsL1: Probability - Cloud gaming: [0.0036277596]
12-17 11:06:36.621  1121  1863 D SemNscXgbMsL1: Probability - Real time: [0.16053529]
12-17 11:06:36.622  1121  1863 D SemNscXgbMsL1: Probability - Non real time: [0.92389226]
12-17 11:06:36.622  1121  1863 D SemNscXgbMsL1: 1 sample inference time: 0.408437 msecs
12-17 11:06:36.622  1121  1863 D SemNscXgbL2Rt: L2 RT 1 sample inference time: 0.48401 msecs
12-17 11:06:36.623  1121  1863 D SemNscXgbL2Nrt: L2 NRT 1 sample inference time: 0.512813 msecs
12-17 11:06:36.623  1121  2009 I SemDvfsHyPerManager: acquire hyper - AMS_ACT_RESUME/1121@16, type = -999
12-17 11:06:36.623  1121  2009 D ActivityManagerPerformance: AMP_acquire() ACT_RESUME
12-17 11:06:36.623   852   908 I HYPER-HAL: [RequestManager.cpp]acquire(): Acquired ID : 646969  [1121 / 16]    HINT : AMS_ACT_RESUME    list : 
12-17 11:06:36.624  1121  2009 W WindowManager: Prepare app transition: mNextAppTransitionRequests=[TRANSIT_NONE, TRANSIT_NONE], mNextAppTransitionFlags=, displayId: 0 Callers=com.android.server.wm.DisplayContent.prepareAppTransition:6358 com.android.server.wm.DisplayContent.prepareAppTransition:6353 com.android.server.wm.Task.resumeTopActivityInnerLocked:8418 com.android.server.wm.Task.resumeTopActivityInnerLocked:8129 com.android.server.wm.Task.resumeTopActivityUncheckedLocked:8027 
12-17 11:06:36.624  1121  2009 D InputDispatcher: Focused application set to (0): a8f18a6
12-17 11:06:36.624  1121  2009 D SGM:GameManager: TaskStackListener.onTaskFocusChanged(), taskId=8342, focused=false
12-17 11:06:36.624  1121  2009 D SGM:GameManager: TaskStackListener.onTaskFocusChanged(), taskId=8344, focused=true
12-17 11:06:36.624  1121  2009 D SGM:GameManager:   sendRunningComponentFocus(), pkgName: com.sec.android.app.launcher, userId: 0
12-17 11:06:36.625  1121  1781 D SGM:GameManager: onLooperPrepared(), msg: MSG_TASK_FOCUSED, pkgName: com.sec.android.app.launcher, userId: 0
12-17 11:06:36.625  1121  1781 D SGM:GameManager: handleTaskFocused().
12-17 11:06:36.625  1121  1781 D SGM:GameManager: sendFocusOutConditionally() - mPrevNotiPkg: KILL_YOURSELF, userId: 0
12-17 11:06:36.625  1121  1781 D SGM:GameManager:   handleTaskFocused(), pkgName: com.sec.android.app.launcher, userID:0 mResumedPkgMap does not containsKey.
12-17 11:06:36.625  1121  2009 V WindowManager: rotationForOrientation(orient=SCREEN_ORIENTATION_UNSPECIFIED (-1), last=ROTATION_0 (0)); user=ROTATION_0 (0) USER_ROTATION_LOCKED
12-17 11:06:36.625  1121  2009 D WindowManager: rotationForOrientation, orientationSource=ActivityRecord{a8f18a6 u0 com.sec.android.app.launcher/com.android.quickstep.RecentsActivity t8344}
12-17 11:06:36.625  1121  2009 V WindowManager: Computed rotation=ROTATION_0 (0) for display id=0 based on lastOrientation=SCREEN_ORIENTATION_UNSPECIFIED (-1) and oldRotation=ROTATION_0 (0), caller=com.android.server.wm.DisplayRotation.updateOrientation:407 com.android.server.wm.DisplayContent.updateOrientation:1932 com.android.server.wm.DisplayContent.updateOrientation:1870 com.android.server.wm.RootWindowContainer.ensureVisibilityAndConfig:2207 com.android.server.wm.Task.resumeTopActivityInnerLocked:8488 com.android.server.wm.Task.resumeTopActivityInnerLocked:8129 
12-17 11:06:36.626  1121  2009 D TspStateManager: updateCustomValue customSetting=
12-17 11:06:36.626  1121  2009 D TspStateManager: updateCustomValue customSetting=
12-17 11:06:36.626  2577  2577 I ViewRootImpl@90fb52a[RecentsActivity]: stopped(false) old=false
12-17 11:06:36.626  2577  2577 I BaseActivity: addActivityFlags, flags : 18
12-17 11:06:36.626  2577  2577 I BaseActivity: removeActivityFlags, flags : 32
12-17 11:06:36.626  1121  2009 W WindowManager: Execute app transition: mNextAppTransitionRequests=[TRANSIT_NONE, TRANSIT_NONE], mNextAppTransitionFlags=, displayId: 0 Callers=com.android.server.wm.RootWindowContainer.executeAppTransitionForAllDisplay:2701 com.android.server.wm.ActivityTaskSupervisor.reportResumedActivityLocked:2255 com.android.server.wm.ActivityRecord.completeResumeLocked:6320 com.android.server.wm.Task.resumeTopActivityInnerLocked:8578 com.android.server.wm.Task.resumeTopActivityInnerLocked:8129 
12-17 11:06:36.627  1121  2009 W WindowManager: Execute app transition: mNextAppTransitionRequests=[TRANSIT_NONE, TRANSIT_NONE], mNextAppTransitionFlags=, displayId: 0 Callers=com.android.server.wm.Task.executeAppTransition:10038 com.android.server.wm.RootWindowContainer.lambda$resumeFocusedTasksTopActivities$21:2830 com.android.server.wm.RootWindowContainer$$ExternalSyntheticLambda29.accept:13 com.android.server.wm.Task.forAllRootTasks:5191 com.android.server.wm.WindowContainer.forAllRootTasks:1878 
12-17 11:06:36.627  1121  2009 W WindowManager: Execute app transition: mNextAppTransitionRequests=[TRANSIT_NONE, TRANSIT_NONE], mNextAppTransitionFlags=, displayId: 0 Callers=com.android.server.wm.Task.executeAppTransition:10038 com.android.server.wm.Task.resumeTopActivityInnerLocked:8172 com.android.server.wm.Task.resumeTopActivityInnerLocked:8129 com.android.server.wm.Task.resumeTopActivityUncheckedLocked:8027 com.android.server.wm.Task.resumeTopActivityUncheckedLocked:8054 
12-17 11:06:36.627  1121  2009 W WindowManager: Execute app transition: mNextAppTransitionRequests=[TRANSIT_NONE, TRANSIT_NONE], mNextAppTransitionFlags=, displayId: 0 Callers=com.android.server.wm.WindowManagerService.executeAppTransition:3344 com.android.server.wm.RecentsAnimation.lambda$finishAnimation$1$RecentsAnimation:465 com.android.server.wm.RecentsAnimation$$ExternalSyntheticLambda0.run:8 com.android.server.wm.WindowManagerService.inSurfaceTransaction:9173 com.android.server.wm.RecentsAnimation.finishAnimation:351 
12-17 11:06:36.629  1121  2009 D WindowManager: Loading animation for app transition. transit=TRANSIT_OLD_NONE enter=false frame=Rect(0, 0 - 1080, 2042) insets=Rect(0, 0 - 0, 0) surfaceInsets=Rect(0, 0 - 0, 0)
12-17 11:06:36.629   961   961 E SurfaceFlinger: Attempt to update InputPolicyFlags without permission ACCESS_SURFACE_FLINGER
12-17 11:06:36.629  1121  2009 I WindowManager: Reparenting to leash, surface=Surface(name=135d8f6 app.olauncher/app.olauncher.MainActivity)/@0x4041d2f, leashParent=Surface(name=ActivityRecord{631b400 u0 app.olauncher/.MainActivity t8342})/@0x475ffa5
12-17 11:06:36.630   961  1020 I SurfaceFlinger: id=84311 createSurf (0x0),-1 flag=24000, Surface(name=135d8f6 app.olauncher/app.olauncher.MainActivity)/@0x4041d2f - animation-leash of window_animation#0
12-17 11:06:36.630  1121  2009 D WindowManager: makeSurface duration=1 leash=Surface(name=Surface(name=135d8f6 app.olauncher/app.olauncher.MainActivity)/@0x4041d2f - animation-leash of window_animation)/@0xa7e6c5e
12-17 11:06:36.631  1121  2009 V WindowManager: Setting visibility of Window{135d8f6 u0 app.olauncher/app.olauncher.MainActivity}: false, caller=com.android.server.wm.WindowContainer.sendAppVisibilityToClients:1104 com.android.server.wm.WindowToken.setClientVisible:448 com.android.server.wm.ActivityRecord.setClientVisible:6985 com.android.server.wm.ActivityRecord.postApplyAnimation:5590 com.android.server.wm.ActivityRecord.commitVisibility:5553 
12-17 11:06:36.632  2577  2670 I RecentsAnimationController: finishController, finish
12-17 11:06:36.633  1121  1780 V ActivityManager: Changed top to ProcessRecord{8d863b3 2577:com.sec.android.app.launcher/u0a109}
12-17 11:06:36.633 14691 14691 I ViewRootImpl@7af405b[MainActivity]: handleAppVisibility mAppVisible=true visible=false
12-17 11:06:36.634   961   961 D SurfaceFlinger: Display 4630947232161729153 HWC layers:
12-17 11:06:36.634   961   961 D SurfaceFlinger:      DEVICE | 0xb4000075a2e879c0 | 0100 | RGBx_8888    |  300.0    0.0 1380.0 2280.0 |    0    0 1080 2280 | Wallpaper BBQ wrapper#0
12-17 11:06:36.634   961   961 D SurfaceFlinger:      DEVICE | 0xb4000075a2ea1610 | 0100 | RGBA_8888    |    0.0    0.0 1080.0 2280.0 |    0    0 1080 2280 | com.sec.android.app.launcher/com.android.quickstep.RecentsActivity$_2577#0
12-17 11:06:36.634   961   961 D SurfaceFlinger:      DEVICE | 0xb4000075a2ea4790 | 0100 | RGBA_8888    |    0.0    0.0 1080.0  112.0 |    0    0 1080  112 | StatusBar$_1979#0
12-17 11:06:36.634   961   961 D SurfaceFlinger:      DEVICE | 0xb4000075a2e6c270 | 0100 | RGBA_8888    |    0.0    0.0   67.0  329.0 | 1013  753 1080 1082 | com.samsung.android.app.cocktailbars[...]arservice.CocktailBarService$_9945#0
12-17 11:06:36.634   961   961 D SurfaceFlinger:      DEVICE | 0xb4000075a2ea04a0 | 0100 | RGBA_8888    |    0.0    0.0 1080.0  126.0 |    0 2154 1080 2280 | NavigationBar0$_1979#0
12-17 11:06:36.634   961   961 D SurfaceFlinger:      DEVICE | 0xb4000075a2ea2660 | 0100 | RGBA_8888    |    0.0    0.0  521.0   63.0 |  279 2217  800 2280 | com.samsung.android.spay.pay.HintService$_14745#0
12-17 11:06:36.634   961   961 D SurfaceFlinger: 
12-17 11:06:36.634  2577  2577 I MultiStateCallback: [21811357] Adding [STATE_CURRENT_TASK_FINISHED (32768)] to [STATE_LAUNCHER_PRESENT, STATE_LAUNCHER_STARTED, STATE_LAUNCHER_DRAWN, STATE_APP_CONTROLLER_RECEIVED, STATE_SCALED_CONTROLLER_RECENTS, STATE_GESTURE_STARTED, STATE_GESTURE_COMPLETED, STATE_CAPTURE_SCREENSHOT, STATE_SCREENSHOT_CAPTURED, STATE_SCREENSHOT_VIEW_SHOWN (7855)]
12-17 11:06:36.634  2577  2577 I AbsSwipeUpHandler: setupLauncherUiAfterSwipeUpToRecentsAnimation
12-17 11:06:36.634  2577  2577 I AbsSwipeUpHandler: endLauncherTransitionController
12-17 11:06:36.635  2577  2577 I BaseActivityInterface: createActivityInterface, endAction state: Ordinal-2, progress: 1.0
12-17 11:06:36.635  2577  2577 I StateManager: onStateTransitionStart mState = Ordinal-0
12-17 11:06:36.635  2577  2577 I BaseActivity: addActivityFlags, flags : 4
12-17 11:06:36.635  2577  2577 W SuggestedAppsViewImpl: update fromHome = false, animated = false
12-17 11:06:36.635  2577  2577 I RecentsView: setOverviewStateEnabled true
12-17 11:06:36.635  2577  2671 I RecentModel: getTasks callback : com.android.quickstep.suggestedapps.-$$Lambda$SuggestedItemsProvider$RzPdectLssnc_rKQA6F853yrPBM@a12e25d
12-17 11:06:36.635  2577  2671 I RecentTasksList: getTasks, loadKeysOnly : false callback : com.android.quickstep.suggestedapps.-$$Lambda$SuggestedItemsProvider$RzPdectLssnc_rKQA6F853yrPBM@a12e25d usePostHandle : true
12-17 11:06:36.635  2577  2577 I RecentsOrientedState: current RecentsOrientedState: [this=RecentsOrientedState@163564006 mOrientationHandler=PortraitPagedViewHandler@226672743 mDisplayRotation=0 mTouchRotation=0 mRecentsActivityRotation=0 mRecentsRotation=0 isRecentsActivityRotationAllowed=true mSystemRotation=false mStateId=13184 mFlags=103]
12-17 11:06:36.635  1121  1537 D AnalyticsContainerHandler: handleMessage : { when=0 what=1 target=com.android.server.knox.KnoxAnalyticsContainer$AnalyticsHandler }
12-17 11:06:36.636  1121  2009 D ActivityTaskManager: getRecentPairTasks() maxNum :2147483647 from 10109
12-17 11:06:36.636  2577  2577 I RecentsView: resetTaskVisuals
12-17 11:06:36.637  1121  2009 D RecentTaskItemController: getRecentPairTasksImpl() maxNum :2147483647 from 10109
12-17 11:06:36.637  2577  2577 I StateManager: onStateTransitionEnd mState : Ordinal-0
12-17 11:06:36.637  1121  1121 I CocktailBarManagerServiceContainer: handleMessage: entry what = 6
12-17 11:06:36.637  2577  2577 W RecentsUIController: update handOffButton visibility -> isVisible ? true
12-17 11:06:36.637  2577  2577 I HandOffImpl: updateVisibility: true
12-17 11:06:36.637  2577  2577 I StateManager: goToStateAnimated mStateChanged is false
12-17 11:06:36.637  2577  2577 I StateManager: goToState no animation to Ordinal-0
12-17 11:06:36.637  1121  1458 D SGM:GameManager: notePauseComponent(), received pkgName: app.olauncher, userId: 0
12-17 11:06:36.638  2577  2670 I RecentTasksList: loadTasksInBackground() task id : 9005
12-17 11:06:36.638  2577  2577 I AbsSwipeUpHandler: reset
12-17 11:06:36.638  4153  4153 I BSS_SysUiManager: handleMessage = 9, 4, 8342
12-17 11:06:36.638  4153  4153 I BSS_SysUiManager: handleMessage = 9, 4, 8344
12-17 11:06:36.638  1121  1458 I SemPersonaManager: SecureFolder personaId = 150
12-17 11:06:36.638  2577  2577 I MultiStateCallback: [21811357] Adding [STATE_HANDLER_INVALIDATED (64)] to [STATE_LAUNCHER_PRESENT, STATE_LAUNCHER_STARTED, STATE_LAUNCHER_DRAWN, STATE_APP_CONTROLLER_RECEIVED, STATE_SCALED_CONTROLLER_RECENTS, STATE_GESTURE_STARTED, STATE_GESTURE_COMPLETED, STATE_CAPTURE_SCREENSHOT, STATE_SCREENSHOT_CAPTURED, STATE_SCREENSHOT_VIEW_SHOWN, STATE_CURRENT_TASK_FINISHED (40623)]
12-17 11:06:36.638  2577  2577 I AbsSwipeUpHandler: invalidateHandler
12-17 11:06:36.639  2577  2577 I AbsSwipeUpHandler: endRunningWindowAnim, cancel : false
12-17 11:06:36.639  2577  2577 I OverviewCommandHelper: onTransitionComplete, CommandInfo@592876528 (type=4, activeCallbacks=com.android.quickstep.RecentsAnimationCallbacks@bf0e7d2) handler : com.android.quickstep.FallbackSwipeHandler@961745e
12-17 11:06:36.639  2577  2577 I RecentsAnimationCallbacks: removeListener, listener : com.android.quickstep.FallbackSwipeHandler@961745e
12-17 11:06:36.640  2577  2577 I ActivityInitListener: unregister : com.android.quickstep.RecentsActivityInitListener@5f6cba
12-17 11:06:36.640  2577  2577 I ActivityInitHelper: ended, hashCode : 6253754
12-17 11:06:36.640  2577  2577 I AbsSwipeUpHandler: invalidateHandlerWithLauncher
12-17 11:06:36.640  2577  2577 I AbsSwipeUpHandler: endLauncherTransitionController
12-17 11:06:36.640  2577  2577 I RecentsView: onGestureAnimationEnd
12-17 11:06:36.640  2577  2577 I RecentsOrientedState: setGestureActive
12-17 11:06:36.640  2577  2577 I RecentsOrientedState: current RecentsOrientedState: [this=RecentsOrientedState@163564006 mOrientationHandler=PortraitPagedViewHandler@226672743 mDisplayRotation=0 mTouchRotation=0 mRecentsActivityRotation=0 mRecentsRotation=0 isRecentsActivityRotationAllowed=true mSystemRotation=false mStateId=13184 mFlags=359]
12-17 11:06:36.640  2577  2577 I RecentsView: setRunningTaskHidden, isHidden : false
12-17 11:06:36.641  2577  2577 I AbsSwipeUpHandler: resetLauncherListeners
12-17 11:06:36.641  1121  1458 D EnterpriseDeviceManagerService: isMdmAdminPresentInternal() : MDM Admin Found - com.samsung.android.knox.containercore
12-17 11:06:36.641  1121  1121 I CocktailBarManagerServiceContainer: handleMessage: entry what = 5
12-17 11:06:36.643  1121  1458 I GameSDK@LifeCycle: noteResumeComponent(): package name  : com.sec.android.app.launcher
12-17 11:06:36.643  1121  1458 D SGM:GameManager: noteResumeComponent(), received pkgName: com.sec.android.app.launcher, userId: 0
12-17 11:06:36.643  1121  1781 D SGM:GameManager: onLooperPrepared(), msg: MSG_APP_RESUME, pkgName: com.sec.android.app.launcher, userid: 0
12-17 11:06:36.643  1121  1781 D SGM:GameManager: handleResume().
12-17 11:06:36.643  1121  1781 D SGM:GameManager: sendFocusOutConditionally() - mPrevNotiPkg: KILL_YOURSELF, userId: 0
12-17 11:06:36.643  1121  1781 D SGM:GameManager:   handleResume(). pkgName: com.sec.android.app.launcher, userId: 0, isTunableApp: null
12-17 11:06:36.643  1121  1781 D SGM:GameManager: notifyFocusInOut(). of pkg: com.sec.android.app.launcher, type: 4, isMinimized: false, isTunableApp: false, userId: 0
12-17 11:06:36.643  1121  1781 D SGM:GameManager:   notifyFocusInOut(). do nothing. mKillNotiCount: 1
12-17 11:06:36.643  1121  1781 D SGM:NetworkLimit: callRelease
12-17 11:06:36.643  1121  1781 D SGM:SystemHelper: callReleaseBlock needReleaseBlock:false
12-17 11:06:36.644  1121  1458 D SGM:GameManager: identifyGamePackage. com.sec.android.app.launcher, mCurrentUserId: 0, callerUserId: 0, callingMethodInfo: com.android.server.ssrm.fgapps.GameAppUtils.isGame(GameAppUtils.java:84)
12-17 11:06:36.644  1121  1458 D SGM:PkgDataHelper: getGamePkgData(). com.sec.android.app.launcher
12-17 11:06:36.644  9945  9945 I Utils   : HomePackage : app.olauncher, resumePackageName : com.sec.android.app.launcher
12-17 11:06:36.644  1121  1458 D SGM:GameManager: identifyGamePackage. com.sec.android.app.launcher, mCurrentUserId: 0, callerUserId: 0, callingMethodInfo: com.samsung.android.game.SemGameManager.isGamePackage(SemGameManager.java:104)
12-17 11:06:36.644  1121  1458 D SGM:PkgDataHelper: getGamePkgData(). com.sec.android.app.launcher
12-17 11:06:36.644  1121  1458 D SGM:SemGameManager: isGamePackage(), pkgName=com.sec.android.app.launcher, ret=false
12-17 11:06:36.646   961   961 E SurfaceFlinger: Attempt to update InputPolicyFlags without permission ACCESS_SURFACE_FLINGER
12-17 11:06:36.646   961   961 I Layer   : id=84306 removedFromDrawingState Surface(name=Task=8344)/@0x219074e - animation-leash of recents_animation#0 (124)
12-17 11:06:36.646   961   961 I Layer   : id=84305 removedFromDrawingState Surface(name=Task=8342)/@0x1913050 - animation-leash of recents_animation#0 (124)
12-17 11:06:36.646   961   961 I Layer   : id=84307 removedFromDrawingState Surface(name=WallpaperWindowToken{1950076 token=android.os.Binder@cf32711})/@0x9bd448b - animation-leash of window_animation#0 (124)
12-17 11:06:36.646 14691 14719 D OpenGLRenderer: setSurface called with nullptr
12-17 11:06:36.646 14691 14719 D OpenGLRenderer: setSurface() destroyed EGLSurface
12-17 11:06:36.646 14691 14719 D OpenGLRenderer: destroyEglSurface
12-17 11:06:36.646   961   961 I SurfaceFlinger: id=84306 Removed Surface(name=Task=8344)/@0x219074e - animation-leash of recents_animation#0 (124)
12-17 11:06:36.646   961   961 I SurfaceFlinger: id=84305 Removed Surface(name=Task=8342)/@0x1913050 - animation-leash of recents_animation#0 (124)
12-17 11:06:36.646   961   961 I SurfaceFlinger: id=84307 Removed Surface(name=WallpaperWindowToken{1950076 token=android.os.Binder@cf32711})/@0x9bd448b - animation-leash of window_animation#0 (124)
12-17 11:06:36.647   961   961 I Layer   : id=84307 Destroyed Surface(name=WallpaperWindowToken{1950076 token=android.os.Binder@cf32711})/@0x9bd448b - animation-leash of window_animation#0
12-17 11:06:36.647   961   961 I Layer   : id=84305 Destroyed Surface(name=Task=8342)/@0x1913050 - animation-leash of recents_animation#0
12-17 11:06:36.647   961   961 I Layer   : id=84306 Destroyed Surface(name=Task=8344)/@0x219074e - animation-leash of recents_animation#0
12-17 11:06:36.648  1121  2009 D InputDispatcher: Focus left window (0): recents_animation_input_consumer
12-17 11:06:36.648  1121  2009 D InputDispatcher: Focus entered window (0): d68a580 com.sec.android.app.launcher/com.android.quickstep.RecentsActivity
12-17 11:06:36.650  1121  2208 V WindowManager: Relayout Window{135d8f6 u0 app.olauncher/app.olauncher.MainActivity}: viewVisibility=8 req=1080x2280 d0
12-17 11:06:36.650  1121  2208 V WindowManager: tryStartExitingAnimation 2, Window{135d8f6 u0 app.olauncher/app.olauncher.MainActivity}
12-17 11:06:36.652  1121  2208 V WindowManager: Relayout hash=135d8f6, pid=14691: mAttrs={(0,0)(fillxfill) sim={state=always_hidden adjust=pan forwardNavigation} layoutInDisplayCutoutMode=shortEdges ty=BASE_APPLICATION fmt=TRANSPARENT wanim=0x7f110455
12-17 11:06:36.652  1121  2208 V WindowManager:   fl=8d910300
12-17 11:06:36.652  1121  2208 V WindowManager:   pfl=12020040
12-17 11:06:36.652  1121  2208 V WindowManager:   vsysui=700
12-17 11:06:36.652  1121  2208 V WindowManager:   bhv=DEFAULT
12-17 11:06:36.652  1121  2208 V WindowManager:   fitSides= naviIconColor=0}
12-17 11:06:36.652  2577  2671 I HandOffImpl: refresh
12-17 11:06:36.653  1121  1458 I ActivityManager: Changes in 10633 2 to 14, 15 to 0
12-17 11:06:36.653 14691 14691 I ViewRootImpl@7af405b[MainActivity]: Relayout returned: old=(0,0,1080,2280) new=(0,0,1080,2280) req=(1080,2280)8 dur=6 res=0x5 s={false 0} ch=true fn=2
12-17 11:06:36.654  1121  1455 D NetworkPolicy: onUidStateChanged() uid: 10633, isForeground(false, 14)
12-17 11:06:36.654 14691 14691 I ViewRootImpl@7af405b[MainActivity]: stopped(true) old=false
12-17 11:06:36.655  1121  2208 I ActivityManager: Changes in 10382 6 to 3, 0 to 8
12-17 11:06:36.656  1121  1455 D NetworkPolicy: onUidStateChanged() uid: 10382, isForeground(true, 3)
12-17 11:06:36.658  5829  5847 I [MCFDs]_HandoffProvider: call - method=getVisualCueInfo, callerPackageName=*.l*un*
12-17 11:06:36.658  5829  5847 W [MCFDs]_HandoffProvider: getVisualCueInfo - HandoffHandler is not started.
12-17 11:06:36.658  2577  2671 I HandOffItemProvider: bundle is null
12-17 11:06:36.659  2577  2671 I HandOffItemProvider: handOffApp is null
12-17 11:06:36.659  2577  2670 I SPayUpdater: updateSpayHandler, show = false, defaultPage = false
12-17 11:06:36.659 14745 14745 I SAMSUNGWALLET: [Hint_PayHintService] onReceive() action=com.sec.android.app.launcher.intent.action.UPDATE_SPAY_HANDLER
12-17 11:06:36.659 14745 14745 I SAMSUNGWALLET: [Hint_PayHintService] home change, s home : false , default : false , gesture : false , s result : false , prev : false
12-17 11:06:36.662   961   961 E SurfaceFlinger: Attempt to update InputPolicyFlags without permission ACCESS_SURFACE_FLINGER
12-17 11:06:36.663  2577  2577 I ViewRootImpl@90fb52a[RecentsActivity]: MSG_WINDOW_FOCUS_CHANGED 1 1
12-17 11:06:36.663  2577  2577 I BaseActivity: addActivityFlags, flags : 8
12-17 11:06:36.663  2577  2577 I InputMethodManager: startInputInner - mService.startInputOrWindowGainedFocus
12-17 11:06:36.663  1121  3238 D InputMethodManagerService: mSecureKeypadEnabled = false
12-17 11:06:36.664  1121  3238 V InputMethodManagerService: Unspecified window will hide input
12-17 11:06:36.664  1121  3238 V InputMethodManagerService: hideCurrentInputLocked : shouldHideSoftInput is false
12-17 11:06:36.664  1121  3238 D InputMethodManagerService: DESKTOP MODE! : 2
12-17 11:06:36.664  1121  3238 D InputMethodManagerService: NOT IN KNOX DESKTOP MODE!
12-17 11:06:36.664  1121  3238 V InputMethodManagerService: getDisplayIdOfInputMethodWindowToBeAdded : 0
12-17 11:06:36.665  1121  3238 D InputMethodManagerService: checkDisplayOfStartInputAndUpdateKeyboard display Id 0last 0
12-17 11:06:36.665  1121  3238 D InputTransport: Input channel constructed: 'ClientS', fd=910
12-17 11:06:36.665  1121  3238 D InputTransport: Input channel destroyed: 'ClientS', fd=910
12-17 11:06:36.665  2577  2577 I SuggestedAppsViewImpl: updateItemsInternal animate : false, alpha: 1.0, visibility: 0, overview: true, isFallbackHidingEvent: false
12-17 11:06:36.665  2577  2577 I SuggestedAppsViewImpl: calculate 246-247 layout : 1004
12-17 11:06:36.665  2577  2577 W SuggestedAppsViewImpl: setGridSize 4x1
12-17 11:06:36.665  2577  2577 W SuggestedAppsBinder: bindItems 4
12-17 11:06:36.665  6512  6512 I HBD     : HoneyBoardService onFinishInput 
12-17 11:06:36.666  1121  2208 I WindowManager: Cancelling animation restarting=true, leash=Surface(name=Surface(name=1a72702 InputMethod)/@0x2264a50 - animation-leash of insets_animation)/@0x3d75961
12-17 11:06:36.666  1121  2208 I WindowManager: Reparenting to original parent: Surface(name=WindowToken{d72341d android.os.Binder@f51d4f4})/@0xed23449, destroy=false, surface=Surface(name=1a72702 InputMethod)/@0x2264a50
12-17 11:06:36.666  1121  2208 I WindowManager: Reparenting to leash, surface=Surface(name=1a72702 InputMethod)/@0x2264a50, leashParent=Surface(name=WindowToken{d72341d android.os.Binder@f51d4f4})/@0xed23449
12-17 11:06:36.666  6512  6512 I HBD     : a IC have been unbinding,  InputConnectionWrapper{idHash=#62cd547 mMissingMethods=}
12-17 11:06:36.666  6512  6512 I HBD     : HoneyBoardService [PF_CL][onFinishInput]  278907 ns 
12-17 11:06:36.666   961  1077 I SurfaceFlinger: id=84312 createSurf (0x0),-1 flag=24004, Surface(name=1a72702 InputMethod)/@0x2264a50 - animation-leash of insets_animation#0
12-17 11:06:36.666  6512  6512 I HBD     : HoneyBoardService [IMI] onStartInput - caller pid : 2577 , caller uid : 10109 
12-17 11:06:36.666  6512  6512 I HBD     : j updateConfigs 
12-17 11:06:36.666  6512  6512 I HBD     : j isEnabledNightMode : false 
12-17 11:06:36.666  6512  6512 I HBD     : a IC have been binding, InputConnectionWrapper{idHash=#ed77ee3 mMissingMethods=} 
12-17 11:06:36.666  6512  6512 I HBD     : h [EditorInputType]setPrivateImeOptionsToTable privateImeOptions ( null )
12-17 11:06:36.666  6512  6512 I HBD     : b incognitoMode : false 
12-17 11:06:36.666  1121  2208 D WindowManager: makeSurface duration=1 leash=Surface(name=Surface(name=1a72702 InputMethod)/@0x2264a50 - animation-leash of insets_animation)/@0xa56730d
12-17 11:06:36.666  6512  6512 I HBD     : a needOff = true , isForceOff = false, isNullInputClass : true 
12-17 11:06:36.666  6512  6512 I HBD     : h getDefaultInputRange : UNKNOWN 
12-17 11:06:36.666  6512  6512 I HBD     : h getDefaultInputRange : UNKNOWN 
12-17 11:06:36.666  6512  6512 I HBD     : h getDefaultInputRange : UNKNOWN 
12-17 11:06:36.667  1121  2208 D DARUtil : Device owner status not updated yet...
12-17 11:06:36.667  1121  2208 D DARUtil : Not an enterprise user : 0
12-17 11:06:36.667  1121  2208 D DARUtil : Device owner status not updated yet...
12-17 11:06:36.667  1121  2208 D DARUtil : Not an enterprise user : 0
12-17 11:06:36.667 14691 14691 D InputTransport: Input channel destroyed: 'ClientS', fd=91
12-17 11:06:36.668  6512  6512 I HBD     : a needOff = true , isForceOff = false, isNullInputClass : true 
12-17 11:06:36.668  6512  6512 I HBD     : a update cached prediction status : false 
12-17 11:06:36.668  6512  6512 I HBD     : h getDefaultInputRange : UNKNOWN 
12-17 11:06:36.668  6512  6512 I HBD     : a currentState : 0 
12-17 11:06:36.670  6512  6512 I HBD     : h load selected json path : /data/user/0/com.samsung.android.honeyboard/files/selected.json 
12-17 11:06:36.670  6512  6512 I HBD     : h load selected json info : {"version":"1.0","currentLanguageOrder":0,"selected":[{"activeOptionList":["auto_replace","auto_spacing","writing_assistant"],"engName":"English","id":65537,"inputType":"qwerty","isUsed":true}]} 
12-17 11:06:36.670  6512  6512 I HBD     : a [UpdatePolicy] [post] a: 0 cl: 65537 kit: [0/0] vt: 0 ir: 1 
12-17 11:06:36.671  2577  2577 I SuggestedAppsViewImpl: initViewAttributes
12-17 11:06:36.671  2577  2577 I HandOffButton: refreshButton null
12-17 11:06:36.671  6512  6512 I HBD     : HoneyBoardService [PF_OP][onStartInput]  5154636 ns 
12-17 11:06:36.671  2577  2577 I HandOffImpl: isOverviewState in RecentsActivity: true
12-17 11:06:36.671 14745 14808 I SAMSUNGWALLET: [Hint_ProcessStatusChange] fg Change, pid : 14691 , isNotify : true , isForeground : false , fg list : [2577]
12-17 11:06:36.673 14745 15758 I SAMSUNGWALLET: [Hint_SimpleHintProcessMonitor] isHomePackageRunning topPkgName = com.sec.android.app.launcher, topClsName = com.android.quickstep.RecentsActivity, return true , se : true
12-17 11:06:36.674 14745 14745 I SAMSUNGWALLET: [Hint_PayHintService] Hint Status - HIDE : [4000000] - 4000000
12-17 11:06:36.674 14745 14745 I SAMSUNGWALLET: [Hint_PayHintService] getWindowLayoutParams
12-17 11:06:36.674 14745 14745 I SAMSUNGWALLET: [Hint_PayHintService] S fit
12-17 11:06:36.680   961   961 E SurfaceFlinger: Attempt to update InputPolicyFlags without permission ACCESS_SURFACE_FLINGER
12-17 11:06:36.680   961   961 I Layer   : id=84281 removedFromDrawingState Surface(name=1a72702 InputMethod)/@0x2264a50 - animation-leash of insets_animation#1 (122)
12-17 11:06:36.680   961   961 I SurfaceFlinger: id=84281 Removed Surface(name=1a72702 InputMethod)/@0x2264a50 - animation-leash of insets_animation#1 (122)
12-17 11:06:36.681   961   961 I Layer   : id=84281 Destroyed Surface(name=1a72702 InputMethod)/@0x2264a50 - animation-leash of insets_animation#1
12-17 11:06:36.681  1121  2210 V WindowManager: Relayout Window{5df6385 u0 com.samsung.android.spay.pay.HintService}: viewVisibility=8 req=521x63 d0
12-17 11:06:36.681  1121  2210 E WindowManager: win=Window{5df6385 u0 com.samsung.android.spay.pay.HintService} destroySurfaces: appStopped=true win.mWindowRemovalAllowed=false win.mRemoveOnExit=false win.mViewVisibility=8 caller=com.android.server.wm.WindowManagerService.tryStartExitingAnimation:2951 com.android.server.wm.WindowManagerService.relayoutWindow:2675 com.android.server.wm.Session.relayout:242 android.view.IWindowSession$Stub.onTransact:790 com.android.server.wm.Session.onTransact:176 android.os.Binder.execTransactInternal:1215 android.os.Binder.execTransact:1179 
12-17 11:06:36.682  1121  2009 D InputMethodManagerServicePhysicalKey: isConnectedDexOnPC false
12-17 11:06:36.682  1121  2210 I WindowManager: Destroying surface Surface(name=com.samsung.android.spay.pay.HintService$_14745)/@0x6eb22c2 called by com.android.server.wm.WindowStateAnimator.destroySurface:987 com.android.server.wm.WindowStateAnimator.destroySurfaceLocked:518 com.android.server.wm.WindowState.destroySurfaceUnchecked:4229 com.android.server.wm.WindowState.destroySurface:4203 com.android.server.wm.WindowManagerService.tryStartExitingAnimation:2951 com.android.server.wm.WindowManagerService.relayoutWindow:2675 com.android.server.wm.Session.relayout:242 android.view.IWindowSession$Stub.onTransact:790 
12-17 11:06:36.683  1121  2009 D InputMethodManagerService: isImeSwitcherDisabledPackage : false
12-17 11:06:36.683  1121  2210 V WindowManager: Relayout hash=5df6385, pid=14745: mAttrs={(0,0)(521x63) gr=BOTTOM CENTER sim={adjust=pan} layoutInDisplayCutoutMode=shortEdges ty=NAVIGATION_BAR_PANEL fmt=TRANSLUCENT
12-17 11:06:36.683  1121  2210 V WindowManager:   fl=1800308
12-17 11:06:36.683  1121  2210 V WindowManager:   pfl=12000000
12-17 11:06:36.683  1121  2210 V WindowManager:   bhv=DEFAULT
12-17 11:06:36.683  1121  2210 V WindowManager:   fitTypes=NAVIGATION_BARS
12-17 11:06:36.683  1121  2210 V WindowManager:   fitSides=LEFT RIGHT naviIconColor=0}
12-17 11:06:36.685 14745 14745 I ViewRootImpl@dc45545[HintService]: Relayout returned: old=(279,2217,800,2280) new=(279,2217,800,2280) req=(521,63)8 dur=3 res=0x5 s={false 0} ch=true fn=2
12-17 11:06:36.696   961   961 I Layer   : id=84300 removedFromDrawingState com.samsung.android.spay.pay.HintService$_14745#0 (121)
12-17 11:06:36.697   961   961 E SurfaceFlinger: Attempt to update InputPolicyFlags without permission ACCESS_SURFACE_FLINGER
12-17 11:06:36.697   961   961 I SurfaceFlinger: id=84300 Removed com.samsung.android.spay.pay.HintService$_14745#0 (121)
12-17 11:06:36.699   961   961 I Layer   : id=84300 Destroyed com.samsung.android.spay.pay.HintService$_14745#0
12-17 11:06:36.702   961   961 D SurfaceFlinger: Display 4630947232161729153 HWC layers:
12-17 11:06:36.702   961   961 D SurfaceFlinger:      DEVICE | 0xb4000075a2e879c0 | 0100 | RGBx_8888    |  300.0    0.0 1380.0 2280.0 |    0    0 1080 2280 | Wallpaper BBQ wrapper#0
12-17 11:06:36.702   961   961 D SurfaceFlinger:      DEVICE | 0xb4000075a2ea0020 | 0100 | RGBA_8888    |    0.0    0.0 1080.0 2280.0 |    0    0 1080 2280 | com.sec.android.app.launcher/com.android.quickstep.RecentsActivity$_2577#0
12-17 11:06:36.702   961   961 D SurfaceFlinger:      DEVICE | 0xb4000075a2ea4790 | 0100 | RGBA_8888    |    0.0    0.0 1080.0  112.0 |    0    0 1080  112 | StatusBar$_1979#0
12-17 11:06:36.702   961   961 D SurfaceFlinger:      DEVICE | 0xb4000075a2e6c270 | 0100 | RGBA_8888    |    0.0    0.0   67.0  329.0 | 1013  753 1080 1082 | com.samsung.android.app.cocktailbars[...]arservice.CocktailBarService$_9945#0
12-17 11:06:36.702   961   961 D SurfaceFlinger:      DEVICE | 0xb4000075a2e9af20 | 0100 | RGBA_8888    |    0.0    0.0 1080.0  126.0 |    0 2154 1080 2280 | NavigationBar0$_1979#0
12-17 11:06:36.702   961   961 D SurfaceFlinger: 
12-17 11:06:36.713   961   961 E SurfaceFlinger: Attempt to update InputPolicyFlags without permission ACCESS_SURFACE_FLINGER
12-17 11:06:36.730   961   961 E SurfaceFlinger: Attempt to update InputPolicyFlags without permission ACCESS_SURFACE_FLINGER
12-17 11:06:36.735  2577  2899 I RecentModel: onTaskStackChangedBackground
12-17 11:06:36.735  4153  4153 I BSS_SysUiManager: handleMessage = 9, 1, 0
12-17 11:06:36.737  2577  2899 I RecentTasksList: getTaskKeys, numTasks :3 callback : com.android.quickstep.-$$Lambda$RecentsModel$k1Mm-BV64Bc89eJHYugywZmW_Js@4204759
12-17 11:06:36.737  1121  2210 D ActivityTaskManager: getRecentPairTasks() maxNum :3 from 10109
12-17 11:06:36.737  1121  2210 D RecentTaskItemController: getRecentPairTasksImpl() maxNum :3 from 10109
12-17 11:06:36.738  2577  2670 I RecentTasksList: loadTasksInBackground() task id : 9005
12-17 11:06:36.738  4241  4805 I SemDvfsHyPerManager: acquire hyper - BaseTABoost/4241@17, type = 1090523139
12-17 11:06:36.739   852   908 I HYPER-HAL: [RequestManager.cpp]acquire(): Acquired ID : 9067428  [4241 / 17]    HINT :      list : [TABoost / 1] 
12-17 11:06:36.747   961   961 E SurfaceFlinger: Attempt to update InputPolicyFlags without permission ACCESS_SURFACE_FLINGER
12-17 11:06:36.763   961   961 E SurfaceFlinger: Attempt to update InputPolicyFlags without permission ACCESS_SURFACE_FLINGER
12-17 11:06:36.780   961   961 E SurfaceFlinger: Attempt to update InputPolicyFlags without permission ACCESS_SURFACE_FLINGER
12-17 11:06:36.802  1121  2055 D MdnieScenarioControlService:  packageName : com.sec.android.app.launcher    className : com.android.quickstep.RecentsActivity
12-17 11:06:36.802  1121  2055 V MdnieScenarioControlService: setUIMode from UI function(3)
12-17 11:06:36.833  1121  1769 D InputReader: Btn_touch(6): value=1 when=324133.214308
12-17 11:06:36.833  1121  1769 I InputReader: Touch event's action is 0x0 (id=7, t=0) [pCnt=1, s=0.5959 ] when=324133.214308
12-17 11:06:36.834  1121  1768 I InputDispatcher: Delivering touch to (1979): action: 0x4, f=0x0, d=0, '95a12b5', t=1 
12-17 11:06:36.834  1121  1768 I InputDispatcher: Delivering touch to (2577): action: 0x0, f=0x0, d=0, 'd68a580', t=1 
12-17 11:06:36.835  2577  2577 I ViewRootImpl@90fb52a[RecentsActivity]: ViewPostIme pointer 0
12-17 11:06:36.836  2577  2577 W BaseDragLayer: dispatchTouchEvent, ACTION_DOWN - mTouchDispatchState = 9
12-17 11:06:36.836  4241  4241 I SemDvfsHyPerManager: acquire hyper - TABoost/4241@18, type = 1090523139
12-17 11:06:36.836  2577  2577 W BaseDragLayer: findActiveController return false mTouchDispatchState = 9
12-17 11:06:36.837   852   908 I HYPER-HAL: [RequestManager.cpp]releaseLocked(): Released ID : 9071688
12-17 11:06:36.837   852   908 I HYPER-HAL: [RequestManager.cpp]acquire(): Acquired ID : 9071688  [4241 / 18]    HINT :      list : [TABoost / 30] [TIMEOUT / 1500] 
12-17 11:06:36.853  4543  4661 I aodm    : send OpaEligibilityChange broadcast to CommonBroadcastReceiver
12-17 11:06:36.857  1121  2009 D PackageManager: setEnabledSetting : userId = 0 packageName = com.google.android.googlequicksearchbox cmp = com.google.android.apps.gsa.staticplugins.opa.EnterOpaActivityFromDeeplink newState = 1 callingPackage = 10113/com.google.android.googlequicksearchbox
12-17 11:06:36.859  1121  2009 D PackageManager: setEnabledSetting : userId = 0 packageName = com.google.android.googlequicksearchbox cmp = com.google.android.apps.gsa.staticplugins.opa.EnterOpaActivityFromLauncher newState = 2 callingPackage = 10113/com.google.android.googlequicksearchbox
12-17 11:06:36.862  1121  2009 D PackageManager: setEnabledSetting : userId = 0 packageName = com.google.android.googlequicksearchbox cmp = com.google.android.googlequicksearchbox.VoiceSearchActivity newState = 2 callingPackage = 10113/com.google.android.googlequicksearchbox
12-17 11:06:36.864   961   961 E SurfaceFlinger: Attempt to update InputPolicyFlags without permission ACCESS_SURFACE_FLINGER
12-17 11:06:36.874  4543  4661 I aodm    : Clock app not installed.
12-17 11:06:36.875  4543  4661 I aodm    : Clock app not installed.
12-17 11:06:36.875  4543  4664 I azvm    : (REDACTED) Set Assistant Enabled to %s
12-17 11:06:36.878  1121  2210 D PackageManager: setEnabledSetting : userId = 0 packageName = com.google.android.googlequicksearchbox cmp = com.google.android.apps.gsa.staticplugins.opa.widget.impl.OpaWidgetProvider newState = 2 callingPackage = 10113/com.google.android.googlequicksearchbox
12-17 11:06:36.880   961   961 E SurfaceFlinger: Attempt to update InputPolicyFlags without permission ACCESS_SURFACE_FLINGER
12-17 11:06:36.881  2577  2577 W BaseDragLayer: findActiveController return false mTouchDispatchState = 9
12-17 11:06:36.883  1121  1769 D InputReader: Btn_touch(6): value=0 when=324133.263995
12-17 11:06:36.883  1121  1769 I InputReader: Touch event's action is 0x1 (id=7, t=0) [pCnt=1, s=] when=324133.263995
12-17 11:06:36.883  1121  1768 I InputDispatcher: Delivering touch to (2577): action: 0x1, f=0x0, d=0, 'd68a580', t=1 
12-17 11:06:36.883  2577  2577 W BaseDragLayer: findActiveController return false mTouchDispatchState = 9
12-17 11:06:36.883  2577  2577 I ViewRootImpl@90fb52a[RecentsActivity]: ViewPostIme pointer 1
12-17 11:06:36.884  2577  2577 W TaskViewTouchController: onControllerInterceptTouchEvent, clearState.
12-17 11:06:36.884  2577  2577 W BaseDragLayer: findActiveController return false mTouchDispatchState = 0
