12-17 11:06:36.195  1121  3238 I WindowManager: Reparenting to leash, surface=Surface(name=Task=8342)/@0x1913050, leashParent=Surface(name=Task=1)/@0x5801f9b
12-17 11:06:36.196  2577  2577 I RecentsView: applyLoadPlan, tasks : [[id=9005 windowingMode=1 user=0 lastActiveTime=592797089] null]
12-17 11:06:36.196   961  3817 I SurfaceFlinger: id=84305 createSurf (0x0),-1 flag=24000, Surface(name=Task=8342)/@0x1913050 - animation-leash of recents_animation#0
12-17 11:06:36.196  1121  3238 D WindowManager: makeSurface duration=1 leash=Surface(name=Surface(name=Task=8342)/@0x1913050 - animation-leash of recents_animation)/@0x592f868
12-17 11:06:36.196  1121  3238 D WindowManager: addAnimation(Task=8344)
12-17 11:06:36.197  1121  3238 I WindowManager: Reparenting to leash, surface=Surface(name=Task=8344)/@0x219074e, leashParent=Surface(name=Task=8343)/@0x936106f
12-17 11:06:36.197  2577  2577 I RecentsView: resetTaskVisuals
12-17 11:06:36.197  2577  2577 I RecentsView: setRunningTaskHidden, isHidden : true
12-17 11:06:36.197  1121  4487 W ServiceManager: Permission failure: android.permission.HIGH_SAMPLING_RATE_SENSORS from uid=10113 pid=4543
12-17 11:06:36.197  2577  2577 I RecentsView: applyLoadPlan requiredTask 1 loadedTaskCount 1
12-17 11:06:36.197   961  3817 I SurfaceFlinger: id=84306 createSurf (0x0),-1 flag=24000, Surface(name=Task=8344)/@0x219074e - animation-leash of recents_animation#0
12-17 11:06:36.198  1121  3238 D WindowManager: makeSurface duration=1 leash=Surface(name=Surface(name=Task=8344)/@0x219074e - animation-leash of recents_animation)/@0xfb3a481
12-17 11:06:36.198  1121  3238 D WindowManager: setHomeApp(ActivityRecord{a8f18a6 u0 com.sec.android.app.launcher/com.android.quickstep.RecentsActivity t8344})
12-17 11:06:36.198  1121  3238 D WindowManager: onStartRecentsAnimation, r=ActivityRecord{a8f18a6 u0 com.sec.android.app.launcher/com.android.quickstep.RecentsActivity t8344}
12-17 11:06:36.198  1121  3238 V WindowManager: rotationForOrientation(orient=SCREEN_ORIENTATION_UNSPECIFIED (-1), last=ROTATION_0 (0)); user=ROTATION_0 (0) USER_ROTATION_LOCKED
12-17 11:06:36.198  1121  3238 D WindowManager: rotationForOrientation, orientationSource=ActivityRecord{631b400 u0 app.olauncher/.MainActivity t8342}
12-17 11:06:36.199  1121  3238 V WindowManager: Setting visibility of Window{d68a580 u0 com.sec.android.app.launcher/com.android.quickstep.RecentsActivity}: true, caller=com.android.server.wm.WindowContainer.sendAppVisibilityToClients:1104 com.android.server.wm.WindowToken.setClientVisible:448 com.android.server.wm.ActivityRecord.setClientVisible:6985 com.android.server.wm.ActivityRecord.setVisibility:5424 com.android.server.wm.ActivityRecord.setVisibility:5319 
12-17 11:06:36.200  1121  3238 I SemDvfsHyPerManager: acquire hyper - AMS_APP_LAUNCH/1121@18, type = -999
12-17 11:06:36.201  1121  3238 D WindowManager: startAnimation(): mPendingStart=true mCanceled=false
12-17 11:06:36.201  1121  3238 D WindowManager: createWallpaperAnimations()
12-17 11:06:36.202  1121  3238 D WindowManager: 	visible=WallpaperWindowToken{1950076 token=android.os.Binder@cf32711}
12-17 11:06:36.202  1121  3238 I WindowManager: Reparenting to leash, surface=Surface(name=WallpaperWindowToken{1950076 token=android.os.Binder@cf32711})/@0x9bd448b, leashParent=Surface(name=Leaf:0:1)/@0xefab968
12-17 11:06:36.202   961  3817 I SurfaceFlinger: id=84307 createSurf (0x0),-1 flag=24000, Surface(name=WallpaperWindowToken{1950076 token=android.os.Binder@cf32711})/@0x9bd448b - animation-leash of window_animation#0
12-17 11:06:36.202  1121  3238 D WindowManager: makeSurface duration=1 leash=Surface(name=Surface(name=WallpaperWindowToken{1950076 token=android.os.Binder@cf32711})/@0x9bd448b - animation-leash of window_animation)/@0x8628926
12-17 11:06:36.202  1121  3238 D WindowManager: startAnimation
12-17 11:06:36.203  1121  3238 D WindowManager: startAnimation(): Notify animation start: [8342, 8344]
12-17 11:06:36.205  2577  2899 I RecentsAnimationCallbacks: onAnimationStart
12-17 11:06:36.205  2577  2899 I RemoteAnimationTargets: unfilteredApps : [Lcom.android.systemui.shared.system.RemoteAnimationTargetCompat;@bbbc15b apps : [Lcom.android.systemui.shared.system.RemoteAnimationTargetCompat;@bbbc15b wallpapers : [Lcom.android.systemui.shared.system.RemoteAnimationTargetCompat;@b3d3df8 targetMode : 1 hasRecents : true
12-17 11:06:36.205  2577  2577 I RecentsAnimationCallbacks: onAnimationStart, MAIN_EXECUTOR
12-17 11:06:36.205  2577  2577 I OverviewCommandHelper: onRecentsAnimationStart, controller : com.android.quickstep.RecentsAnimationController@7c522d1 targets : com.android.quickstep.RecentsAnimationTargets@e31b136
12-17 11:06:36.205  2577  2577 I AbsSwipeUpHandler: onGestureEnded
12-17 11:06:36.205  2577  2577 I MultiStateCallback: [21811357] Adding [STATE_GESTURE_COMPLETED (512)] to [STATE_LAUNCHER_PRESENT, STATE_GESTURE_STARTED (129)]
12-17 11:06:36.205  2577  2577 I MultiStateCallback: [206658828] Adding [STATE_END_TARGET_SET (1)] to [STATE_RECENTS_ANIMATION_INITIALIZED (4)]
12-17 11:06:36.206  2577  2577 W OrientationTouchTransformer: resetSwipeRegions, mSwipeTouchRegions[CurrentDisplay: rotation: 0 size: Point(1080, 2280)] = RectF(0.0, 2154.0, 1080.0, 2280.0) rotation: 0
12-17 11:06:36.206  2577  2577 I RotationTouchHelper: enableMultipleRegions, mOrientationListener disable
12-17 11:06:36.206  2577  2577 I RotationTouchHelper: enableMultipleRegions, RECENTS
12-17 11:06:36.206  2577  2577 W OrientationTouchTransformer: resetSwipeRegions, mSwipeTouchRegions[CurrentDisplay: rotation: 0 size: Point(1080, 2280)] = RectF(0.0, 2154.0, 1080.0, 2280.0) rotation: 0
12-17 11:06:36.206  2577  2577 I RotationTouchHelper: enableMultipleRegions, mOrientationListener disable
12-17 11:06:36.206  2577  2577 I RotationTouchHelper: enableMultipleRegions, mExitOverviewRunnable
12-17 11:06:36.206  2577  2577 I RecentsOrientedState: current RecentsOrientedState: [this=RecentsOrientedState@163564006 mOrientationHandler=PortraitPagedViewHandler@226672743 mDisplayRotation=0 mTouchRotation=0 mRecentsActivityRotation=0 mRecentsRotation=0 isRecentsActivityRotationAllowed=true mSystemRotation=false mStateId=13184 mFlags=103]
12-17 11:06:36.206  2577  2577 I AbsSwipeUpHandler: handleNormalGestureEnd, endTarget = RECENTS, isFling = false
12-17 11:06:36.207  2577  2577 I MultiStateCallback: [206658828] Adding [STATE_RECENTS_SCROLLING_FINISHED (256)] to [STATE_END_TARGET_SET, STATE_RECENTS_ANIMATION_INITIALIZED (5)]
12-17 11:06:36.207  2577  2577 I AbsSwipeUpHandler: animateToProgress, target = RECENTS
12-17 11:06:36.207  2577  2577 I RecentsAnimationCallbacks: removeListener, listener : com.android.quickstep.OverviewCommandHelper$1@ccc786a
12-17 11:06:36.207  2577  2577 I TaskAnimationManager: onRecentsAnimationStart
12-17 11:06:36.207  2577  2577 I MultiStateCallback: [206658828] Adding [STATE_RECENTS_ANIMATION_STARTED (8)] to [STATE_END_TARGET_SET, STATE_RECENTS_ANIMATION_INITIALIZED, STATE_RECENTS_SCROLLING_FINISHED (261)]
12-17 11:06:36.207  2577  2577 I AbsSwipeUpHandler: onRecentsAnimationStart
12-17 11:06:36.207  2577  2577 I AbsSwipeUpHandler: animateToProgress, target set. but launcher not started
12-17 11:06:36.207  2577  2577 I MultiStateCallback: [21811357] Adding [STATE_APP_CONTROLLER_RECEIVED (8)] to [STATE_LAUNCHER_PRESENT, STATE_GESTURE_STARTED, STATE_GESTURE_COMPLETED (641)]
12-17 11:06:36.208  4575  4575 V NativeCrypto: Registering com/google/android/gms/org/conscrypt/NativeCrypto's 305 native methods...
12-17 11:06:36.208  2577  2577 I RecentsAnimationController: enableInputConsumer
12-17 11:06:36.209  2577  7009 I AppIconSolution: getThemeIconWithBG called with public API, pkg = com.main.focuspact.release
12-17 11:06:36.209  2577  7009 I AppIconSolution: start to load, pkg=com.main.focuspact.release, bg=192-192, dr=126-126, forDefault=true, density=420
12-17 11:06:36.210  2577  7009 I AppIconSolution: getIconScale, pkg=com.main.focuspact.release, size=126, iconScale=IconScale[alpha=13, scale=1.0, isCrop=true]
12-17 11:06:36.211  2577  7009 I AppIconSolution: default container[CROP], pkg=com.main.focuspact.release, bg=100-100, dr=126-126, isNight = false
12-17 11:06:36.211  2577  2577 I ViewRootImpl@90fb52a[RecentsActivity]: handleAppVisibility mAppVisible=false visible=true
12-17 11:06:36.212  2577  2577 I ViewRootImpl@90fb52a[RecentsActivity]: stopped(false) old=true
12-17 11:06:36.212  2577  7009 I LauncherActivityInfo: packageName: com.main.focuspact.release, useThemeIcon: false, height: 100, width: 100, density: 420
12-17 11:06:36.212  2577  2577 I BaseActivity: addActivityFlags, flags : 1
12-17 11:06:36.212  2577  2577 I AbsSwipeUpHandler: onLauncherStart
12-17 11:06:36.212  2577  2577 I RecentsOrientedState: setRecentsRotation 0
12-17 11:06:36.212  2577  2577 I RecentsOrientedState: current RecentsOrientedState: [this=RecentsOrientedState@163564006 mOrientationHandler=PortraitPagedViewHandler@226672743 mDisplayRotation=0 mTouchRotation=0 mRecentsActivityRotation=0 mRecentsRotation=0 isRecentsActivityRotationAllowed=true mSystemRotation=false mStateId=13184 mFlags=103]
12-17 11:06:36.212  2577  2577 I RecentsView: hsUpdateRecentsRotation, isOrientedStateChanged: false, rotation: 0
12-17 11:06:36.212  2577  2577 I RecentsOrientedState: current RecentsOrientedState: [this=RecentsOrientedState@163564006 mOrientationHandler=PortraitPagedViewHandler@226672743 mDisplayRotation=0 mTouchRotation=0 mRecentsActivityRotation=0 mRecentsRotation=0 isRecentsActivityRotationAllowed=true mSystemRotation=false mStateId=13184 mFlags=103]
12-17 11:06:36.212  2577  2577 I StateManager: onStateTransitionStart mState = Ordinal-2
12-17 11:06:36.212  2577  2577 I RecentsView: setOverviewStateEnabled true
12-17 11:06:36.213  2577  2577 I RecentsOrientedState: current RecentsOrientedState: [this=RecentsOrientedState@163564006 mOrientationHandler=PortraitPagedViewHandler@226672743 mDisplayRotation=0 mTouchRotation=0 mRecentsActivityRotation=0 mRecentsRotation=0 isRecentsActivityRotationAllowed=true mSystemRotation=false mStateId=13184 mFlags=103]
12-17 11:06:36.213  2577  2577 I RecentsView: resetTaskVisuals
12-17 11:06:36.213  2577  2577 I RecentsView: setRunningTaskHidden, isHidden : true
12-17 11:06:36.213  2577  2577 W RecentsUIController: update suggestedApps visibility -> isVisible ? false, event: ON_EXIT
12-17 11:06:36.213  1121  1455 D SSRM:LoadDetectMonitor: PID = 2577, UID = 10109
12-17 11:06:36.213  1979  1979 D PopupUI.PopupUI: PopupUIReceiver.onReceive() action : android.intent.action.CLOSE_SYSTEM_DIALOGS
12-17 11:06:36.213  2577  2577 I HandOffImpl: updateVisibility: false
12-17 11:06:36.214  2577  2577 I StateManager: onStateTransitionEnd mState : Ordinal-2
12-17 11:06:36.214  2577  2577 I StateManager: goToStateAnimated mStateChanged is false
12-17 11:06:36.214  2577  2577 I StateManager: goToState no animation to Ordinal-2
12-17 11:06:36.214  2577  2577 I AbsSwipeUpHandler: maybeUpdateRecentsAttachedState, animate : false
12-17 11:06:36.214  2577  2577 I MultiStateCallback: [21811357] Adding [STATE_LAUNCHER_STARTED (2)] to [STATE_LAUNCHER_PRESENT, STATE_APP_CONTROLLER_RECEIVED, STATE_GESTURE_STARTED, STATE_GESTURE_COMPLETED (649)]
12-17 11:06:36.214  2577  2577 I BaseDraggingActivity: onStart mOnStartCallback run
12-17 11:06:36.214  1979  1979 D Navbar.NavigationBar: onPrioritizedRotation rotation : 0
12-17 11:06:36.214  2577  2577 W RecentsUIController: update suggestedApps visibility -> isVisible ? true, event: ON_ENTER
12-17 11:06:36.214  2577  2577 W RecentsUIController: update clearAllButton visibility -> isVisible ? true
12-17 11:06:36.214  2577  2577 W RecentsUIController: update searchBar visibility -> isVisible ? true
12-17 11:06:36.214 14745 14808 I SAMSUNGWALLET: [Hint_ProcessStatusChange] fg Change, pid : 2577 , isNotify : true , isForeground : true , fg list : [2577, 14691]
12-17 11:06:36.215  1121  2208 D WindowManager: setInputConsumerEnabled(true): mCanceled=false
12-17 11:06:36.216 14745 14745 I SAMSUNGWALLET: [Hint_PayHintService] onReceive() action=android.intent.action.CLOSE_SYSTEM_DIALOGS
12-17 11:06:36.218  1979  1979 D Navbar.NavigationBar: onPrioritizedRotation rotation : -1
12-17 11:06:36.218  1979  1979 D LocationControllerImpl: onReceive() = android.intent.action.CLOSE_SYSTEM_DIALOGS
12-17 11:06:36.218  1979  1979 V ShadeControllerImpl: NotificationShadeWindow: com.android.systemui.statusbar.phone.NotificationShadeWindowView{5f21291 I.E...... ......ID 0,0-1080,2280 aid=594} canPanelBeCollapsed(): false
12-17 11:06:36.218  1979  1979 D Bubbles : setExpanded: false
12-17 11:06:36.218  1979  1979 D Bubbles : setExpandedInternal: shouldExpand=false
12-17 11:06:36.218  1979  1979 D QSMoreButton: action:android.intent.action.CLOSE_SYSTEM_DIALOGS
12-17 11:06:36.218  1979  1979 D SecVolume.SecVolumeStore: dispatch [ACTION_DISMISS_REQUESTED] with [STATE_NO_DISPATCH]
12-17 11:06:36.218  1979  1979 D SecVolume.SecVolumeStore:   > New State : [STATE_NO_DISPATCH]
12-17 11:06:36.220 14745 15758 I SAMSUNGWALLET: [Hint_SimpleHintProcessMonitor] isHomePackageRunning topPkgName = app.olauncher, topClsName = app.olauncher.MainActivity, return true , se : false
12-17 11:06:36.220 14745 14745 I SAMSUNGWALLET: [Hint_PayHintService] Hint Status - already visible, skip show
12-17 11:06:36.222  4543  4649 W cbqo    : No value provided for the places model index flag.
12-17 11:06:36.223  4543  4649 W cbqo    : No value provided for the places model index flag.
12-17 11:06:36.230  1121  3238 V WindowManager: Relayout Window{d68a580 u0 com.sec.android.app.launcher/com.android.quickstep.RecentsActivity}: viewVisibility=0 req=1080x2280 d0
12-17 11:06:36.230   961  3817 I SurfaceFlinger: id=84308 createSurf (1080x2280),-3 flag=40004, com.sec.android.app.launcher/com.android.quickstep.RecentsActivity$_2577#0
12-17 11:06:36.230  1121  3238 D WindowManager: makeSurface duration=1 name=com.sec.android.app.launcher/com.android.quickstep.RecentsActivity$_2577
12-17 11:06:36.232  1121  3238 V WindowManager: Changing focus from Window{135d8f6 u0 app.olauncher/app.olauncher.MainActivity} to null displayId=0 Callers=com.android.server.wm.RootWindowContainer.updateFocusedWindowLocked:583 com.android.server.wm.WindowManagerService.updateFocusedWindowLocked:6480 com.android.server.wm.WindowManagerService.relayoutWindow:2750 com.android.server.wm.Session.relayout:242 
12-17 11:06:36.232  1121  3238 D StatusBarManagerService: notifyRequestedSystemKey recent=false home=false
12-17 11:06:36.233  1121  3238 V WindowManager: Relayout hash=d68a580, pid=2577: mAttrs={(0,0)(fillxfill) sim={adjust=pan forwardNavigation} ty=BASE_APPLICATION fmt=TRANSPARENT wanim=0x10302f2
12-17 11:06:36.233  1121  3238 V WindowManager:   fl=81910100
12-17 11:06:36.233  1121  3238 V WindowManager:   pfl=12020040
12-17 11:06:36.233  1121  3238 V WindowManager:   vsysui=1700
12-17 11:06:36.233  1121  3238 V WindowManager:   bhv=SHOW_TRANSIENT_BARS_BY_SWIPE
12-17 11:06:36.233  1121  3238 V WindowManager:   fitSides= naviIconColor=0}
12-17 11:06:36.234  2577  2577 I ViewRootImpl@90fb52a[RecentsActivity]: Relayout returned: old=(0,0,1080,2280) new=(0,0,1080,2280) req=(1080,2280)0 dur=4 res=0x7 s={true -5476376658955450208} ch=true fn=-1
12-17 11:06:36.235  2577  2577 I ViewRootImpl@90fb52a[RecentsActivity]: [DP] dp(1) 1 android.view.ViewRootImpl.reportNextDraw:11374 android.view.ViewRootImpl.performTraversals:4167 android.view.ViewRootImpl.doTraversal:2893 
12-17 11:06:36.235  2577  2577 I MultiStateCallback: [21811357] Adding [STATE_LAUNCHER_DRAWN (4)] to [STATE_LAUNCHER_PRESENT, STATE_LAUNCHER_STARTED, STATE_APP_CONTROLLER_RECEIVED, STATE_GESTURE_STARTED, STATE_GESTURE_COMPLETED (651)]
12-17 11:06:36.235  2577  2577 I RecentsOrientedState: current RecentsOrientedState: [this=RecentsOrientedState@163564006 mOrientationHandler=PortraitPagedViewHandler@226672743 mDisplayRotation=0 mTouchRotation=0 mRecentsActivityRotation=0 mRecentsRotation=0 isRecentsActivityRotationAllowed=true mSystemRotation=false mStateId=13184 mFlags=103]
12-17 11:06:36.236  2577  2577 I LatencyTracker: ACTION_TOGGLE_RECENTS latency=-268743912
12-17 11:06:36.240  2577  4913 I BufferQueueProducer: [ViewRootImpl@90fb52a[RecentsActivity]#195(BLAST Consumer)195](id:a11000000c8,api:1,p:2577,c:2577) queueBuffer: queued for the first time.
12-17 11:06:36.241  2577  2577 I ViewRootImpl@90fb52a[RecentsActivity]: [DP] pdf(0) 1 android.view.ViewRootImpl.lambda$addFrameCompleteCallbackIfNeeded$3$ViewRootImpl:4969 android.view.ViewRootImpl$$ExternalSyntheticLambda16.run:6 android.os.Handler.handleCallback:938 
12-17 11:06:36.241  2577  2577 I ViewRootImpl@90fb52a[RecentsActivity]: [DP] rdf()
12-17 11:06:36.241  2577  2577 I RecentsView: applyLoadPlan, tasks : [[id=9005 windowingMode=1 user=0 lastActiveTime=592797089] null]
12-17 11:06:36.242  1121  3238 D WindowManager: finishDrawingWindow: Window{d68a580 u0 com.sec.android.app.launcher/com.android.quickstep.RecentsActivity} mDrawState=DRAW_PENDING
12-17 11:06:36.242  2577  2577 I RecentsView: resetTaskVisuals
12-17 11:06:36.242  2577  2577 I RecentsView: setRunningTaskHidden, isHidden : true
12-17 11:06:36.244  2577  2577 I RecentsView: applyLoadPlan requiredTask 1 loadedTaskCount 1
12-17 11:06:36.245  2577  2670 I SPayUpdater: updateSpayHandler, show = false, defaultPage = false
12-17 11:06:36.245   961   961 E SurfaceFlinger: Attempt to update InputPolicyFlags without permission ACCESS_SURFACE_FLINGER
12-17 11:06:36.246 14745 14745 I SAMSUNGWALLET: [Hint_PayHintService] onReceive() action=com.sec.android.app.launcher.intent.action.UPDATE_SPAY_HANDLER
12-17 11:06:36.246 14745 14745 I SAMSUNGWALLET: [Hint_PayHintService] home change, s home : false , default : false , gesture : false , s result : false , prev : false
12-17 11:06:36.247  2577  2577 W AbsSwipeUpHandler: animateToProgressInternal, target = RECENTS
12-17 11:06:36.247  2577  2577 I AbsSwipeUpHandler: maybeUpdateRecentsAttachedState, animate : true
12-17 11:06:36.247  2577  2577 I AbsSwipeUpHandler: playTransitionAnimation
12-17 11:06:36.247  2577  2577 W SuggestedAppsViewImpl: update fromHome = false, animated = true
12-17 11:06:36.247  2577  2577 I RecentsView: setCurrentTask, runningTaskId : -1
12-17 11:06:36.247  2577  2577 I RecentsView: setRunningTaskHidden, isHidden : true
12-17 11:06:36.248  2577  2577 I RecentsView: setRunningTaskHidden, isHidden : false
12-17 11:06:36.248  2577  2671 I RecentModel: getTasks callback : com.android.quickstep.suggestedapps.-$$Lambda$SuggestedItemsProvider$RzPdectLssnc_rKQA6F853yrPBM@a59ea1f
12-17 11:06:36.248  2577  2671 I RecentTasksList: getTasks, loadKeysOnly : false callback : com.android.quickstep.suggestedapps.-$$Lambda$SuggestedItemsProvider$RzPdectLssnc_rKQA6F853yrPBM@a59ea1f usePostHandle : true
12-17 11:06:36.248  2577  2577 I AbsSwipeUpHandler: computeRecentsScrollIfInvisible
12-17 11:06:36.248  2577  2577 I AbsSwipeUpHandler: computeRecentsScrollIfInvisible
12-17 11:06:36.249  1121  1454 D [secipm]: mSecIpmManager report to nap
12-17 11:06:36.249  1121  1454 I PkgPredictorService-SecIpmManagerServiceImpl: reportToNAP uid:10109 com.sec.android.app.launcher/com.android.quickstep.RecentsActivity thisTime:53
12-17 11:06:36.249  1121  3238 D InputDispatcher: Focus left window (0): 135d8f6 app.olauncher/app.olauncher.MainActivity
12-17 11:06:36.249  1121  3238 D InputDispatcher: Focus entered window (0): recents_animation_input_consumer
12-17 11:06:36.250 14691 14691 I ViewRootImpl@7af405b[MainActivity]: MSG_WINDOW_FOCUS_CHANGED 0 1
12-17 11:06:36.252   961   961 D SurfaceFlinger: Display 4630947232161729153 HWC layers:
12-17 11:06:36.252   961   961 D SurfaceFlinger:      DEVICE | 0xb4000075a2e879c0 | 0100 | RGBx_8888    |  300.0    0.0 1380.0 2280.0 |    0    0 1080 2280 | Wallpaper BBQ wrapper#0
12-17 11:06:36.252   961   961 D SurfaceFlinger:      DEVICE | 0xb4000075a2e9e7f0 | 0100 | RGBA_8888    |    0.0    0.0 1080.0 2280.0 |    0    0 1080 2280 | app.olauncher/app.olauncher.MainActivity$_14691#0
12-17 11:06:36.252   961   961 D SurfaceFlinger:      DEVICE | 0xb4000075a2ea0020 | 0100 | RGBA_8888    |    0.0    0.0 1080.0 2280.0 |    0    0 1080 2280 | com.sec.android.app.launcher/com.android.quickstep.RecentsActivity$_2577#0
12-17 11:06:36.252   961   961 D SurfaceFlinger:      DEVICE | 0xb4000075a2ea4790 | 0100 | RGBA_8888    |    0.0    0.0 1080.0  112.0 |    0    0 1080  112 | StatusBar$_1979#0
12-17 11:06:36.252   961   961 D SurfaceFlinger:      DEVICE | 0xb4000075a2e6c270 | 0100 | RGBA_8888    |    0.0    0.0   67.0  329.0 | 1013  753 1080 1082 | com.samsung.android.app.cocktailbars[...]arservice.CocktailBarService$_9945#0
12-17 11:06:36.252   961   961 D SurfaceFlinger:      DEVICE | 0xb4000075a2e9db00 | 0100 | RGBA_8888    |    0.0    0.0 1080.0  126.0 |    0 2154 1080 2280 | NavigationBar0$_1979#0
12-17 11:06:36.252   961   961 D SurfaceFlinger:      DEVICE | 0xb4000075a2ea2660 | 0100 | RGBA_8888    |    0
12-17 11:06:36.252   961   961 D SurfaceFlinger: .0    0.0  521.0   63.0 |  279 2217  800 2280 | com.samsung.android.spay.pay.HintService$_14745#0
12-17 11:06:36.252   961   961 D SurfaceFlinger: 
12-17 11:06:36.256  2577  2593 W System  : A resource failed to call release. 
12-17 11:06:36.256  2577  2593 W System  : A resource failed to call release. 
12-17 11:06:36.256  2577  2593 W System  : A resource failed to call release. 
12-17 11:06:36.256   961  3817 I SurfaceFlinger: id=84185 Removed Surface(name=WallpaperWindowToken{1950076 token=android.os.Binder@cf32711})/@0x9bd448b - animation-leash of window_animation#0 (129)
12-17 11:06:36.256   961  3817 I SurfaceFlinger: id=84183 Removed Surface(name=Task=8343)/@0x936106f - animation-leash of app_transition#0 (129)
12-17 11:06:36.256   961  3817 I SurfaceFlinger: id=84184 Removed Surface(name=Task=1)/@0x5801f9b - animation-leash of app_transition#0 (129)
12-17 11:06:36.258  2577  2593 W System  : A resource failed to call release. 
12-17 11:06:36.258  2577  2593 W System  : A resource failed to call release. 
12-17 11:06:36.258  2577  2593 W System  : A resource failed to call release. 
12-17 11:06:36.258   961  1020 I SurfaceFlinger: id=84086 Removed Surface(name=WallpaperWindowToken{1950076 token=android.os.Binder@cf32711})/@0x9bd448b - animation-leash of window_animation#0 (129)
12-17 11:06:36.258   961  1020 I SurfaceFlinger: id=84084 Removed Surface(name=Task=8343)/@0x936106f - animation-leash of app_transition#0 (129)
12-17 11:06:36.258   961  1020 I SurfaceFlinger: id=84085 Removed Surface(name=Task=1)/@0x5801f9b - animation-leash of app_transition#0 (129)
12-17 11:06:36.261   961   961 E SurfaceFlinger: Attempt to update InputPolicyFlags without permission ACCESS_SURFACE_FLINGER
12-17 11:06:36.262  2577  2577 I AbsSwipeUpHandler: computeRecentsScrollIfInvisible
12-17 11:06:36.262   961   961 I Layer   : id=84085 Destroyed Surface(name=Task=1)/@0x5801f9b - animation-leash of app_transition#0
12-17 11:06:36.262   961   961 I Layer   : id=84084 Destroyed Surface(name=Task=8343)/@0x936106f - animation-leash of app_transition#0
12-17 11:06:36.262   961   961 I Layer   : id=84185 Destroyed Surface(name=WallpaperWindowToken{1950076 token=android.os.Binder@cf32711})/@0x9bd448b - animation-leash of window_animation#0
12-17 11:06:36.262   961   961 I Layer   : id=84086 Destroyed Surface(name=WallpaperWindowToken{1950076 token=android.os.Binder@cf32711})/@0x9bd448b - animation-leash of window_animation#0
12-17 11:06:36.262   961   961 I Layer   : id=84183 Destroyed Surface(name=Task=8343)/@0x936106f - animation-leash of app_transition#0
12-17 11:06:36.262   961   961 I Layer   : id=84184 Destroyed Surface(name=Task=1)/@0x5801f9b - animation-leash of app_transition#0
12-17 11:06:36.278   961   961 E SurfaceFlinger: Attempt to update InputPolicyFlags without permission ACCESS_SURFACE_FLINGER
12-17 11:06:36.278  2577  2577 I AbsSwipeUpHandler: computeRecentsScrollIfInvisible
12-17 11:06:36.278  2577  2577 I AbsSwipeUpHandler: updateSysUiFlags, windowProgress : 0.07262558
12-17 11:06:36.278  2577  2577 I RecentsAnimationController: setWillFinishToHome, willFinishToHome : false
12-17 11:06:36.279  1121  1121 D InputMethodManagerServicePhysicalKey: isConnectedDexOnPC false
12-17 11:06:36.279  1121  1121 D InputMethodManagerService: isImeSwitcherDisabledPackage : false
12-17 11:06:36.279  1121  1459 I WindowManager: Cancelling animation restarting=true, leash=Surface(name=Surface(name=ea69f6a StatusBar)/@0xf1dbd58 - animation-leash of insets_animation)/@0x488320c
12-17 11:06:36.279  1121  1459 I WindowManager: Reparenting to original parent: Surface(name=WindowToken{824d955 android.os.BinderProxy@1c84b3f})/@0x96a9eb1, destroy=false, surface=Surface(name=ea69f6a StatusBar)/@0xf1dbd58
12-17 11:06:36.279  1121  1459 I WindowManager: Reparenting to leash, surface=Surface(name=ea69f6a StatusBar)/@0xf1dbd58, leashParent=Surface(name=WindowToken{824d955 android.os.BinderProxy@1c84b3f})/@0x96a9eb1
12-17 11:06:36.280  2577  7050 I ViewRootImpl@90fb52a[RecentsActivity]: mWNT: t = android.view.SurfaceControl$Transaction@f31c335 fN = 4 com.android.systemui.shared.system.ViewRootImplCompat.mergeWithNextTransaction:62 com.android.quickstep.util.SurfaceTransactionApplier.lambda$scheduleApply$0$SurfaceTransactionApplier:94 com.android.quickstep.util.-$$Lambda$SurfaceTransactionApplier$Xj9m0ayWHIr2xvQnKB4EJdxg8RU.accept:6 
12-17 11:06:36.280  2577  7050 I ViewRootImpl@90fb52a[RecentsActivity]: mWNT: merge t to BBQ
12-17 11:06:36.280   961  1020 I SurfaceFlinger: id=84309 createSurf (0x0),-1 flag=24000, Surface(name=ea69f6a StatusBar)/@0xf1dbd58 - animation-leash of insets_animation#0
12-17 11:06:36.280  1121  1459 D WindowManager: makeSurface duration=1 leash=Surface(name=Surface(name=ea69f6a StatusBar)/@0xf1dbd58 - animation-leash of insets_animation)/@0x53a6c80
12-17 11:06:36.280  1121  1459 I WindowManager: Cancelling animation restarting=true, leash=Surface(name=Surface(name=95a12b5 NavigationBar0)/@0x20fa717 - animation-leash of insets_animation)/@0x16bd56a
12-17 11:06:36.280  1121  1459 I WindowManager: Reparenting to original parent: Surface(name=WindowToken{6cacd9f android.os.BinderProxy@adb6ff9})/@0x85d5704, destroy=false, surface=Surface(name=95a12b5 NavigationBar0)/@0x20fa717
12-17 11:06:36.280  1121  1459 I WindowManager: Reparenting to leash, surface=Surface(name=95a12b5 NavigationBar0)/@0x20fa717, leashParent=Surface(name=WindowToken{6cacd9f android.os.BinderProxy@adb6ff9})/@0x85d5704
12-17 11:06:36.281  2577  2577 I SuggestedAppsViewImpl: updateItemsInternal animate : true, alpha: 0.0, visibility: 0, overview: true, isFallbackHidingEvent: false
12-17 11:06:36.281  2577  2577 I SuggestedAppsViewImpl: calculate 246-247 layout : 1004
12-17 11:06:36.281  2577  2577 W SuggestedAppsViewImpl: setGridSize 4x1
12-17 11:06:36.281  2577  2577 W SuggestedAppsBinder: bindItems 4
12-17 11:06:36.281   961  1077 I SurfaceFlinger: id=84310 createSurf (0x0),-1 flag=24000, Surface(name=95a12b5 NavigationBar0)/@0x20fa717 - animation-leash of insets_animation#0
12-17 11:06:36.283  1121  1459 D WindowManager: makeSurface duration=2 leash=Surface(name=Surface(name=95a12b5 NavigationBar0)/@0x20fa717 - animation-leash of insets_animation)/@0x71796fe
12-17 11:06:36.285  2577  2899 I TouchInteractionService: onSystemUiStateChanged, stateFlags : 0
12-17 11:06:36.286  4543  4649 I ahal    : getLocaleToModelSpecsMap
12-17 11:06:36.287  4543  4649 I ahal    : Fetching latest config from MDD...
12-17 11:06:36.287  4575  4575 I ProviderInstaller: Installed default security provider GmsCore_OpenSSL
12-17 11:06:36.295  2577  2577 I AbsSwipeUpHandler: computeRecentsScrollIfInvisible
12-17 11:06:36.295  2577  2577 I AbsSwipeUpHandler: updateSysUiFlags, windowProgress : 0.18149489
12-17 11:06:36.295  2577  2577 I RecentsAnimationController: setWillFinishToHome, willFinishToHome : true
12-17 11:06:36.295   961   961 E SurfaceFlinger: Attempt to update InputPolicyFlags without permission ACCESS_SURFACE_FLINGER
12-17 11:06:36.295   961   961 I Layer   : id=84303 removedFromDrawingState Surface(name=ea69f6a StatusBar)/@0xf1dbd58 - animation-leash of insets_animation#1 (125)
12-17 11:06:36.295   961   961 I Layer   : id=84304 removedFromDrawingState Surface(name=95a12b5 NavigationBar0)/@0x20fa717 - animation-leash of insets_animation#1 (125)
12-17 11:06:36.295   961   961 I SurfaceFlinger: id=84303 Removed Surface(name=ea69f6a StatusBar)/@0xf1dbd58 - animation-leash of insets_animation#1 (125)
12-17 11:06:36.295   961   961 I SurfaceFlinger: id=84304 Removed Surface(name=95a12b5 NavigationBar0)/@0x20fa717 - animation-leash of insets_animation#1 (125)
12-17 11:06:36.296   961   961 I Layer   : id=84303 Destroyed Surface(name=ea69f6a StatusBar)/@0xf1dbd58 - animation-leash of insets_animation#1
12-17 11:06:36.296   961   961 I Layer   : id=84304 Destroyed Surface(name=95a12b5 NavigationBar0)/@0x20fa717 - animation-leash of insets_animation#1
12-17 11:06:36.296  2577  2577 I TouchInteractionService: onSystemUiFlagsChanged, userUnlocked
12-17 11:06:36.296  2577  7051 I ViewRootImpl@90fb52a[RecentsActivity]: mWNT: t = android.view.SurfaceControl$Transaction@3d093b fN = 5 com.android.systemui.shared.system.ViewRootImplCompat.mergeWithNextTransaction:62 com.android.quickstep.util.SurfaceTransactionApplier.lambda$scheduleApply$0$SurfaceTransactionApplier:94 com.android.quickstep.util.-$$Lambda$SurfaceTransactionApplier$Xj9m0ayWHIr2xvQnKB4EJdxg8RU.accept:6 
12-17 11:06:36.296  2577  7051 I ViewRootImpl@90fb52a[RecentsActivity]: mWNT: merge t to BBQ
12-17 11:06:36.298  4543  4649 I ahal    : (REDACTED) Found map of size: %d
12-17 11:06:36.311   961   961 E SurfaceFlinger: Attempt to update InputPolicyFlags without permission ACCESS_SURFACE_FLINGER
12-17 11:06:36.311  2577  2577 I AbsSwipeUpHandler: computeRecentsScrollIfInvisible
12-17 11:06:36.311  2577  2577 I AbsSwipeUpHandler: updateSysUiFlags, windowProgress : 0.30618712
12-17 11:06:36.312  2577  2577 I RecentsAnimationController: setWillFinishToHome, willFinishToHome : true
12-17 11:06:36.312  2577  7050 I ViewRootImpl@90fb52a[RecentsActivity]: mWNT: t = android.view.SurfaceControl$Transaction@16f1858 fN = 6 com.android.systemui.shared.system.ViewRootImplCompat.mergeWithNextTransaction:62 com.android.quickstep.util.SurfaceTransactionApplier.lambda$scheduleApply$0$SurfaceTransactionApplier:94 com.android.quickstep.util.-$$Lambda$SurfaceTransactionApplier$Xj9m0ayWHIr2xvQnKB4EJdxg8RU.accept:6 
12-17 11:06:36.312  2577  7050 I ViewRootImpl@90fb52a[RecentsActivity]: mWNT: merge t to BBQ
12-17 11:06:36.317  4543  4649 I alhx    : (REDACTED) Initializing MicroDataManager InitializeType-%d, isForced-%b, isActivePhoneEnrollment-%b isActiveGoogleHomeEnrollment-%b
12-17 11:06:36.323  4543  4649 I acsj    : (REDACTED) #takeChangeMicroDetectorMode [mIsBargeInEnabled: %b, mCurrentDetectionMode: %s]
12-17 11:06:36.324  4543  4636 I ahal    : getLocaleToModelSpecsMap
12-17 11:06:36.324  4543  4636 I ahal    : Fetching latest config from MDD...
12-17 11:06:36.324  4543  4636 I ahal    : (REDACTED) Found map of size: %d
12-17 11:06:36.324  1121  2210 I GenerationRegistry: mBackingStore.isClosed() : false
12-17 11:06:36.326  4543  4649 I acsj    : (REDACTED) Should stop hotword detection immediately - %b
12-17 11:06:36.328   961   961 E SurfaceFlinger: Attempt to update InputPolicyFlags without permission ACCESS_SURFACE_FLINGER
12-17 11:06:36.328  2577  2577 I AbsSwipeUpHandler: computeRecentsScrollIfInvisible
12-17 11:06:36.328  2577  2577 I AbsSwipeUpHandler: updateSysUiFlags, windowProgress : 0.41614413
12-17 11:06:36.328  2577  2577 I RecentsAnimationController: setWillFinishToHome, willFinishToHome : true
12-17 11:06:36.329  2577  7051 I ViewRootImpl@90fb52a[RecentsActivity]: mWNT: t = android.view.SurfaceControl$Transaction@1c85db1 fN = 7 com.android.systemui.shared.system.ViewRootImplCompat.mergeWithNextTransaction:62 com.android.quickstep.util.SurfaceTransactionApplier.lambda$scheduleApply$0$SurfaceTransactionApplier:94 com.android.quickstep.util.-$$Lambda$SurfaceTransactionApplier$Xj9m0ayWHIr2xvQnKB4EJdxg8RU.accept:6 
12-17 11:06:36.329  2577  7051 I ViewRootImpl@90fb52a[RecentsActivity]: mWNT: merge t to BBQ
12-17 11:06:36.335  4543  4636 I ahco    : (REDACTED) Location for model with model type: %s and locale: %s, is : %s
12-17 11:06:36.336  4575  4674 I CondFlagRegistrar: Registered for com.google.android.gms.providerinstaller#com.google.android.gms
12-17 11:06:36.336  4543  4636 I ahcv    : (REDACTED) #getHotwordModel [locale: %s, modelType: %s]
12-17 11:06:36.342  4575  4687 I Watchcat: Started
12-17 11:06:36.345  1121  2055 D MdnieScenarioControlService:  packageName : app.olauncher    className : app.olauncher.MainActivity
12-17 11:06:36.345   961   961 E SurfaceFlinger: Attempt to update InputPolicyFlags without permission ACCESS_SURFACE_FLINGER
12-17 11:06:36.345  1121  2055 V MdnieScenarioControlService: setUIMode from UI function(3)
12-17 11:06:36.345  2577  2577 I AbsSwipeUpHandler: computeRecentsScrollIfInvisible
12-17 11:06:36.345  2577  2577 I AbsSwipeUpHandler: updateSysUiFlags, windowProgress : 0.5179515
12-17 11:06:36.345  2577  2577 I RecentsAnimationController: setWillFinishToHome, willFinishToHome : true
12-17 11:06:36.346  2577  7050 I ViewRootImpl@90fb52a[RecentsActivity]: mWNT: t = android.view.SurfaceControl$Transaction@6c20296 fN = 8 com.android.systemui.shared.system.ViewRootImplCompat.mergeWithNextTransaction:62 com.android.quickstep.util.SurfaceTransactionApplier.lambda$scheduleApply$0$SurfaceTransactionApplier:94 com.android.quickstep.util.-$$Lambda$SurfaceTransactionApplier$Xj9m0ayWHIr2xvQnKB4EJdxg8RU.accept:6 
12-17 11:06:36.346  2577  7050 I ViewRootImpl@90fb52a[RecentsActivity]: mWNT: merge t to BBQ
12-17 11:06:36.351  4575  4687 I GMS_MM_Logger: (REDACTED) Start time: %s
12-17 11:06:36.352  4575  4687 I GMS_MM_Logger: Started.
12-17 11:06:36.355   852  4514 I HYPER-HAL: [RequestManager.cpp]releaseLocked(): Released ID : 1959210
12-17 11:06:36.361   961   961 E SurfaceFlinger: Attempt to update InputPolicyFlags without permission ACCESS_SURFACE_FLINGER
12-17 11:06:36.362  2577  2577 I AbsSwipeUpHandler: computeRecentsScrollIfInvisible
12-17 11:06:36.362  2577  2577 I AbsSwipeUpHandler: updateSysUiFlags, windowProgress : 0.60389686
12-17 11:06:36.362  2577  2577 I RecentsAnimationController: setWillFinishToHome, willFinishToHome : true
12-17 11:06:36.363  2577  7051 I ViewRootImpl@90fb52a[RecentsActivity]: mWNT: t = android.view.SurfaceControl$Transaction@368fe17 fN = 9 com.android.systemui.shared.system.ViewRootImplCompat.mergeWithNextTransaction:62 com.android.quickstep.util.SurfaceTransactionApplier.lambda$scheduleApply$0$SurfaceTransactionApplier:94 com.android.quickstep.util.-$$Lambda$SurfaceTransactionApplier$Xj9m0ayWHIr2xvQnKB4EJdxg8RU.accept:6 
12-17 11:06:36.363  2577  7051 I ViewRootImpl@90fb52a[RecentsActivity]: mWNT: merge t to BBQ
12-17 11:06:36.378   961   961 E SurfaceFlinger: Attempt to update InputPolicyFlags without permission ACCESS_SURFACE_FLINGER
12-17 11:06:36.379  2577  2577 I AbsSwipeUpHandler: computeRecentsScrollIfInvisible
12-17 11:06:36.379  2577  2577 I AbsSwipeUpHandler: updateSysUiFlags, windowProgress : 0.67233455
12-17 11:06:36.379  2577  2577 I RecentsAnimationController: setWillFinishToHome, willFinishToHome : true
12-17 11:06:36.380  2577  7050 I ViewRootImpl@90fb52a[RecentsActivity]: mWNT: t = android.view.SurfaceControl$Transaction@de96204 fN = 10 com.android.systemui.shared.system.ViewRootImplCompat.mergeWithNextTransaction:62 com.android.quickstep.util.SurfaceTransactionApplier.lambda$scheduleApply$0$SurfaceTransactionApplier:94 com.android.quickstep.util.-$$Lambda$SurfaceTransactionApplier$Xj9m0ayWHIr2xvQnKB4EJdxg8RU.accept:6 
12-17 11:06:36.380  2577  7050 I ViewRootImpl@90fb52a[RecentsActivity]: mWNT: merge t to BBQ
12-17 11:06:36.395   961   961 E SurfaceFlinger: Attempt to update InputPolicyFlags without permission ACCESS_SURFACE_FLINGER
12-17 11:06:36.396  2577  2577 I AbsSwipeUpHandler: computeRecentsScrollIfInvisible
12-17 11:06:36.396  2577  2577 I AbsSwipeUpHandler: updateSysUiFlags, windowProgress : 0.7346675
12-17 11:06:36.396  2577  2577 I RecentsAnimationController: setWillFinishToHome, willFinishToHome : true
12-17 11:06:36.396  2577  7051 I ViewRootImpl@90fb52a[RecentsActivity]: mWNT: t = android.view.SurfaceControl$Transaction@b5423ed fN = 11 com.android.systemui.shared.system.ViewRootImplCompat.mergeWithNextTransaction:62 com.android.quickstep.util.SurfaceTransactionApplier.lambda$scheduleApply$0$SurfaceTransactionApplier:94 com.android.quickstep.util.-$$Lambda$SurfaceTransactionApplier$Xj9m0ayWHIr2xvQnKB4EJdxg8RU.accept:6 
12-17 11:06:36.396  2577  7051 I ViewRootImpl@90fb52a[RecentsActivity]: mWNT: merge t to BBQ
12-17 11:06:36.400  4543  4661 I ahcv    : (REDACTED) #getHotwordModelFromMobstore [mobstoreUri: %s]
12-17 11:06:36.401  4575  4699 D CompatibilityChangeReporter: Compat change id reported: 160794467; UID 15010043; state: ENABLED
12-17 11:06:36.408  4543  4654 I ahco    : (REDACTED) MicroDataManager InitializationTask. googleHotwordData is null: true, hotwordModel is null: %b , sourceLocationOfCurrentHotwordModel %s
12-17 11:06:36.411   961   961 E SurfaceFlinger: Attempt to update InputPolicyFlags without permission ACCESS_SURFACE_FLINGER
12-17 11:06:36.411  4543  4649 I ahal    : getLocaleToModelSpecsMap
12-17 11:06:36.412  2577  2577 I AbsSwipeUpHandler: computeRecentsScrollIfInvisible
12-17 11:06:36.412  2577  2577 I AbsSwipeUpHandler: updateSysUiFlags, windowProgress : 0.7852442
12-17 11:06:36.412  2577  2577 I RecentsAnimationController: setWillFinishToHome, willFinishToHome : true
12-17 11:06:36.412  4543  4649 I ahal    : Fetching latest config from MDD...
12-17 11:06:36.412  4543  4649 I ahal    : (REDACTED) Found map of size: %d
12-17 11:06:36.412  2577  7050 I ViewRootImpl@90fb52a[RecentsActivity]: mWNT: t = android.view.SurfaceControl$Transaction@c13b222 fN = 12 com.android.systemui.shared.system.ViewRootImplCompat.mergeWithNextTransaction:62 com.android.quickstep.util.SurfaceTransactionApplier.lambda$scheduleApply$0$SurfaceTransactionApplier:94 com.android.quickstep.util.-$$Lambda$SurfaceTransactionApplier$Xj9m0ayWHIr2xvQnKB4EJdxg8RU.accept:6 
12-17 11:06:36.412  2577  7050 I ViewRootImpl@90fb52a[RecentsActivity]: mWNT: merge t to BBQ
12-17 11:06:36.415  1121  4471 D SamsungAlarmManager: setInexact (T:3/F:0/AC:false) 20341215T110636 now=592876766 - CU:15010043/CP:4575/OP:PendingIntent{5d16c29: PendingIntentRecord{9d5bbae com.google.android.gms/com.google.android.gms.container startService}}
12-17 11:06:36.417  1121  4471 V SamsungAlarmManager: setLocked to kernel - W:593331030 / NW:592882258, now=592876769
12-17 11:06:36.419  4543  4649 I acsj    : (REDACTED) #takeChangeMicroDetectorMode [mIsBargeInEnabled: %b, mCurrentDetectionMode: %s]
12-17 11:06:36.419  4543  4649 I acsj    : (REDACTED) Should stop hotword detection immediately - %b
12-17 11:06:36.425  1979  1979 D KeyguardUpdateMonitor: Process.myUserHandle().getIdentifier() = 0
12-17 11:06:36.425  1979  1979 D KeyguardUpdateMonitor: setLockModeChangedCallback, userID = 0
12-17 11:06:36.428   961   961 E SurfaceFlinger: Attempt to update InputPolicyFlags without permission ACCESS_SURFACE_FLINGER
12-17 11:06:36.429  2577  2577 I AbsSwipeUpHandler: computeRecentsScrollIfInvisible
12-17 11:06:36.429  2577  2577 I AbsSwipeUpHandler: updateSysUiFlags, windowProgress : 0.82558286
12-17 11:06:36.429  2577  2577 I RecentsAnimationController: setWillFinishToHome, willFinishToHome : true
12-17 11:06:36.430  2577  7051 I ViewRootImpl@90fb52a[RecentsActivity]: mWNT: t = android.view.SurfaceControl$Transaction@cf564b3 fN = 13 com.android.systemui.shared.system.ViewRootImplCompat.mergeWithNextTransaction:62 com.android.quickstep.util.SurfaceTransactionApplier.lambda$scheduleApply$0$SurfaceTransactionApplier:94 com.android.quickstep.util.-$$Lambda$SurfaceTransactionApplier$Xj9m0ayWHIr2xvQnKB4EJdxg8RU.accept:6 
12-17 11:06:36.430  2577  7051 I ViewRootImpl@90fb52a[RecentsActivity]: mWNT: merge t to BBQ
12-17 11:06:36.445   961   961 E SurfaceFlinger: Attempt to update InputPolicyFlags without permission ACCESS_SURFACE_FLINGER
12-17 11:06:36.445  4575  4702 I GmsCoreXrpcWrapper: (REDACTED) Creating a custom channel provider with trafficStatsTag=%d trafficStatsUid=%d
12-17 11:06:36.446  2577  2577 I AbsSwipeUpHandler: computeRecentsScrollIfInvisible
12-17 11:06:36.446  2577  2577 I AbsSwipeUpHandler: updateSysUiFlags, windowProgress : 0.8641309
12-17 11:06:36.446  2577  2577 I RecentsAnimationController: setWillFinishToHome, willFinishToHome : true
12-17 11:06:36.446  1121  2055 V MdnieScenarioControlService: mAclOffEnabled : false mAclPreviewState : false mAclCompensationState : false
12-17 11:06:36.447  2577  7050 I ViewRootImpl@90fb52a[RecentsActivity]: mWNT: t = android.view.SurfaceControl$Transaction@e9c9a70 fN = 14 com.android.systemui.shared.system.ViewRootImplCompat.mergeWithNextTransaction:62 com.android.quickstep.util.SurfaceTransactionApplier.lambda$scheduleApply$0$SurfaceTransactionApplier:94 com.android.quickstep.util.-$$Lambda$SurfaceTransactionApplier$Xj9m0ayWHIr2xvQnKB4EJdxg8RU.accept:6 
12-17 11:06:36.447  2577  7050 I ViewRootImpl@90fb52a[RecentsActivity]: mWNT: merge t to BBQ
12-17 11:06:36.455  1121  4471 D SamsungAlarmManager: setInexact (T:3/F:0/AC:false) 20241217T110651 now=592876807 - CU:15010043/CP:4575/OP:PendingIntent{4cf3f6b: PendingIntentRecord{952cac8 com.google.android.gms/com.google.android.gms.auth_authzen__phone startService}}
12-17 11:06:36.455  1121  4471 V SamsungAlarmManager: setLocked to kernel - W:593331030 / NW:592882258, now=592876807
12-17 11:06:36.462   961   961 E SurfaceFlinger: Attempt to update InputPolicyFlags without permission ACCESS_SURFACE_FLINGER
12-17 11:06:36.462  2577  2577 I AbsSwipeUpHandler: computeRecentsScrollIfInvisible
12-17 11:06:36.462  2577  2577 I AbsSwipeUpHandler: updateSysUiFlags, windowProgress : 0.8953626
12-17 11:06:36.463  2577  2577 I RecentsAnimationController: setWillFinishToHome, willFinishToHome : true
12-17 11:06:36.463  1121  3222 V WifiProfileShare.Caster: update wips network, size: 0
12-17 11:06:36.463  1121  3222 D WifiProfileShare: nearby scanning settings run
12-17 11:06:36.463  1121  3222 D WifiProfileShare: network score provider settings enabled
12-17 11:06:36.464  1121  3222 D OpenNetworkQos[4.00]: getOpenNetworkQosScores: 30 30 30 
12-17 11:06:36.464  1121  3222 D OpenNetworkQos[4.00]: getOpenNetworkQosNoInternetStatus: false
12-17 11:06:36.464  1121  3222 I WifiProfileShare.Caster: current network type: 0, score: [30, 30, 30]
12-17 11:06:36.464  2577  7051 I ViewRootImpl@90fb52a[RecentsActivity]: mWNT: t = android.view.SurfaceControl$Transaction@25c11e9 fN = 15 com.android.systemui.shared.system.ViewRootImplCompat.mergeWithNextTransaction:62 com.android.quickstep.util.SurfaceTransactionApplier.lambda$scheduleApply$0$SurfaceTransactionApplier:94 com.android.quickstep.util.-$$Lambda$SurfaceTransactionApplier$Xj9m0ayWHIr2xvQnKB4EJdxg8RU.accept:6 
12-17 11:06:36.464  2577  7051 I ViewRootImpl@90fb52a[RecentsActivity]: mWNT: merge t to BBQ
12-17 11:06:36.464  1121  3222 V WifiProfileShare.Cache: update network score d4:86:60:7b:45:4a
12-17 11:06:36.464  1121  3222 D WifiProfileShare.ScanMatcher: getMcfDataList size:4
12-17 11:06:36.464  1121  3222 I WifiProfileShare.Caster: qos data was updated , before:null after:type:QOS, pBssid:fd:25:9e, qosData:7c
12-17 11:06:36.464  1121  3222 I [MCFSDK_android_1.0.4025]_4_McfCasterImpl: isNetworkEnabled - type : 1 ret : true
12-17 11:06:36.464  1121  3222 D WifiProfileShare.McfCast: -ME--- mIsNetworkEnabled :true
12-17 11:06:36.464  1121  3222 D WifiProfileShare.McfCast: -ME--- startScanForQoS qosData:type:QOS, pBssid:fd:25:9e, qosData:7c
12-17 11:06:36.465  1121  3222 I [MCFSDK_android_1.0.4025]_4_McfCasterImpl: registerAdvertiseData - 
12-17 11:06:36.465  1121  3222 D WifiProfileShare.MCF: success update QosData !
12-17 11:06:36.465  1121  3222 I [MCFSDK_android_1.0.4025]_4_McfCasterImpl: isNetworkEnabled - type : 1 ret : true
12-17 11:06:36.465  1121  3222 D WifiProfileShare.McfCast: -ME--- mIsNetworkEnabled :true
12-17 11:06:36.465  1121  3222 D WifiProfileShare.McfCast: -ME--- startScanForPassword pwdData size:4, mIsPasswordLowLatency : false
12-17 11:06:36.465  1121  3222 I [MCFSDK_android_1.0.4025]_4_McfCasterImpl: startScan - 
12-17 11:06:36.466  4575  4702 W MDM     : [19597] bzjq.d: No accounts found for FMD API
12-17 11:06:36.466  6355  6355 I [MCFServer]_CasterManager: registerAdvertiseData - {SD{id=0x4, mode=0, screen=false, report=0, timeout=0, filter=0}, CB{i=4, h=122904531}}, {AD{id=0x4, access=0, timeout=0}, R=true, CB{i=4, h=122904531}}
12-17 11:06:36.467  6355  6355 I [MCFServer]_ScanCallback: onDiscoveryStarted - publish to 0x4
12-17 11:06:36.467  6355  6355 I [MCFServer]_CasterManager: startScan - {SD{id=0x40000, mode=0, screen=false, report=0, timeout=0, filter=0}, CB{i=262144, h=98846480}}
12-17 11:06:36.467  6355  6355 I [MCFServer]_ScanCallback: onDiscoveryStarted - publish to 0x40000
12-17 11:06:36.478   961   961 E SurfaceFlinger: Attempt to update InputPolicyFlags without permission ACCESS_SURFACE_FLINGER
12-17 11:06:36.479  2577  2577 I AbsSwipeUpHandler: computeRecentsScrollIfInvisible
12-17 11:06:36.479  2577  2577 I AbsSwipeUpHandler: updateSysUiFlags, windowProgress : 0.9210459
12-17 11:06:36.479  2577  2577 I RecentsAnimationController: setWillFinishToHome, willFinishToHome : true
12-17 11:06:36.480  2577  7050 I ViewRootImpl@90fb52a[RecentsActivity]: mWNT: t = android.view.SurfaceControl$Transaction@1dece6e fN = 16 com.android.systemui.shared.system.ViewRootImplCompat.mergeWithNextTransaction:62 com.android.quickstep.util.SurfaceTransactionApplier.lambda$scheduleApply$0$SurfaceTransactionApplier:94 com.android.quickstep.util.-$$Lambda$SurfaceTransactionApplier$Xj9m0ayWHIr2xvQnKB4EJdxg8RU.accept:6 
12-17 11:06:36.480  2577  7050 I ViewRootImpl@90fb52a[RecentsActivity]: mWNT: merge t to BBQ
12-17 11:06:36.488  1121  2009 I GenerationRegistry: mBackingStore.isClosed() : false
12-17 11:06:36.490  4575  4705 I SystemUpdate: [Control,UpdateReminderDialogControl] System update management not enabled in this context. Ignoring intent: Intent { act=android.intent.action.USER_PRESENT flg=0x24200010 pkg=com.google.android.gms }
12-17 11:06:36.495   961   961 E SurfaceFlinger: Attempt to update InputPolicyFlags without permission ACCESS_SURFACE_FLINGER
12-17 11:06:36.496  2577  2577 I AbsSwipeUpHandler: computeRecentsScrollIfInvisible
12-17 11:06:36.496  2577  2577 I AbsSwipeUpHandler: updateSysUiFlags, windowProgress : 0.9408808
12-17 11:06:36.496  2577  2577 I RecentsAnimationController: setWillFinishToHome, willFinishToHome : true
12-17 11:06:36.497  2577  7051 I ViewRootImpl@90fb52a[RecentsActivity]: mWNT: t = android.view.SurfaceControl$Transaction@5d7990f fN = 17 com.android.systemui.shared.system.ViewRootImplCompat.mergeWithNextTransaction:62 com.android.quickstep.util.SurfaceTransactionApplier.lambda$scheduleApply$0$SurfaceTransactionApplier:94 com.android.quickstep.util.-$$Lambda$SurfaceTransactionApplier$Xj9m0ayWHIr2xvQnKB4EJdxg8RU.accept:6 
12-17 11:06:36.497  2577  7051 I ViewRootImpl@90fb52a[RecentsActivity]: mWNT: merge t to BBQ
12-17 11:06:36.512   961   961 E SurfaceFlinger: Attempt to update InputPolicyFlags without permission ACCESS_SURFACE_FLINGER
12-17 11:06:36.513  2577  2577 I AbsSwipeUpHandler: computeRecentsScrollIfInvisible
12-17 11:06:36.513  2577  2577 I AbsSwipeUpHandler: updateSysUiFlags, windowProgress : 0.9581838
12-17 11:06:36.513  2577  2577 I RecentsAnimationController: setWillFinishToHome, willFinishToHome : true
12-17 11:06:36.514  2577  7050 I ViewRootImpl@90fb52a[RecentsActivity]: mWNT: t = android.view.SurfaceControl$Transaction@e08ed9c fN = 18 com.android.systemui.shared.system.ViewRootImplCompat.mergeWithNextTransaction:62 com.android.quickstep.util.SurfaceTransactionApplier.lambda$scheduleApply$0$SurfaceTransactionApplier:94 com.android.quickstep.util.-$$Lambda$SurfaceTransactionApplier$Xj9m0ayWHIr2xvQnKB4EJdxg8RU.accept:6 
12-17 11:06:36.514  2577  7050 I ViewRootImpl@90fb52a[RecentsActivity]: mWNT: merge t to BBQ
12-17 11:06:36.528   961   961 E SurfaceFlinger: Attempt to update InputPolicyFlags without permission ACCESS_SURFACE_FLINGER
12-17 11:06:36.529  2577  2577 I AbsSwipeUpHandler: computeRecentsScrollIfInvisible
12-17 11:06:36.530  2577  2577 I AbsSwipeUpHandler: updateSysUiFlags, windowProgress : 0.9719993
12-17 11:06:36.530  2577  2577 I RecentsAnimationController: setWillFinishToHome, willFinishToHome : true
12-17 11:06:36.531  2577  7051 I ViewRootImpl@90fb52a[RecentsActivity]: mWNT: t = android.view.SurfaceControl$Transaction@4dae3a5 fN = 19 com.android.systemui.shared.system.ViewRootImplCompat.mergeWithNextTransaction:62 com.android.quickstep.util.SurfaceTransactionApplier.lambda$scheduleApply$0$SurfaceTransactionApplier:94 com.android.quickstep.util.-$$Lambda$SurfaceTransactionApplier$Xj9m0ayWHIr2xvQnKB4EJdxg8RU.accept:6 
12-17 11:06:36.531  2577  7051 I ViewRootImpl@90fb52a[RecentsActivity]: mWNT: merge t to BBQ
12-17 11:06:36.544  1121  1483 I LatencyTracker: ACTION_START_RECENTS_ANIMATION latency=52
12-17 11:06:36.545   961   961 E SurfaceFlinger: Attempt to update InputPolicyFlags without permission ACCESS_SURFACE_FLINGER
12-17 11:06:36.546  2577  2577 I AbsSwipeUpHandler: computeRecentsScrollIfInvisible
12-17 11:06:36.546  2577  2577 I AbsSwipeUpHandler: updateSysUiFlags, windowProgress : 0.9823095
12-17 11:06:36.546  2577  2577 I RecentsAnimationController: setWillFinishToHome, willFinishToHome : true
