12-17 11:06:35.410  1979  1979 D FaceWidgetContainer: setVisibility 8, callers = com.samsung.android.common.reflection.AbstractBaseReflection.invokeStaticMethod:469 com.samsung.android.common.reflection.os.RefDebug.getCallers:19 com.samsung.android.app.facewidget.FaceWidgetContainer.setVisibility:103 com.android.keyguard.KeyguardVisibilityHelper.setViewVisibility:179 com.android.keyguard.KeyguardStatusViewController.setKeyguardStatusViewVisibility:421 
12-17 11:06:35.411  1979  1979 V PanelView: com.android.systemui:id/notification_panel: setExpandedHeight(1922.0)
12-17 11:06:35.411  1979  1979 D QS      : setQSExpansion 0.0 0.0
12-17 11:06:35.411  1426  1532 I [MCFSDK_fmm_1.0.2039]_17_j: open - 
12-17 11:06:35.411  1979  1979 V SecQSFragmentAnimatorBase: setQsExpansionPosition 0.0
12-17 11:06:35.411  1979  1979 V QsExpandAnimator: setQsExpansionPosition 0.0 1
12-17 11:06:35.411  1979  1979 V SecQSFragmentAnimatorBase: updatePanelExpanded true
12-17 11:06:35.411  1979  1979 V PanelBar: go state: 2 -> 2
12-17 11:06:35.411  1979  1979 D PanelBar: go state: 2 -> 2, tracking=false, expanded=true, fraction=1.000000
12-17 11:06:35.411  1979  1979 V PanelBar: onPanelFullyOpened
12-17 11:06:35.412  1426  1532 I [MCFSDK_fmm_1.0.2039]_McfAdapter: getBleAdapter  -  j [#0x11, j7.a@c881041]
12-17 11:06:35.412  6355  6355 I [MCFServer]_McfMainController: updateStandAloneBleMode - isStandAloneBleMode/SubscriberCallbacks.size()/CasterCallbacks.size()/BleAdapterCallbacks.size() = (true/1/1/1)
12-17 11:06:35.412  1426  1532 I [MCFSDK_fmm_1.0.2039]_17_j: getBleScanner - 
12-17 11:06:35.412  6355  6355 I [MCFServer]_McfMainController: registerCallback - create BA - appId=17/1
12-17 11:06:35.412  1979  1979 V SecQSFragmentAnimatorBase: setQsExpanded false
12-17 11:06:35.412  1426  1532 I [MCFSDK_fmm_1.0.2039]_17_j: startScan - screenOnFilter - 2
12-17 11:06:35.412  6355  6355 I [MCFServer]_BleAdapterManager: start - 
12-17 11:06:35.412  1979  1979 D PanelView: onStateChanged() statusBarState: 0
12-17 11:06:35.412  1979  1979 D PanelView: onBarStateChanged() to 0
12-17 11:06:35.412  1979  1979 D PluginLockDelegateApp: onBarStateChanged 
12-17 11:06:35.412  1426  1532 I [MCFSDK_fmm_1.0.2039]_17_j: startScan - screenOffFilter - 2
12-17 11:06:35.412  1979  1979 V SecQSFragmentAnimatorBase: setQsExpanded false
12-17 11:06:35.412  1979  1979 V SecQSFragmentAnimatorBase: onStateChanged
12-17 11:06:35.412   693   693 W keymaster_tee: [WRN]begin req PARAMS: A32 S256 B32 P1 
12-17 11:06:35.413  6355  6355 I [MCFServer]_BleAdapterManager: startScan - BAScanCallback{Settings=BleScanSettings{mode=0, rssi=-128, timeout=0, phy =0}, Callback=CB{i=17, h=47064514}}
12-17 11:06:35.413  1979  1979 V PanelView: com.android.systemui:id/notification_panel: setExpandedHeight(0.0)
12-17 11:06:35.414  1979  1979 D StatusBar: disable<e i a s b H R c s k t > disable2<q i n >
12-17 11:06:35.414  1979  1979 D QS      : setQSExpansion -0.33588272 -36.230663
12-17 11:06:35.414  1979  1979 V SecQSFragmentAnimatorBase: setQsExpansionPosition -0.33588272
12-17 11:06:35.414  1979  1979 V QsExpandAnimator: setQsExpansionPosition -0.33588272 0
12-17 11:06:35.415  1979  1979 D PrivacyDotViewController: scheduleUpdate: 
12-17 11:06:35.415  1979  3528 D PrivacyDotViewController: processNextViewState: 
12-17 11:06:35.415  1979  3528 D PrivacyDotViewController: resolveState ViewState(viewInitialized=true, havingInset=false, isEdgeActive=false, dotTopMargin=76, systemPrivacyEventIsActive=false, shadeExpanded=false, qsExpanded=false, portraitRect=Rect(0, 0 - 928, 112), landscapeRect=Rect(112, 0 - 2269, 63), upsideDownRect=Rect(0, 0 - 1069, 112), seascapeRect=Rect(0, 0 - 2168, 63), layoutRtl=false, rotation=0, height=112, cornerIndex=1, designatedCorner=android.widget.FrameLayout{c0333c3 I.E...... ......ID 912,76-1064,188 #7f0b067a app:id/privacy_dot_right_container})
12-17 11:06:35.415  1979  1979 V SecQSFragmentAnimatorBase: updatePanelExpanded false
12-17 11:06:35.415  1979  1979 D KeyguardVisibleMonitor: panelExpansionChanged 1.000000 -> 0.000000
12-17 11:06:35.415  1979  1979 D PhoneStatusBarView: shouldPanelBeVisible false / headUpVisible=false, why=0
12-17 11:06:35.416  1979  1979 V PanelBar: go state: 2 -> 0
12-17 11:06:35.416  1979  1979 D PanelBar: go state: 2 -> 0, tracking=false, expanded=false, fraction=0.000000
12-17 11:06:35.416  1979  1979 V PanelBar: onPanelCollapsed
12-17 11:06:35.417  2577  2612 I TouchInteractionService: onSystemUiStateChanged, stateFlags : 450
12-17 11:06:35.417  2577  2577 I TouchInteractionService: onSystemUiFlagsChanged, userUnlocked
12-17 11:06:35.417  1979  1979 D StatusBar: updateQsExpansionEnabled - QS Expand enabled: true
12-17 11:06:35.418  1979  2206 D Tile.WifiTile: handleUpdateState isTransient=false transientEnabling =false cb.isTransient=false state.state = 2 mStateBeforeClick.value =false enabled =true
12-17 11:06:35.418  1979  1979 D InsetsSourceConsumer: setRequestedVisible: visible=true, type=21, host=NotificationShade, from=android.view.InsetsSourceConsumer.show:235 android.view.InsetsController.collectSourceControls:1208 android.view.InsetsController.controlAnimationUnchecked:1077 android.view.InsetsController.applyAnimation:1456 android.view.InsetsController.applyAnimation:1437 android.view.InsetsController.show:976 android.view.InsetsController.show:917 com.android.systemui.statusbar.phone.StatusBarKeyguardViewManager$8.run:1197 com.android.systemui.statusbar.phone.StatusBarKeyguardViewManager.updateNavigationBarVisibility:1283 com.android.systemui.statusbar.phone.StatusBarKeyguardViewManager.updateStates:1226 
12-17 11:06:35.418   693   693 D keymaster_swd: keymaster_swd [WRN] (swd_run_cb:251) swd_begin() returns 0
12-17 11:06:35.418  1979  1979 D InsetsSourceConsumer: setRequestedVisible: visible=true, type=1, host=NotificationShade, from=android.view.InsetsSourceConsumer.show:235 android.view.InsetsController.showDirectly:1489 android.view.InsetsController.controlAnimationUnchecked:1137 android.view.InsetsController.applyAnimation:1456 android.view.InsetsController.applyAnimation:1437 android.view.InsetsController.show:976 android.view.InsetsController.show:917 com.android.systemui.statusbar.phone.StatusBarKeyguardViewManager$8.run:1197 com.android.systemui.statusbar.phone.StatusBarKeyguardViewManager.updateNavigationBarVisibility:1283 com.android.systemui.statusbar.phone.StatusBarKeyguardViewManager.updateStates:1226 
12-17 11:06:35.418  1979  1979 D KeyguardUpdateMonitor: onKeyguardVisibilityChanged(v=true->false, s=true->false, o=false->false)
12-17 11:06:35.418  1979  2206 D Tile.BluetoothTile:  handleUpdateState enabled = false connected = false connecting = false changedState =false bluetoothState = 10 enabledChanging = false state = BooleanState[spec=Bluetooth,icon=ResourceIcon[resId=0x7f08082f],iconSupplier=null,label=Bluetooth,secondaryLabel=null,contentDescription=Bluetooth,Off.,stateDescription=null,dualLabelContentDescription=Connected to Michael's Sony Stereo.,expandedAccessibilityClassName=null,disabledByPolicy=false,dualTarget=true,isTransient=false,state=1,slash="null",sideViewCustomDrawable=null,tileClassName=null,value=false,forceExpandIcon=false]
12-17 11:06:35.418  1979  1979 D KeyguardWallpaperEventHandler: onKeyguardVisibilityChanged(), showing: false
12-17 11:06:35.418  1979  1979 D KeyguardWallpaperEventHandler: sendMessage(), what = 723 , obj = false , arg1 = -1 , arg2 = -1
12-17 11:06:35.418  1979  2206 D Tile.DndTile: handleUpdateState zen 1  state = BooleanState[spec=Dnd,icon=ResourceIcon[resId=0x7f080833],iconSupplier=null,label=Do not
12-17 11:06:35.418  1979  2206 D Tile.DndTile: disturb,secondaryLabel=null,contentDescription=null,stateDescription=null,dualLabelContentDescription=null,expandedAccessibilityClassName=null,disabledByPolicy=false,dualTarget=true,isTransient=false,state=2,slash="null",sideViewCustomDrawable=null,tileClassName=null,value=true,forceExpandIcon=false]
12-17 11:06:35.418  1979  2413 I KeyguardWallpaperController: setKeyguardShowing() showing:false, mIsPendingTypeChange:false, mOccluded:false
12-17 11:06:35.418  1121  2207 D InsetsSourceProvider: updateVisibility: serverVisible=true, clientVisible=true, source=InsetsSource: {mType=ITYPE_NAVIGATION_BAR, mFrame=[0,2154][1080,2280], mVisible=true, mWindowFrame=[0,2154][1080,2280]}, controlTarget=Window{6dd39d u0 NotificationShade}, from=com.android.server.wm.InsetsSourceProvider.setClientVisible:428 com.android.server.wm.InsetsSourceProvider.updateClientVisibility:413 com.android.server.wm.InsetsStateController.onInsetsModified:508 com.android.server.wm.InsetsPolicy.onInsetsModified:510 com.android.server.wm.Session.insetsModified:704 android.view.IWindowSession$Stub.onTransact:1256 com.android.server.wm.Session.onTransact:176 android.os.Binder.execTransactInternal:1220 android.os.Binder.execTransact:1179 <bottom of call stack> 
12-17 11:06:35.419  1979  1979 D KeyguardBottomAreaShortcutView: mCanIndicationAreaUpdate set to false
12-17 11:06:35.419  1979  1979 D KeyguardBottomAreaShortcutView: mIndicationArea margin start : 163, end : 163, bottom : 406
12-17 11:06:35.419  1979  1979 I FaceWidgetWindowManager: onKeyguardVisibilityChanged() showing = false
12-17 11:06:35.419  1979  1979 I FaceWidgetWindowManager: removeAllViews
12-17 11:06:35.419  1979  1979 D FaceWidgetDashBoard: close() - 1(returned) : showing is false
12-17 11:06:35.419  1979  1979 D FaceWidgetViewModel: updateInfoParameters(visibility) isAODState = false, clockSidePadding = (63, 63), musicSidePadding = (30, 30)
12-17 11:06:35.419  1979  1979 D FaceWidgetViewModel: shouldContainerVisible() reason = (visibility) false - keyguard is not visible (false, false)
12-17 11:06:35.420  1979  1979 D FaceWidgetPagesController: onKeyguardVisibilityChanged() showing = false
12-17 11:06:35.420  1979  2206 D Tile.RotationLockTile:  handleUpdateState: false orientation = true
12-17 11:06:35.420  1979  1979 D FaceWidgetPagesController: refreshViews() reason = VISIBILITY_CHANGED, force = true
12-17 11:06:35.420  1979  1979 D FaceWidgetClockPage_Full: updateClockSuspendState() reason = visibility, suspend=true, kv=false, wa=false, di=true, wu=false, aodDash=false
12-17 11:06:35.420  1979  1979 I DigitalHorizontalHmsClockView_LOCK_SCREEN: suspend : mSuspend = true, enable = true
12-17 11:06:35.420  1979  1979 D FaceWidgetClockPage: updateClockSuspendState() reason = visibility, suspend=true, kv=false, wa=true, di=true, wu=false, aodDash=false
12-17 11:06:35.420  1979  1979 I DigitalHorizontalClockView_LOCK_SCREEN: suspend : mSuspend = false, enable = true
12-17 11:06:35.420  1979  1979 I DigitalHorizontalClockView_LOCK_SCREEN: onSuspendStateChanged: to true
12-17 11:06:35.420  1979  2206 D Tile.AirplaneModeTile:  handleUpdateState: airplane mode is disabled : enter mSetting.getValue() == 0mIsWiFiOnlyDevice falseisNoSimState false!isPowerOffServiceState true
12-17 11:06:35.420  1979  2206 D Tile.AirplaneModeTile:  handleUpdateState:  value = false, state = 1
12-17 11:06:35.421  1979  2206 I DataUsageController: isSimReady simSlotCount : 1 ready : true
12-17 11:06:35.421  1979  1979 I DigitalHorizontalClockView_LOCK_SCREEN: onTimeChanged : [DateTimeInfo : date = Tue., December 17, hourMin = 11:06, hourMinSec = , hour = 11, minute = 06, amPm  = AM, colon = :, second = , timezone = null, isLeftOfAmPm = false, ttsDate = Tuesday, December 17]
12-17 11:06:35.421  1979  1979 I DigitalHorizontalClockView_LOCK_SCREEN: updatePaletteItemTransition : paletteItem = SOLID color : FFE3E3E3, animation = false
12-17 11:06:35.422  1979  1979 D KeyguardUpdateMonitor: sendKeyguardStateUpdated(false, false, false)
12-17 11:06:35.422   693   693 D keymaster_swd: keymaster_swd [WRN] (swd_run_cb:251) swd_finish() returns 0
12-17 11:06:35.422  1979  1979 D KeyguardViewMediator: keyguardGone
12-17 11:06:35.422  2577  2612 I TouchInteractionService: onSystemUiStateChanged, stateFlags : 386
12-17 11:06:35.422  1979  1979 V SettingsHelper: *** unregister listener for com.android.systemui.keyguard.KeyguardViewMediatorHelper$$ExternalSyntheticLambda1@ebb912f
12-17 11:06:35.422  2577  2577 I TouchInteractionService: onSystemUiFlagsChanged, userUnlocked
12-17 11:06:35.423   691  8027 I keystore2: keystore2::super_key: In try_unlock_user_with_biometric: Successfully unlocked with biometric
12-17 11:06:35.423  1121  1121 V SamsungAlarmManager: setLocked to kernel - W:592903540 / NW:592882258, now=592875774
12-17 11:06:35.423  1979  1979 I KeyguardViewMediator: updateActivityLockScreenState false false
12-17 11:06:35.423  1121  1121 D DARUtil : Device owner status not updated yet...
12-17 11:06:35.423  1979  1979 D KeyguardViewMediator: adjustStatusBarLocked: mShowing=false mOccluded=false isSecure=true force=false showHomeOverLock=true gestureNaviMode=false --> flags=0x0
12-17 11:06:35.423  1121  1121 D DARUtil : Not an enterprise user : 0
12-17 11:06:35.423  1121  1121 D DARUtil : Device owner status not updated yet...
12-17 11:06:35.423  1121  1121 D DARUtil : Not an enterprise user : 0
12-17 11:06:35.423  1121  3238 D ActivityTaskManager: setLockScreenShown(false,false) is called from 0
12-17 11:06:35.423  1121  1121 D DARUtil : is enterprise user : 150
12-17 11:06:35.423  1121  1121 D DARUtil : Device owner status not updated yet...
12-17 11:06:35.423  1121  1121 D DARUtil : Not an enterprise user : 0
12-17 11:06:35.423  1121  1121 D DARUtil : Device owner status not updated yet...
12-17 11:06:35.423  1121  1121 D DARUtil : Not an enterprise user : 0
12-17 11:06:35.423  1121  1121 D DARUtil : is enterprise user : 150
12-17 11:06:35.423  1121  1121 I CocktailBarManagerServiceContainer: handleMessage: entry what = 5
12-17 11:06:35.424  1979  1979 D KeyguardUpdateMonitor: setUnlockingKeyguard( false -> true ), caller : com.android.systemui.keyguard.KeyguardViewMediatorHelper.handleStartKeyguardExitAnimationPost:1946 
12-17 11:06:35.424  1121  1458 D DARUtil : Device owner status not updated yet...
12-17 11:06:35.424  1979  1979 V KeyguardUpdateMonitor: stopListeningForFingerprint()
12-17 11:06:35.424  1979  1979 D KeyguardFingerPrint: fingerprintRunningState: 0
12-17 11:06:35.424  1979  1979 D KeyguardWallpaperEventHandler: onUnlocking()
12-17 11:06:35.424  1979  1979 D KeyguardWallpaperEventHandler: sendMessage(), what = 726 , obj = null , arg1 = -1 , arg2 = -1
12-17 11:06:35.424  1121  1458 D DARUtil : Not an enterprise user : 0
12-17 11:06:35.424  1121  2210 D PersonaManagerService: updatePersonaCache status - true
12-17 11:06:35.424  1979  1979 D KeyguardFingerPrint: requestSessionClose() - isFingerprintDetectionRunning : false
12-17 11:06:35.424  1121  2210 D PowerManagerService: [api] userActivity : event: 2 flags: 0 (uid: 10009 pid: 1979) eventTime = 324131805 displayId = 0
12-17 11:06:35.424  1121  2210 D PowerManagerService: UserActivityStateListenerState: 1
12-17 11:06:35.425  1979  1979 W Looper  : Slow dispatch took 24ms main h=com.android.systemui.keyguard.KeyguardViewMediator$6 c=null m=1004
12-17 11:06:35.425  1121  1121 D InputMethodManagerServicePhysicalKey: isConnectedDexOnPC false
12-17 11:06:35.425  1979  1979 D KeyguardWallpaperController: mIsKeyguardShowing=false, mOccluded=false, match_parent=true
12-17 11:06:35.425  1979  1979 D KeyguardWallpaperController: mWallpaperView.onPause() visibility = 0 shouldControlScreenOff = false
12-17 11:06:35.425  1979  1979 D KeyguardWallpaperController: mIsKeyguardShowing=false, mOccluded=false, match_parent=true
12-17 11:06:35.425  1979  1979 W Looper  : Slow delivery took 30ms main h=android.os.Handler c=com.android.systemui.statusbar.phone.LightBarTransitionsController$1@1f26e3c m=0
12-17 11:06:35.426   961   961 D SurfaceFlinger: Display 4630947232161729153 HWC layers:
12-17 11:06:35.426   961   961 D SurfaceFlinger:      DEVICE | 0xb4000075a2e879c0 | 0100 | RGBx_8888    |  300.0    0.0 1380.0 2280.0 |    0    0 1080 2280 | Wallpaper BBQ wrapper#0
12-17 11:06:35.426   961   961 D SurfaceFlinger:      DEVICE | 0xb4000075a2e987c0 | 0100 | RGBA_8888    |    0.0    0.0 1080.0  112.0 |    0    0 1080  112 | StatusBar$_1979#0
12-17 11:06:35.426   961   961 D SurfaceFlinger:      DEVICE | 0xb4000075a2ea0b60 | 0100 | RGBA_8888    |    0.0    0.0 1080.0 2280.0 |    0    0 1080 2280 | NotificationShade$_1979#0
12-17 11:06:35.426   961   961 D SurfaceFlinger:      DEVICE | 0xb4000075a2e6c270 | 0100 | RGBA_8888    |    0.0    0.0   67.0  329.0 | 1013  753 1080 1082 | com.samsung.android.app.cocktailbars[...]arservice.CocktailBarService$_9945#0
12-17 11:06:35.426   961   961 D SurfaceFlinger:      DEVICE | 0xb4000075a2ea2660 | 0100 | RGBA_8888    |    0.0    0.0  521.0   63.0 |  279 2217  800 2280 | com.samsung.android.spay.pay.HintService$_14745#0
12-17 11:06:35.426   961   961 D SurfaceFlinger:      DEVICE | 0xb4000075a2ea1a00 | 0100 | RGBA_8888    |    0.0    0.0 1080.0  798.0 |    0 1482 1080 2280 | FP VI$_4153#0
12-17 11:06:35.426   961   961 D SurfaceFlinger: 
12-17 11:06:35.426  1121  1458 D DARUtil : Device owner status not updated yet...
12-17 11:06:35.426  1121  1458 D DARUtil : Not an enterprise user : 0
12-17 11:06:35.426  1979  1979 V DepthController: blur = 0 shouldUseBlurFilter = false
12-17 11:06:35.427  1979  1979 D KeyguardBottomAreaShortcutView: updateCameraVisibility isCameraDisabled:false visible:true
12-17 11:06:35.428  1979  1979 D KeyguardBottomAreaShortcutView: mIndicationArea margin start : 163, end : 163, bottom : 406
12-17 11:06:35.428  1121  3199 D SemWifiApContentProviderHelper: SemWifiApContentProviderHelper insert:android,Binder.getCallingUid():1000,hasPermission:true
12-17 11:06:35.428  1121  3199 D SemWifiApContentProviderHelper: SemWifiApContentProviderHelper insert:android,Binder.getCallingUid():1000,hasPermission:true
12-17 11:06:35.428  1121  3199 D SemWifiApContentProviderHelper: SemWifiApContentProviderHelper insert:android,Binder.getCallingUid():1000,hasPermission:true
12-17 11:06:35.428  1979  2206 D Tile.MobileDataTile: handleUpdateState : state true
12-17 11:06:35.428  1121  1121 D InputMethodManagerService: isImeSwitcherDisabledPackage : false
12-17 11:06:35.428  1121  4479 V WindowManager: Relayout Window{6dd39d u0 NotificationShade}: viewVisibility=0 req=1080x2280 d0
12-17 11:06:35.428  1121  1121 D DARUtil : Device owner status not updated yet...
12-17 11:06:35.428  1121  1121 D DARUtil : Not an enterprise user : 0
12-17 11:06:35.428  1121  1121 D DARUtil : Device owner status not updated yet...
12-17 11:06:35.428  1121  1121 D DARUtil : Not an enterprise user : 0
12-17 11:06:35.428  1121  1458 V UsbDeviceManager: onKeyguardStateChanged: isShowing:false secure:true user:0
12-17 11:06:35.428  1121  1121 D DARUtil : Device owner status not updated yet...
12-17 11:06:35.428  1121  1121 D DARUtil : Not an enterprise user : 0
12-17 11:06:35.428  1121  1121 D DARUtil : Device owner status not updated yet...
12-17 11:06:35.429  1121  1121 D DARUtil : Not an enterprise user : 0
12-17 11:06:35.429  1121  1121 D DARUtil : is enterprise user : 150
12-17 11:06:35.429  1121  1121 D DARUtil : Device owner status not updated yet...
12-17 11:06:35.429  1121  1121 D DARUtil : Not an enterprise user : 0
12-17 11:06:35.429  1121  1121 D DARUtil : Device owner status not updated yet...
12-17 11:06:35.429  1121  1121 D DARUtil : Not an enterprise user : 0
12-17 11:06:35.429  1121  1121 D DARUtil : is enterprise user : 150
12-17 11:06:35.429  1121  4479 V WindowManager: Changing focus from Window{6dd39d u0 NotificationShade} to Window{135d8f6 u0 app.olauncher/app.olauncher.MainActivity} displayId=0 Callers=com.android.server.wm.RootWindowContainer.updateFocusedWindowLocked:583 com.android.server.wm.WindowManagerService.updateFocusedWindowLocked:6480 com.android.server.wm.WindowManagerService.relayoutWindow:2750 com.android.server.wm.Session.relayout:242 
12-17 11:06:35.429  1121  1454 D UsbDeviceManager: handleMessage -> MSG_UPDATE_SCREEN_LOCK: mScreenLocked=false
12-17 11:06:35.429  1121  4479 I WindowManager: Cancelling animation restarting=true, leash=Surface(name=Surface(name=ea69f6a StatusBar)/@0xf1dbd58 - animation-leash of insets_animation)/@0x5f3c0fe
12-17 11:06:35.429  1121  4479 I WindowManager: Reparenting to original parent: Surface(name=WindowToken{824d955 android.os.BinderProxy@1c84b3f})/@0x96a9eb1, destroy=false, surface=Surface(name=ea69f6a StatusBar)/@0xf1dbd58
12-17 11:06:35.430  1121  1458 D SamsungAlarmManager: Cancel Alarm calling from uid:1000 pid :1121 / L:fe687f3
12-17 11:06:35.430  1121  4479 I WindowManager: Reparenting to leash, surface=Surface(name=ea69f6a StatusBar)/@0xf1dbd58, leashParent=Surface(name=WindowToken{824d955 android.os.BinderProxy@1c84b3f})/@0x96a9eb1
12-17 11:06:35.430  1121  1458 V SamsungAlarmManager: setLocked to kernel - W:592903540 / NW:592882258, now=592875781
12-17 11:06:35.430  1121  1458 D SamsungAlarmManager: Cancel Alarm calling from uid:1000 pid :1121 / L:b861cb0
12-17 11:06:35.430  1121  1783 D StorageManagerService: handleMessage -> H_KEYGUARD_CHANGED isShowing=false
12-17 11:06:35.430  1121  1458 V SamsungAlarmManager: setLocked to kernel - W:593331030 / NW:592882258, now=592875781
12-17 11:06:35.430  1121  1458 D PowerManagerService: [api] setUserActivityTimeoutOverrideFromWindowManagerInternal: timeoutMillis: -1
12-17 11:06:35.430  1121  1458 D PowerManagerService: getScreenOffTimeoutLocked: 5000 -> 30000
12-17 11:06:35.430  4241  4241 I SemDvfsHyPerManager: acquire hyper - TABoost/4241@18, type = 1090523139
12-17 11:06:35.430   961  3817 I SurfaceFlinger: id=84303 createSurf (0x0),-1 flag=24000, Surface(name=ea69f6a StatusBar)/@0xf1dbd58 - animation-leash of insets_animation#1
12-17 11:06:35.430  1121  1458 D PowerManagerService: [api] setScreenDimDurationOverrideFromWindowManagerInternal: timeoutMillis: -1
12-17 11:06:35.430   852   908 I HYPER-HAL: [RequestManager.cpp]acquire(): Acquired ID : 9071688  [4241 / 18]    HINT :      list : [TABoost / 30] [TIMEOUT / 1500] 
12-17 11:06:35.430  1121  3199 D SemWifiApSmartUtil:  getting AES
12-17 11:06:35.430  1121  4479 D WindowManager: makeSurface duration=1 leash=Surface(name=Surface(name=ea69f6a StatusBar)/@0xf1dbd58 - animation-leash of insets_animation)/@0x488320c
12-17 11:06:35.430  1121  3199 I SemWifiApSmartBleScanner: Preconditions standalonemode is ON
12-17 11:06:35.430  1121  3199 D SemWifiApContentProviderHelper: SemWifiApContentProviderHelper insert:android,Binder.getCallingUid():1000,hasPermission:true
12-17 11:06:35.430  1121  4479 I WindowManager: Cancelling animation restarting=true, leash=Surface(name=Surface(name=95a12b5 NavigationBar0)/@0x20fa717 - animation-leash of insets_animation)/@0x3ab0aac
12-17 11:06:35.430  1121  4479 I WindowManager: Reparenting to original parent: Surface(name=WindowToken{6cacd9f android.os.BinderProxy@adb6ff9})/@0x85d5704, destroy=false, surface=Surface(name=95a12b5 NavigationBar0)/@0x20fa717
12-17 11:06:35.430  1121  4479 I WindowManager: Reparenting to leash, surface=Surface(name=95a12b5 NavigationBar0)/@0x20fa717, leashParent=Surface(name=WindowToken{6cacd9f android.os.BinderProxy@adb6ff9})/@0x85d5704
12-17 11:06:35.431  1121  3199 D SemWifiApContentProviderHelper: SemWifiApContentProviderHelper insert:android,Binder.getCallingUid():1000,hasPermission:true
12-17 11:06:35.431  1121  3199 D SemWifiApContentProviderHelper: SemWifiApContentProviderHelper insert:android,Binder.getCallingUid():1000,hasPermission:true
12-17 11:06:35.431   961  1021 I SurfaceFlinger: id=84304 createSurf (0x0),-1 flag=24000, Surface(name=95a12b5 NavigationBar0)/@0x20fa717 - animation-leash of insets_animation#1
12-17 11:06:35.431  1121  3199 I BluetoothAdapter: STATE_BLE_ON
12-17 11:06:35.431  1121  3199 I BluetoothAdapter: STATE_BLE_ON
12-17 11:06:35.431  1121  3199 I BluetoothAdapter: appoCount is = 1 G/S = 4/3
12-17 11:06:35.431  1121  3199 D SemWifiApContentProviderHelper: SemWifiApContentProviderHelper insert:android,Binder.getCallingUid():1000,hasPermission:true
12-17 11:06:35.431  1121  1712 D PowerManagerService: [api] setDeviceIdleMode: false (uid: 1000 pid: 1121)
12-17 11:06:35.431  1121  3199 D SemWifiApContentProviderHelper: SemWifiApContentProviderHelper insert:android,Binder.getCallingUid():1000,hasPermission:true
12-17 11:06:35.431  1121  4479 D WindowManager: makeSurface duration=1 leash=Surface(name=Surface(name=95a12b5 NavigationBar0)/@0x20fa717 - animation-leash of insets_animation)/@0x16bd56a
12-17 11:06:35.431  1121  3199 D SemWifiApContentProviderHelper: SemWifiApContentProviderHelper insert:android,Binder.getCallingUid():1000,hasPermission:true
12-17 11:06:35.431  1121  4479 D StatusBarManagerService: notifyRequestedSystemKey recent=false home=false
12-17 11:06:35.431  1121  3199 D SemWifiApContentProviderHelper: SemWifiApContentProviderHelper insert:android,Binder.getCallingUid():1000,hasPermission:true
12-17 11:06:35.431  1121  3199 D SemWifiApContentProviderHelper: SemWifiApContentProviderHelper insert:android,Binder.getCallingUid():1000,hasPermission:true
12-17 11:06:35.432  1121  3199 D SemWifiApContentProviderHelper: SemWifiApContentProviderHelper insert:android,Binder.getCallingUid():1000,hasPermission:true
12-17 11:06:35.432  1121  1712 D PowerManagerService: [api] setLightDeviceIdleMode: false (uid: 1000 pid: 1121)
12-17 11:06:35.432  1121  3199 D SemWifiApContentProviderHelper: SemWifiApContentProviderHelper insert:android,Binder.getCallingUid():1000,hasPermission:true
12-17 11:06:35.432  1121  3199 E SemWifiApSmartBleScanner: mGuidScanFilterBluetoothLeScanFilter [mDeviceName=null, mDeviceAddress=null, mUuid=null, mUuidMask=null, mServiceSolicitationUuid=null, mServiceSolicitationUuidMask=null, mServiceDataUuid=null, mServiceData=null, mServiceDataMask=null, mManufacturerId=117, mManufacturerData=[1, 18, -53, -84, 6, -30, 0, 0, 0, 0, 4, 0, 0, 0, 0, 0, 0, 0, 0, 0, 0, 0, 0, 0], mManufacturerDataMask=[0, -1, -1, -1, -1, -1, 0, 0, 0, 0, 0, 0, 0, 0, 0, 0, 0, 0, 0, 0, 0, 0, 0, 0]]
12-17 11:06:35.432  1121  4479 V WindowManager: Relayout hash=6dd39d, pid=1979: mAttrs={(0,0)(fillxfill) gr=TOP CENTER_VERTICAL sim={adjust=resize} layoutInDisplayCutoutMode=always ty=2040 fmt=TRANSLUCENT
12-17 11:06:35.432  1121  4479 V WindowManager:   fl=81840048
12-17 11:06:35.432  1121  4479 V WindowManager:   pfl=1a000000
12-17 11:06:35.432  1121  4479 V WindowManager:   bhv=SHOW_TRANSIENT_BARS_BY_SWIPE naviIconColor=0
12-17 11:06:35.432  1121  4479 V WindowManager:   sfl=42000}
12-17 11:06:35.433  9945  9945 I Utils   : HomePackage : app.olauncher, resumePackageName : app.olauncher
12-17 11:06:35.433  1979  1979 I ViewRootImpl@31a920c[NotificationShade]: Relayout returned: old=(0,0,1080,2280) new=(0,0,1080,2280) req=(1080,2280)0 dur=4 res=0x1 s={true -5476376658954717728} ch=false fn=32
12-17 11:06:35.433  1214  4150 I bauth_FPQCBAuthSensorControl: FPQCBAuthSensorControl, 346
12-17 11:06:35.433  1214  4150 I qfp-vendorlib: QFPControl_DeviceCpuSpeedup 0
12-17 11:06:35.433  1214  4150 I bauth_FPQCBAuthSensorControl: FPQCBAuthSensorControl, 346
12-17 11:06:35.433  1214  4150 I qfp-vendorlib: QFPControl_DeviceCpuSpeedup 2
12-17 11:06:35.433  1979  1979 D QS      : setQSExpansion 0.0 -140.0
12-17 11:06:35.433  1979  1979 V SecQSFragmentAnimatorBase: setQsExpansionPosition 0.0
12-17 11:06:35.433  1214  4150 I bauth_TLC_Communicator: Call FP cmd 0x7
12-17 11:06:35.433  1979  1979 V QsExpandAnimator: setQsExpansionPosition 0.0 0
12-17 11:06:35.434  1121  3199 I BluetoothAdapter: STATE_BLE_ON
12-17 11:06:35.434  1121  3199 I BluetoothAdapter: appoCount is = 1 G/S = 4/3
12-17 11:06:35.434  1121  3199 I BluetoothAdapter: STATE_BLE_ON
12-17 11:06:35.434  1121  3199 I BluetoothAdapter: appoCount is = 1 G/S = 4/3
12-17 11:06:35.434  1121  3199 I BluetoothAdapter: STATE_BLE_ON
12-17 11:06:35.434  1121  3199 I BluetoothAdapter: appoCount is = 1 G/S = 4/3
12-17 11:06:35.434  1979  1979 D QS      : setQSExpansion 0.0 -140.0
12-17 11:06:35.434  1979  1979 V Navbar.Store: handleEvent [EventType] GET_BOOL_REGION_SAMPLING_ENABLED [Module] LightBarController  KEYS_DEFAULT=false
12-17 11:06:35.434  1979  1979 V Navbar.Store: --[Band]COLOR_PACK_GET_REGION_SAMPLING_ENABLED
12-17 11:06:35.434  1979  1979 V Navbar.Store: ----getValue(BOOL_REGION_SAMPLING_ENABLED)=false
12-17 11:06:35.435  1979  1979 D ScrimController: updateScrimColor main=0xfff2f2f2 front=0xfff2f2f2(0.000000) noti=0xfff2f2f2(0.000000) behind=0xfff2f2f2(1.000000) bubble=0xfff2f2f2(0.000000) vis=0
12-17 11:06:35.435  1979  1979 D StatusBarKeyguardViewManager: onKeyguardFadedAway
12-17 11:06:35.435  1979  1979 D BiometricUnlockCtrl: finishKeyguardFadingAway
12-17 11:06:35.435  1121  1758 E MotionRecognitionService:   mReceiver.onReceive : ACTION_USER_PRESENT  :: UNLOCK SCREEN
12-17 11:06:35.436 17063 17063 I exay    : (REDACTED) O received %s
12-17 11:06:35.436  1121  3907 D LiftUpHandler:   mReceiver.onReceive : ACTION_USER_PRESENT
12-17 11:06:35.436  2897  2897 E Notification4R_GO: EventHandler.CommonBR::onReceive-isSocketAvailable: false
12-17 11:06:35.436  1214  4150 I bauth_TLC_Communicator: Check the Trustlet return code is completed
12-17 11:06:35.436  1214  4150 I bauth_FPBAuthService: FPBAuthService, 6490
12-17 11:06:35.436  1214  4150 I bauth_FPBAuthService: check_opcode status = 2, opcode = 4, func_ret_val = 0, function_status = 2, timeout = -1
12-17 11:06:35.436  1214  4150 I bauth_FPBAuthService: FPBAuthService, 2863
12-17 11:06:35.436  1214  4150 I bauth_FPQCBAuthSensorControl: FPQCBAuthSensorControl, 262
12-17 11:06:35.436  1214  4150 I qfp-vendorlib: QFPControl_DeviceEnableInt 1
12-17 11:06:35.436  1214  4150 I bauth_FPQCBAuthSensorControl: FPQCBAuthSensorControl, 235
12-17 11:06:35.436  1214  4150 I qfp-vendorlib: QFPControl_DeviceSpiCtrl 0
12-17 11:06:35.436  1214  4150 I bauth_FPQCBAuthSensorControl: scc 0
12-17 11:06:35.436  1214  4150 I bauth_FPBAuthService: FPBAuthService, 2884
12-17 11:06:35.436  1214  4150 I bauth_FPQCBAuthSensorControl: FPQCBAuthSensorControl, 346
12-17 11:06:35.436  1214  4150 I qfp-vendorlib: QFPControl_DeviceCpuSpeedup 0
12-17 11:06:35.436  1214  4150 I qfp-vendorlib: QFPControl_DeviceWaitInt Entry!!!
12-17 11:06:35.436  1214  4150 I qfp-vendorlib:  read fd sensor 2
12-17 11:06:35.436  1214  4150 I qfp-vendorlib:  Finger up 
12-17 11:06:35.436  1214  4150 I bauth_FPQCBAuthSensorControl: FPQCBAuthSensorControl, 291
12-17 11:06:35.436  1214  4150 I bauth_FPQCBAuthSensorControl: FPQCBAuthSensorControl, 591
12-17 11:06:35.436  1214  4150 I bauth_FPBAuthService: cosi
12-17 11:06:35.436  1214  4150 I bauth_FPBAuthService: acsf 2
12-17 11:06:35.436  1214  4150 I bauth_FPBAuthService: ad 0
12-17 11:06:35.436  1214  4150 I bauth_FPBAuthService: tfd 0 0 1
12-17 11:06:35.436  1214  4150 I bauth_FPQCBAuthSensorControl: FPQCBAuthSensorControl, 235
12-17 11:06:35.436  1214  4150 I qfp-vendorlib: QFPControl_DeviceSpiCtrl 1
12-17 11:06:35.436  1214  4150 I bauth_FPQCBAuthSensorControl: scc 1
12-17 11:06:35.436  1214  4150 I bauth_FPQCBAuthSensorControl: FPQCBAuthSensorControl, 262
12-17 11:06:35.436  1214  4150 I qfp-vendorlib: QFPControl_DeviceEnableInt 0
12-17 11:06:35.436  1214  4150 I bauth_FPBAuthService: FPBAuthService, 3250
12-17 11:06:35.436  1214  4150 I bauth_FPBAuthService: FPBAuthService, 3261
12-17 11:06:35.436  1214  4150 I bauth_TLC_Communicator: Call FP cmd 0x7
12-17 11:06:35.436 14745 14745 I SAMSUNGWALLET: [Hint_PayHintService] onReceive() action=android.intent.action.USER_PRESENT
12-17 11:06:35.436 14745 14745 I SAMSUNGWALLET: [Hint_PayHintService] Hint Status - User present : Try to check FORCE SHOW or HIDE
12-17 11:06:35.437  4259  4259 D SecUIScreenReceiver: Intent received = android.intent.action.USER_PRESENT
12-17 11:06:35.438  1214  1894 I qfp-vendorlib:  read ipc cancel count 1
12-17 11:06:35.438  1214  1894 I qfp-vendorlib: QFPControl_DeviceWaitIPC exit with 4
12-17 11:06:35.438  1214  1894 E bauth_FPQCBAuthSensorControl: BAuthDeviceWaitIPC sys call failed : 4
12-17 11:06:35.438  1214  1894 I bauth_FPBAuthService: FPBAuthService, 9979
12-17 11:06:35.438  1214  1894 I bauth_FPQCBAuthSensorControl: FPQCBAuthSensorControl, 311
12-17 11:06:35.438  1214  1894 I qfp-vendorlib: QFPControl_DeviceEnableIPC 0
12-17 11:06:35.438  1214  1894 I bauth_FPBAuthService: FPBAuthService, 10201
12-17 11:06:35.438  4259  4259 E SUI_svcsock: svc_sock_send_message(suisvc): invalid remote socket suilst
12-17 11:06:35.439 18539 18539 I [SYNCPRJ] StepUserPresentBroadcastReceiver: ACTION_USER_PRESENT received.
12-17 11:06:35.439  1979  1979 W KeyguardSecurityViewFlipper: onMeasure: widthSpec MeasureSpec: EXACTLY 1080 should be AT_MOST
12-17 11:06:35.439  1979  1979 W KeyguardSecurityViewFlipper: onMeasure: widthSpec MeasureSpec: EXACTLY 1080 should be AT_MOST
12-17 11:06:35.439  1979  1979 W KeyguardSecurityViewFlipper: onMeasure: heightSpec MeasureSpec: EXACTLY 0 should be AT_MOST
12-17 11:06:35.439  1979  2795 I ViewRootImpl@31a920c[NotificationShade]: mWNT: t = android.view.SurfaceControl$Transaction@b50068 fN = 32 android.view.SyncRtSurfaceTransactionApplier.applyTransaction:94 android.view.SyncRtSurfaceTransactionApplier.lambda$scheduleApply$0$SyncRtSurfaceTransactionApplier:71 android.view.SyncRtSurfaceTransactionApplier$$ExternalSyntheticLambda0.onFrameDraw:4 
12-17 11:06:35.439  1979  2795 I ViewRootImpl@31a920c[NotificationShade]: mWNT: merge t to BBQ
12-17 11:06:35.440 18539  9622 I SHEALTH#WI#WearableConnectionMonitor: (print) : size : 0
12-17 11:06:35.440  2416  2416 D NfcService: applyRouting #19 - MSG_SAM_APPLY_SCREEN_STATE
12-17 11:06:35.440  2416  2416 D NfcService: call the applyRouting
12-17 11:06:35.440  9945  9945 I TrayVisibilityController: UserPresentBroadcastReceiver : action = android.intent.action.USER_PRESENT
12-17 11:06:35.441  1121  3199 D BluetoothLeScanner: Start Scan with callback
12-17 11:06:35.442  4107  4121 D BtGatt.ContextMap: add() - appUid: 1000, appPid: 1121, appName: android.uid.system
12-17 11:06:35.443  4107  4312 D BtGatt.GattService: onScannerRegistered() - UUID=b4d3f7ee-cdcb-4c52-a552-312607e0d7b4, scannerId=5, status=0
12-17 11:06:35.443  4230  4230 W ContextImpl: Calling a method in the system process without a qualified user: android.app.ContextImpl.startService:1886 android.content.ContextWrapper.startService:793 android.content.ContextWrapper.startService:793 com.sec.android.diagmonagent.sa.receiver.CFLogReceiver.sendCFLog:26 com.sec.android.diagmonagent.sa.receiver.CFLogReceiver.onReceive:18 
12-17 11:06:35.444   961   961 I Layer   : id=84292 removedFromDrawingState Surface(name=95a12b5 NavigationBar0)/@0x20fa717 - animation-leash of insets_animation#0 (132)
12-17 11:06:35.444   961   961 I Layer   : id=68 removedFromDrawingState 95a12b5 NavigationBar0#0 (132)
12-17 11:06:35.444   961   961 I Layer   : id=78 removedFromDrawingState NavigationBar0$_1979#0 (132)
12-17 11:06:35.444  1121  4413 D BluetoothLeScanner: onScannerRegistered() - status=0 scannerId=5 mScannerId=0
12-17 11:06:35.444   961   961 I Layer   : id=84291 removedFromDrawingState Surface(name=ea69f6a StatusBar)/@0xf1dbd58 - animation-leash of insets_animation#0 (132)
12-17 11:06:35.444   961   961 I Layer   : id=68 addToCurrentState 95a12b5 NavigationBar0#0 (132)
12-17 11:06:35.444   961   961 I Layer   : id=78 addToCurrentState NavigationBar0$_1979#0 (132)
12-17 11:06:35.444  4107  4121 I BluetoothAdapter: STATE_BLE_ON
12-17 11:06:35.444  1979  1979 D IndicatorGardenInputProperty: updateRotation() prv:-1 >> new:0
12-17 11:06:35.444   961   961 I SurfaceFlinger: id=84291 Removed Surface(name=ea69f6a StatusBar)/@0xf1dbd58 - animation-leash of insets_animation#0 (132)
12-17 11:06:35.444  1979  1979 D DeviceState: getDeviceResolutionPixelSize - currentDensity = 420 deviceDensity = 420 initialDisplaySizeFactor = 1440 currentDisplaySizeFactor = 1080 initialDisplayDensity = 560 proportionalDensity = 420 proportionalPixel = 66
12-17 11:06:35.444  4107  4121 I BluetoothAdapter: bleAppCnt is = 4
12-17 11:06:35.444  1979  1979 D DeviceState: getDeviceResolutionPixelSize - currentDensity = 420 deviceDensity = 420 initialDisplaySizeFactor = 1440 currentDisplaySizeFactor = 1080 initialDisplayDensity = 560 proportionalDensity = 420 proportionalPixel = 27
12-17 11:06:35.444  1979  1979 D DeviceState: getDeviceResolutionPixelSize - currentDensity = 420 deviceDensity = 420 initialDisplaySizeFactor = 1440 currentDisplaySizeFactor = 1080 initialDisplayDensity = 560 proportionalDensity = 420 proportionalPixel = 24
12-17 11:06:35.445 14745 15758 I SAMSUNGWALLET: [Hint_SimpleHintProcessMonitor] isHomePackageRunning topPkgName = app.olauncher, topClsName = app.olauncher.MainActivity, return true , se : false
12-17 11:06:35.445   961   961 I Layer   : id=84291 Destroyed Surface(name=ea69f6a StatusBar)/@0xf1dbd58 - animation-leash of insets_animation#0
12-17 11:06:35.445 14745 14745 I SAMSUNGWALLET: [Hint_PayHintService] Hint Status - SHOW, y : 0.0
12-17 11:06:35.445 14745 14745 I SAMSUNGWALLET: [Hint_PayHintService] getWindowLayoutParams
12-17 11:06:35.445 14745 14745 I SAMSUNGWALLET: [Hint_PayHintService] S fit
12-17 11:06:35.446  1121  4471 D CompatibilityChangeReporter: Compat change id reported: 135634846; UID 10113; state: DISABLED
12-17 11:06:35.446  1121  4471 D CompatibilityChangeReporter: Compat change id reported: 177438394; UID 10113; state: DISABLED
12-17 11:06:35.446  1121  2207 D InputDispatcher: Focus left window (0): 6dd39d NotificationShade
12-17 11:06:35.446  1121  4471 D CompatibilityChangeReporter: Compat change id reported: 135772972; UID 10113; state: DISABLED
12-17 11:06:35.446  1121  4471 D CompatibilityChangeReporter: Compat change id reported: 135754954; UID 10113; state: ENABLED
12-17 11:06:35.446  1121  2207 D InputDispatcher: Focus entered window (0): 135d8f6 app.olauncher/app.olauncher.MainActivity
12-17 11:06:35.446  1121  1485 D CompatibilityChangeReporter: Compat change id reported: 143937733; UID 10113; state: ENABLED
12-17 11:06:35.447 14691 14691 I ViewRootImpl@7af405b[MainActivity]: MSG_WINDOW_FOCUS_CHANGED 1 1
12-17 11:06:35.447 14745 15758 I SAMSUNGWALLET: [SimpleCardManagerImpl] getFocusCard mList is empty
12-17 11:06:35.447  1979  1979 W Looper  : Slow dispatch took 22ms main h=android.view.Choreographer$FrameHandler c=android.view.Choreographer$FrameDisplayEventReceiver@993bd09 m=0
12-17 11:06:35.448  1979  1979 I StatusBar: makeExpandedInvisible: mExpandedVisible=true mExpandedVisible=true
12-17 11:06:35.449 14691 14691 D InputMethodManager: startInputInner - Id : 0
12-17 11:06:35.449 14691 14691 I InputMethodManager: startInputInner - mService.startInputOrWindowGainedFocus
12-17 11:06:35.449  1979  1979 D KeyguardRectangleAffordanceView: reset right:false
12-17 11:06:35.449  1979  1979 D KeyguardRectangleAffordanceView: reset right:true
12-17 11:06:35.449  1979  1979 V SecQSFragmentAnimatorBase: setQsExpanded false
12-17 11:06:35.449  1979  1979 V SecQsTransitionAnimator: restorePanelView
12-17 11:06:35.449  1979  1979 V SecQSFragmentAnimatorBase: setQsExpanded false
12-17 11:06:35.449  1979  1979 V SecQsTransitionAnimator: restorePanelView
12-17 11:06:35.449  1979  1979 D QS      : setQSExpansion 0.0 -140.0
12-17 11:06:35.450  1979  1979 D KeyguardTouchAnimator: reset unlockExecuted=false
12-17 11:06:35.450  1979  1979 D KeyguardTouchDymLockInjector: resetDynamicLock mIsDynamicLockEnabled: false
12-17 11:06:35.450  1979  1979 V PanelView: com.android.systemui:id/notification_panel: setExpandedHeight(0.0)
12-17 11:06:35.451  1121  2207 D InputMethodManagerService: mSecureKeypadEnabled = false
12-17 11:06:35.451  1979  1979 D QS      : setQSExpansion 0.0 -140.0
12-17 11:06:35.451  1979  1979 V SecQSFragmentAnimatorBase: updatePanelExpanded false
12-17 11:06:35.451 21500 16880 I NearbySharing: Screen is unlocked
12-17 11:06:35.451  1979  1979 V PanelBar: collapsePanel: animate=false waiting=false
12-17 11:06:35.451  1979  1979 D QS      : setQSExpansion 0.0 -140.0
12-17 11:06:35.451 21500 16880 I NearbySharing: Uwb feature is off.
12-17 11:06:35.451  1121  2207 V InputMethodManagerService: hideCurrentInputLocked : shouldHideSoftInput is false
12-17 11:06:35.451 21500 16880 I NearbySharing: Uwb feature is off.
12-17 11:06:35.451  1979  1979 D StatusBar: disable<e i a s b h!r!c s k t > disable2<q i n >
12-17 11:06:35.451  1121  2207 D InputMethodManagerService: DESKTOP MODE! : 2
12-17 11:06:35.451  1121  2207 D InputMethodManagerService: NOT IN KNOX DESKTOP MODE!
12-17 11:06:35.451  1121  2207 V InputMethodManagerService: getDisplayIdOfInputMethodWindowToBeAdded : 0
12-17 11:06:35.451 21500 16880 I NearbySharing: Stopping scanning because Bluetooth is disabled.
12-17 11:06:35.451  1121  2207 D InputMethodManagerService: checkDisplayOfStartInputAndUpdateKeyboard display Id 0last 0
12-17 11:06:35.452  1121  2207 D InputTransport: Input channel constructed: 'ClientS', fd=903
12-17 11:06:35.452  1121  2207 D InputTransport: Input channel destroyed: 'ClientS', fd=903
12-17 11:06:35.452  1121  1758 E MotionRecognitionService:   mReceiver.onReceive : ACTION_USER_PRESENT  :: UNLOCK SCREEN
12-17 11:06:35.452  2577  2612 I TouchInteractionService: onActiveNavBarRegionChanges, region : SkRegion((691,2154,961,2280))
12-17 11:06:35.452  1979  1979 V Navbar.Store: ----handleEvent [EventType] ON_UPDATE_REMOTEVIEW [Module] SamsungNavigationBarView  KEYS_NAVBAR_DARK_INTENSITY=0.0  KEYS_RIGHT_REMOTEVIEW_CONTAINER=android.widget.LinearLayout{40d5327 I.E...... ......ID 962,0-1080,126 #7f0b070a app:id/right_remoteview}  KEYS_CONTEXTUALBUTTON_VISIBLE=false  KEYS_LEFT_REMOTEVIEW_CONTAINER=android.widget.LinearLayout{2c79d4 I.E...... ......ID 0,0-118,126 #7f0b0478 app:id/left_remoteview}
12-17 11:06:35.452  1979  1979 V Navbar.Store: ------[Band]REMOTE_VIEW_PACK_SET_REMOTEVIEW_CONTAINER
12-17 11:06:35.452  1979  1979 V Navbar.Store: --------apply(UPDATE_NAVBAR_REMOTEVIEW_CONTAINER)
12-17 11:06:35.452  1979  1979 V Navbar.Store: --------apply(UPDATE_NAVBAR_RIGHT_REMOTEVIEW_VISIBILITY)
12-17 11:06:35.452  1979  1979 V Navbar.Store: --------getValue(FLOAT_REMOTEVIEW_DARK_INTENSITY)=0.0
12-17 11:06:35.452  1121  3907 D LiftUpHandler:   mReceiver.onReceive : ACTION_USER_PRESENT
12-17 11:06:35.452  6512  6512 I HBD     : HoneyBoardService onFinishInput 
12-17 11:06:35.452  9945  9945 I TrayVisibilityController: UserPresentBroadcastReceiver : action = android.intent.action.USER_PRESENT
12-17 11:06:35.452  2577  2612 I TouchInteractionService: onActiveNavBarRegionChanges, region : SkRegion((0,2154,388,2280)(389,2154,690,2280)(691,2154,961,2280))
12-17 11:06:35.452  2577  2612 I TouchInteractionService: onSystemUiStateChanged, stateFlags : 2
12-17 11:06:35.453  2577  2577 I TouchInteractionService: onSystemUiFlagsChanged, userUnlocked
12-17 11:06:35.453  6512  6512 I HBD     : a IC have been unbinding,  InputConnectionWrapper{idHash=#62cd547 mMissingMethods=}
12-17 11:06:35.453  6512  6512 I HBD     : HoneyBoardService [PF_CL][onFinishInput]  520989 ns 
12-17 11:06:35.453  6512  6512 I HBD     : HoneyBoardService [IMI] onStartInput - caller pid : 14691 , caller uid : 10633 
12-17 11:06:35.453  6512  6512 I HBD     : j updateConfigs 
12-17 11:06:35.453 14745 14745 I SAMSUNGWALLET: [Hint_PayHintService] onReceive() action=android.intent.action.USER_PRESENT
12-17 11:06:35.453  6512  6512 I HBD     : j isEnabledNightMode : false 
12-17 11:06:35.453  6512  6512 I HBD     : a IC have been binding, InputConnectionWrapper{idHash=#62cd547 mMissingMethods=} 
12-17 11:06:35.453 14745 14745 I SAMSUNGWALLET: [Hint_PayHintService] Hint Status - User present : skip.
12-17 11:06:35.453  6512  6512 I HBD     : h [EditorInputType]setPrivateImeOptionsToTable privateImeOptions ( null )
12-17 11:06:35.453  6512  6512 I HBD     : b incognitoMode : false 
12-17 11:06:35.453  6512  6512 I HBD     : a needOff = true , isForceOff = false, isNullInputClass : true 
12-17 11:06:35.453  6512  6512 I HBD     : h getDefaultInputRange : UNKNOWN 
12-17 11:06:35.453  6512  6512 I HBD     : h getDefaultInputRange : UNKNOWN 
12-17 11:06:35.454  6512  6512 I HBD     : h getDefaultInputRange : UNKNOWN 
12-17 11:06:35.454  2416  2416 D NfcService: applyRouting #19 - MSG_SAM_APPLY_SCREEN_STATE
12-17 11:06:35.454  2416  2416 D NfcService: call the applyRouting
12-17 11:06:35.455  4107  4367 I BluetoothAdapter: STATE_BLE_ON
12-17 11:06:35.455  1121  2210 D DARUtil : Device owner status not updated yet...
12-17 11:06:35.455  1121  2210 D DARUtil : Not an enterprise user : 0
12-17 11:06:35.455  1121  2210 D DARUtil : Device owner status not updated yet...
12-17 11:06:35.455  1121  2210 D DARUtil : Not an enterprise user : 0
12-17 11:06:35.455  2577  2577 I OverviewComponentObserver:  isHomeDisabled : false defaultHome : ComponentInfo{app.olauncher/app.olauncher.MainActivity} mIsDefaultHome : false isAvailableMyHome() : true
12-17 11:06:35.456  6512  6512 I HBD     : a needOff = true , isForceOff = false, isNullInputClass : true 
12-17 11:06:35.456  6512  6512 I HBD     : a update cached prediction status : false 
12-17 11:06:35.456  6512  6512 I HBD     : h getDefaultInputRange : UNKNOWN 
12-17 11:06:35.456  6512  6512 I HBD     : a currentState : 0 
12-17 11:06:35.456 21500 16880 I NearbySharing: Stopping Fast Init advertisement because Bluetooth is off.
12-17 11:06:35.456 21500 16880 I NearbySharing: Stopping advertising because Bluetooth is disabled.
12-17 11:06:35.457  4107  4367 I BluetoothAdapter: appoCount is = 1 G/S = 4/3
12-17 11:06:35.457  4107  4367 I BluetoothAdapter: STATE_BLE_ON
12-17 11:06:35.457  4107  4370 W BtGatt.GattService: checkToReportData before boot completed
12-17 11:06:35.457  4107  4370 E BtGatt.GattService: [GSIM LOG]: gsimLogHandler, msg: MESSAGE_SCAN_START, appName: android.uid.system, scannerId: 5, reportDelayMillis=0
12-17 11:06:35.457  4107  4367 I BluetoothAdapter: appoCount is = 1 G/S = 4/3
12-17 11:06:35.457  4107  4367 I BluetoothAdapter: STATE_BLE_ON
12-17 11:06:35.458  4107  4367 I BluetoothAdapter: appoCount is = 1 G/S = 4/3
12-17 11:06:35.458  6512  6512 I HBD     : h load selected json path : /data/user/0/com.samsung.android.honeyboard/files/selected.json 
12-17 11:06:35.458  6512  6512 I HBD     : h load selected json info : {"version":"1.0","currentLanguageOrder":0,"selected":[{"activeOptionList":["auto_replace","auto_spacing","writing_assistant"],"engName":"English","id":65537,"inputType":"qwerty","isUsed":true}]} 
12-17 11:06:35.459   961   961 D SurfaceFlinger: Display 4630947232161729153 HWC layers:
12-17 11:06:35.459   961   961 D SurfaceFlinger:      DEVICE | 0xb4000075a2e879c0 | 0100 | RGBx_8888    |  300.0    0.0 1380.0 2280.0 |    0    0 1080 2280 | Wallpaper BBQ wrapper#0
12-17 11:06:35.459   961   961 D SurfaceFlinger:      DEVICE | 0xb4000075a2e987c0 | 0100 | RGBA_8888    |    0.0    0.0 1080.0  112.0 |    0    0 1080  112 | StatusBar$_1979#0
12-17 11:06:35.459   961   961 D SurfaceFlinger:      DEVICE | 0xb4000075a2e9b820 | 0100 | RGBA_8888    |    0.0    0.0 1080.0 2280.0 |    0    0 1080 2280 | NotificationShade$_1979#0
12-17 11:06:35.459   961   961 D SurfaceFlinger:      DEVICE | 0xb4000075a2e6c270 | 0100 | RGBA_8888    |    0.0    0.0   67.0  329.0 | 1013  753 1080 1082 | com.samsung.android.app.cocktailbars[...]arservice.CocktailBarService$_9945#0
12-17 11:06:35.459   961   961 D SurfaceFlinger:      DEVICE | 0xb4000075a2e9af20 | 0100 | RGBA_8888    |    0.0    0.0 1080.0  126.0 |    0 2154 1080 2280 | NavigationBar0$_1979#0
12-17 11:06:35.459   961   961 D SurfaceFlinger:      DEVICE | 0xb4000075a2ea2660 | 0100 | RGBA_8888    |    0.0    0.0  521.0   63.0 |  279 2217  800 2280 | com.samsung.android.spay.pay.HintService$_14745#0
12-17 11:06:35.459   961   961 D SurfaceFlinger:      DEVICE | 0xb4000075a2e945f0 | 0100 | RGBA_8888    |    0.0    0.0 1080.0  798.0 |    0 1482 1080 2280 | F
12-17 11:06:35.459   961   961 D SurfaceFlinger: P VI$_4153#0
12-17 11:06:35.459   961   961 D SurfaceFlinger: 
12-17 11:06:35.460  4107  4367 D BtGatt.ScanManager: configureFilterParamter() : onFoundTimeout | onLostTimeout | onFoundCount | numOfTrackingEntries | scanFilterRssiThreshold | trackableScanFilterRssiThreshold | matchMode
12-17 11:06:35.460  4107  4367 D BtGatt.ScanManager: configureFilterParamter() : __________500__|________10000__|___________1__|___________________0__|___________________-128__|____________________________-128__|________1_
12-17 11:06:35.460 14656 14656 W fbservices:InitStatus: Not blocking Service (223881447)
12-17 11:06:35.461   961  3817 I SurfaceFlinger: id=84292 Removed Surface(name=95a12b5 NavigationBar0)/@0x20fa717 - animation-leash of insets_animation#0 (131)
12-17 11:06:35.461  6512  6512 I HBD     : a [UpdatePolicy] [post] a: 0 cl: 65537 kit: [0/0] vt: 0 ir: 1 
12-17 11:06:35.461  1121  1121 D AccessibilityManagerService: currentTargets : [] targetsFromSetting : []
12-17 11:06:35.461  1121  1121 D AccessibilityManagerService: componentId : null userState.getTargetAssignedToAccessibilityButton() : null
12-17 11:06:35.461   961   961 I Layer   : id=84292 Destroyed Surface(name=95a12b5 NavigationBar0)/@0x20fa717 - animation-leash of insets_animation#0
12-17 11:06:35.461  1121  1121 D AccessibilityManagerService: readAccessibilityDirectAccessSettingLocked currentTargets : [] targetsFromSetting : []
12-17 11:06:35.462  1121  1781 D SGM:GameManager: onLooperPrepared(), msg: MSG_USER_PRESENT
12-17 11:06:35.462  1121  1781 D SGM:GameManager: handleUserPresent()
12-17 11:06:35.462  1121  1121 I PersonaManagerService: UserReceiver.onReceive() {action:android.intent.action.USER_PRESENT userHandle:-1}
12-17 11:06:35.462  1121  1121 I MdnieScenarioControlService: action  :  android.intent.action.USER_PRESENT
12-17 11:06:35.462  6512  6512 I HBD     : HoneyBoardService [PF_OP][onStartInput]  9032813 ns 
12-17 11:06:35.462  1121  1121 D MdnieScenarioControlService:  packageName : app.olauncher    className : app.olauncher.MainActivity
12-17 11:06:35.462  1121  1121 I AdaptiveDisplaySolutionService: action  :  android.intent.action.USER_PRESENT
