12-17 11:04:39.791   739   739 E audit   : type=1400 audit(1734462279.781:97797): avc:  granted  { execute } for  pid=3300 comm="CombinedTP1" path="/data/data/com.facebook.orca/lib-compressed/libmsysohai-jni.so" dev="sda31" ino=67124 scontext=u:r:untrusted_app:s0:c221,c257,c512,c768 tcontext=u:object_r:app_data_file:s0:c221,c257,c512,c768 tclass=file SEPF_SM-G973W_12_0001 audit_filtered
12-17 11:04:39.821   961   961 E SurfaceFlinger: Attempt to update InputPolicyFlags without permission ACCESS_SURFACE_FLINGER
12-17 11:04:39.971   961   961 E SurfaceFlinger: Attempt to update InputPolicyFlags without permission ACCESS_SURFACE_FLINGER
12-17 11:04:39.988   961   961 E SurfaceFlinger: Attempt to update InputPolicyFlags without permission ACCESS_SURFACE_FLINGER
12-17 11:04:40.238   961   961 E SurfaceFlinger: Attempt to update InputPolicyFlags without permission ACCESS_SURFACE_FLINGER
12-17 11:04:40.255   961   961 E SurfaceFlinger: Attempt to update InputPolicyFlags without permission ACCESS_SURFACE_FLINGER
12-17 11:04:40.405   961   961 E SurfaceFlinger: Attempt to update InputPolicyFlags without permission ACCESS_SURFACE_FLINGER
12-17 11:04:40.422   961   961 E SurfaceFlinger: Attempt to update InputPolicyFlags without permission ACCESS_SURFACE_FLINGER
12-17 11:04:40.539   961   961 E SurfaceFlinger: Attempt to update InputPolicyFlags without permission ACCESS_SURFACE_FLINGER
12-17 11:04:40.544  3300  3372 E msgr.ClientMessagePushDedupInfoProvider: Context is null, sync db failed to initialize
12-17 11:04:40.556   961   961 E SurfaceFlinger: Attempt to update InputPolicyFlags without permission ACCESS_SURFACE_FLINGER
12-17 11:04:40.564  4185 20038 E DatabaseUtils: Writing exception to parcel
12-17 11:04:40.564  4185 20038 E DatabaseUtils: java.lang.IllegalArgumentException: Unsupported MIME type audio/m4a
12-17 11:04:40.564  4185 20038 E DatabaseUtils: 	at com.android.providers.media.MediaProvider.ensureFileColumns(MediaProvider.java:3280)
12-17 11:04:40.564  4185 20038 E DatabaseUtils: 	at com.android.providers.media.MediaProvider.ensureUniqueFileColumns(MediaProvider.java:3097)
12-17 11:04:40.564  4185 20038 E DatabaseUtils: 	at com.android.providers.media.MediaProvider.insertFile(MediaProvider.java:3855)
12-17 11:04:40.564  4185 20038 E DatabaseUtils: 	at com.android.providers.media.MediaProvider.insertInternal(MediaProvider.java:4366)
12-17 11:04:40.564  4185 20038 E DatabaseUtils: 	at com.android.providers.media.MediaProvider.insert(MediaProvider.java:4139)
12-17 11:04:40.564  4185 20038 E DatabaseUtils: 	at android.content.ContentProvider$Transport.insert(ContentProvider.java:344)
12-17 11:04:40.564  4185 20038 E DatabaseUtils: 	at android.content.ContentProviderNative.onTransact(ContentProviderNative.java:168)
12-17 11:04:40.564  4185 20038 E DatabaseUtils: 	at android.os.Binder.execTransactInternal(Binder.java:1215)
12-17 11:04:40.564  4185 20038 E DatabaseUtils: 	at android.os.Binder.execTransact(Binder.java:1179)
12-17 11:04:40.622   961   961 E SurfaceFlinger: Attempt to update InputPolicyFlags without permission ACCESS_SURFACE_FLINGER
12-17 11:04:40.639   961   961 E SurfaceFlinger: Attempt to update InputPolicyFlags without permission ACCESS_SURFACE_FLINGER
12-17 11:04:40.739   739   739 E audit   : type=1400 audit(1734462280.731:97799): avc:  granted  { execute } for  pid=3300 comm="CombinedTP4" path="/data/data/com.facebook.orca/lib-compressed/libmodelsmerged.so" dev="sda31" ino=67108 scontext=u:r:untrusted_app:s0:c221,c257,c512,c768 tcontext=u:object_r:app_data_file:s0:c221,c257,c512,c768 tclass=file SEPF_SM-G973W_12_0001 audit_filtered
12-17 11:04:40.739   739   739 E audit   : type=1300 audit(1734462280.731:97799): arch=c00000b7 syscall=222 success=yes exit=480965091328 a0=6ffbc0e000 a1=1e6c0 a2=5 a3=12 items=0 ppid=772 pid=3300 auid=4294967295 uid=10477 gid=10477 euid=10477 suid=10477 fsuid=10477 egid=10477 sgid=10477 fsgid=10477 tty=(none) ses=4294967295 comm="CombinedTP4" exe="/system/bin/app_process64" subj=u:r:untrusted_app:s0:c221,c257,c512,c768 key=(null)
12-17 11:04:40.739   739   739 E audit   : type=1327 audit(1734462280.731:97799): proctitle="com.facebook.orca"
12-17 11:04:40.757   739   739 E audit   : type=1400 audit(1734462280.741:97800): avc:  granted  { execute } for  pid=3300 comm="CombinedTP4" path="/data/data/com.facebook.orca/lib-compressed/libmessengerdownloadservice.so" dev="sda31" ino=67065 scontext=u:r:untrusted_app:s0:c221,c257,c512,c768 tcontext=u:object_r:app_data_file:s0:c221,c257,c512,c768 tclass=file SEPF_SM-G973W_12_0001 audit_filtered
12-17 11:04:40.790   961   961 E SurfaceFlinger: Attempt to update InputPolicyFlags without permission ACCESS_SURFACE_FLINGER
12-17 11:04:40.806   961   961 E SurfaceFlinger: Attempt to update InputPolicyFlags without permission ACCESS_SURFACE_FLINGER
12-17 11:04:41.057   961   961 E SurfaceFlinger: Attempt to update InputPolicyFlags without permission ACCESS_SURFACE_FLINGER
12-17 11:04:41.074   961   961 E SurfaceFlinger: Attempt to update InputPolicyFlags without permission ACCESS_SURFACE_FLINGER
12-17 11:04:41.333   770   775 E statsd  : Predicate 5980654721335871649 dropping data for dimension key (10)0x2010101->10712[I] (10)0x30000->*dexopt*[S] 
12-17 11:04:41.335   770   775 E statsd  : Predicate -7037417284711607308 dropping data for dimension key (10)0x2010101->10712[I] (10)0x30000->*dexopt*[S] 
12-17 11:04:41.541   961   961 E SurfaceFlinger: Attempt to update InputPolicyFlags without permission ACCESS_SURFACE_FLINGER
12-17 11:04:41.800  1121  3395 E ClipboardService: Denying clipboard access to com.main.focuspact.release, application is not in focus nor is it a system service for user 0
12-17 11:04:42.177   961   961 E SurfaceFlinger: Attempt to update InputPolicyFlags without permission ACCESS_SURFACE_FLINGER
12-17 11:04:42.193   961   961 E SurfaceFlinger: Attempt to update InputPolicyFlags without permission ACCESS_SURFACE_FLINGER
12-17 11:04:42.412  1121  1459 E WindowManager: win=Window{1815156 u0 Autofill UI EXITING} destroySurfaces: appStopped=false win.mWindowRemovalAllowed=true win.mRemoveOnExit=true win.mViewVisibility=0 caller=com.android.server.wm.WindowState.destroySurface:4175 com.android.server.wm.ActivityRecord.destroySurfaces:5842 com.android.server.wm.ActivityRecord.destroySurfaces:5823 com.android.server.wm.WindowState.onExitAnimationDone:5975 com.android.server.wm.WindowStateAnimator.onAnimationFinished:242 com.android.server.wm.WindowState.onAnimationFinished:6228 com.android.server.wm.WindowContainer$$ExternalSyntheticLambda0.onAnimationFinished:2 
12-17 11:04:42.460   961   961 E SurfaceFlinger: Attempt to update InputPolicyFlags without permission ACCESS_SURFACE_FLINGER
12-17 11:04:42.477   961   961 E SurfaceFlinger: Attempt to update InputPolicyFlags without permission ACCESS_SURFACE_FLINGER
12-17 11:04:42.744   961   961 E SurfaceFlinger: Attempt to update InputPolicyFlags without permission ACCESS_SURFACE_FLINGER
12-17 11:04:42.761   961   961 E SurfaceFlinger: Attempt to update InputPolicyFlags without permission ACCESS_SURFACE_FLINGER
12-17 11:04:43.028   961   961 E SurfaceFlinger: Attempt to update InputPolicyFlags without permission ACCESS_SURFACE_FLINGER
12-17 11:04:43.045   961   961 E SurfaceFlinger: Attempt to update InputPolicyFlags without permission ACCESS_SURFACE_FLINGER
12-17 11:04:43.262   961   961 E SurfaceFlinger: Attempt to update InputPolicyFlags without permission ACCESS_SURFACE_FLINGER
12-17 11:04:43.279   961   961 E SurfaceFlinger: Attempt to update InputPolicyFlags without permission ACCESS_SURFACE_FLINGER
12-17 11:04:43.597   961   961 E SurfaceFlinger: Attempt to update InputPolicyFlags without permission ACCESS_SURFACE_FLINGER
12-17 11:04:43.613   961   961 E SurfaceFlinger: Attempt to update InputPolicyFlags without permission ACCESS_SURFACE_FLINGER
12-17 11:04:44.081   961   961 E SurfaceFlinger: Attempt to update InputPolicyFlags without permission ACCESS_SURFACE_FLINGER
12-17 11:04:44.131   961   961 E SurfaceFlinger: Attempt to update InputPolicyFlags without permission ACCESS_SURFACE_FLINGER
12-17 11:04:44.148   961   961 E SurfaceFlinger: Attempt to update InputPolicyFlags without permission ACCESS_SURFACE_FLINGER
12-17 11:04:44.164   961   961 E SurfaceFlinger: Attempt to update InputPolicyFlags without permission ACCESS_SURFACE_FLINGER
12-17 11:04:44.181   961   961 E SurfaceFlinger: Attempt to update InputPolicyFlags without permission ACCESS_SURFACE_FLINGER
12-17 11:04:44.198   961   961 E SurfaceFlinger: Attempt to update InputPolicyFlags without permission ACCESS_SURFACE_FLINGER
12-17 11:04:44.214   961   961 E SurfaceFlinger: Attempt to update InputPolicyFlags without permission ACCESS_SURFACE_FLINGER
12-17 11:04:44.231   961   961 E SurfaceFlinger: Attempt to update InputPolicyFlags without permission ACCESS_SURFACE_FLINGER
12-17 11:04:44.248   961   961 E SurfaceFlinger: Attempt to update InputPolicyFlags without permission ACCESS_SURFACE_FLINGER
12-17 11:04:44.265   961   961 E SurfaceFlinger: Attempt to update InputPolicyFlags without permission ACCESS_SURFACE_FLINGER
12-17 11:04:44.281   961   961 E SurfaceFlinger: Attempt to update InputPolicyFlags without permission ACCESS_SURFACE_FLINGER
12-17 11:04:44.298   961   961 E SurfaceFlinger: Attempt to update InputPolicyFlags without permission ACCESS_SURFACE_FLINGER
12-17 11:04:44.315   961   961 E SurfaceFlinger: Attempt to update InputPolicyFlags without permission ACCESS_SURFACE_FLINGER
12-17 11:04:44.331   961   961 E SurfaceFlinger: Attempt to update InputPolicyFlags without permission ACCESS_SURFACE_FLINGER
12-17 11:04:44.348   961   961 E SurfaceFlinger: Attempt to update InputPolicyFlags without permission ACCESS_SURFACE_FLINGER
12-17 11:04:44.365   961   961 E SurfaceFlinger: Attempt to update InputPolicyFlags without permission ACCESS_SURFACE_FLINGER
12-17 11:04:44.382   961   961 E SurfaceFlinger: Attempt to update InputPolicyFlags without permission ACCESS_SURFACE_FLINGER
12-17 11:04:44.398   961   961 E SurfaceFlinger: Attempt to update InputPolicyFlags without permission ACCESS_SURFACE_FLINGER
12-17 11:04:44.415   961   961 E SurfaceFlinger: Attempt to update InputPolicyFlags without permission ACCESS_SURFACE_FLINGER
12-17 11:04:44.432   961   961 E SurfaceFlinger: Attempt to update InputPolicyFlags without permission ACCESS_SURFACE_FLINGER
12-17 11:04:44.448   961   961 E SurfaceFlinger: Attempt to update InputPolicyFlags without permission ACCESS_SURFACE_FLINGER
12-17 11:04:44.465   961   961 E SurfaceFlinger: Attempt to update InputPolicyFlags without permission ACCESS_SURFACE_FLINGER
12-17 11:04:44.482   961   961 E SurfaceFlinger: Attempt to update InputPolicyFlags without permission ACCESS_SURFACE_FLINGER
12-17 11:04:44.499   961   961 E SurfaceFlinger: Attempt to update InputPolicyFlags without permission ACCESS_SURFACE_FLINGER
12-17 11:04:44.515   961   961 E SurfaceFlinger: Attempt to update InputPolicyFlags without permission ACCESS_SURFACE_FLINGER
12-17 11:04:44.532   961   961 E SurfaceFlinger: Attempt to update InputPolicyFlags without permission ACCESS_SURFACE_FLINGER
12-17 11:04:44.549   961   961 E SurfaceFlinger: Attempt to update InputPolicyFlags without permission ACCESS_SURFACE_FLINGER
12-17 11:04:44.565   961   961 E SurfaceFlinger: Attempt to update InputPolicyFlags without permission ACCESS_SURFACE_FLINGER
12-17 11:04:44.582   961   961 E SurfaceFlinger: Attempt to update InputPolicyFlags without permission ACCESS_SURFACE_FLINGER
12-17 11:04:44.599   961   961 E SurfaceFlinger: Attempt to update InputPolicyFlags without permission ACCESS_SURFACE_FLINGER
12-17 11:04:44.615   961   961 E SurfaceFlinger: Attempt to update InputPolicyFlags without permission ACCESS_SURFACE_FLINGER
12-17 11:04:44.632   961   961 E SurfaceFlinger: Attempt to update InputPolicyFlags without permission ACCESS_SURFACE_FLINGER
12-17 11:04:44.649   961   961 E SurfaceFlinger: Attempt to update InputPolicyFlags without permission ACCESS_SURFACE_FLINGER
12-17 11:04:44.666   961   961 E SurfaceFlinger: Attempt to update InputPolicyFlags without permission ACCESS_SURFACE_FLINGER
12-17 11:04:44.682   961   961 E SurfaceFlinger: Attempt to update InputPolicyFlags without permission ACCESS_SURFACE_FLINGER
12-17 11:04:44.699   961   961 E SurfaceFlinger: Attempt to update InputPolicyFlags without permission ACCESS_SURFACE_FLINGER
12-17 11:04:44.732   961   961 E SurfaceFlinger: Attempt to update InputPolicyFlags without permission ACCESS_SURFACE_FLINGER
12-17 11:04:44.750   961   961 E SurfaceFlinger: Attempt to update InputPolicyFlags without permission ACCESS_SURFACE_FLINGER
12-17 11:04:44.766   961   961 E SurfaceFlinger: Attempt to update InputPolicyFlags without permission ACCESS_SURFACE_FLINGER
12-17 11:04:44.783   961   961 E SurfaceFlinger: Attempt to update InputPolicyFlags without permission ACCESS_SURFACE_FLINGER
12-17 11:04:44.799   961   961 E SurfaceFlinger: Attempt to update InputPolicyFlags without permission ACCESS_SURFACE_FLINGER
12-17 11:04:44.816   961   961 E SurfaceFlinger: Attempt to update InputPolicyFlags without permission ACCESS_SURFACE_FLINGER
12-17 11:04:44.833   961   961 E SurfaceFlinger: Attempt to update InputPolicyFlags without permission ACCESS_SURFACE_FLINGER
12-17 11:04:44.849   961   961 E SurfaceFlinger: Attempt to update InputPolicyFlags without permission ACCESS_SURFACE_FLINGER
12-17 11:04:44.866   961   961 E SurfaceFlinger: Attempt to update InputPolicyFlags without permission ACCESS_SURFACE_FLINGER
12-17 11:04:44.883   961   961 E SurfaceFlinger: Attempt to update InputPolicyFlags without permission ACCESS_SURFACE_FLINGER
12-17 11:04:44.900   961   961 E SurfaceFlinger: Attempt to update InputPolicyFlags without permission ACCESS_SURFACE_FLINGER
12-17 11:04:44.916   961   961 E SurfaceFlinger: Attempt to update InputPolicyFlags without permission ACCESS_SURFACE_FLINGER
12-17 11:04:44.933   961   961 E SurfaceFlinger: Attempt to update InputPolicyFlags without permission ACCESS_SURFACE_FLINGER
12-17 11:04:44.950   961   961 E SurfaceFlinger: Attempt to update InputPolicyFlags without permission ACCESS_SURFACE_FLINGER
12-17 11:04:44.966   961   961 E SurfaceFlinger: Attempt to update InputPolicyFlags without permission ACCESS_SURFACE_FLINGER
12-17 11:04:44.983   961   961 E SurfaceFlinger: Attempt to update InputPolicyFlags without permission ACCESS_SURFACE_FLINGER
12-17 11:04:45.000   961   961 E SurfaceFlinger: Attempt to update InputPolicyFlags without permission ACCESS_SURFACE_FLINGER
12-17 11:04:45.016   961   961 E SurfaceFlinger: Attempt to update InputPolicyFlags without permission ACCESS_SURFACE_FLINGER
12-17 11:04:45.024  1121  3395 E WindowManager: win=Window{1a72702 u0 InputMethod} destroySurfaces: appStopped=true win.mWindowRemovalAllowed=false win.mRemoveOnExit=false win.mViewVisibility=8 caller=com.android.server.wm.WindowManagerService.tryStartExitingAnimation:2951 com.android.server.wm.WindowManagerService.relayoutWindow:2675 com.android.server.wm.Session.relayout:242 android.view.IWindowSession$Stub.onTransact:790 com.android.server.wm.Session.onTransact:176 android.os.Binder.execTransactInternal:1215 android.os.Binder.execTransact:1179 
12-17 11:04:45.033   961   961 E SurfaceFlinger: Attempt to update InputPolicyFlags without permission ACCESS_SURFACE_FLINGER
12-17 11:04:45.050   961   961 E SurfaceFlinger: Attempt to update InputPolicyFlags without permission ACCESS_SURFACE_FLINGER
12-17 11:04:45.067   961   961 E SurfaceFlinger: Attempt to update InputPolicyFlags without permission ACCESS_SURFACE_FLINGER
12-17 11:04:45.083   961   961 E SurfaceFlinger: Attempt to update InputPolicyFlags without permission ACCESS_SURFACE_FLINGER
12-17 11:04:45.100   961   961 E SurfaceFlinger: Attempt to update InputPolicyFlags without permission ACCESS_SURFACE_FLINGER
12-17 11:04:45.167   961   961 E SurfaceFlinger: Attempt to update InputPolicyFlags without permission ACCESS_SURFACE_FLINGER
12-17 11:04:45.183   961   961 E SurfaceFlinger: Attempt to update InputPolicyFlags without permission ACCESS_SURFACE_FLINGER
12-17 11:04:45.200   961   961 E SurfaceFlinger: Attempt to update InputPolicyFlags without permission ACCESS_SURFACE_FLINGER
12-17 11:04:45.217   961   961 E SurfaceFlinger: Attempt to update InputPolicyFlags without permission ACCESS_SURFACE_FLINGER
12-17 11:04:45.234   961   961 E SurfaceFlinger: Attempt to update InputPolicyFlags without permission ACCESS_SURFACE_FLINGER
12-17 11:04:45.250   961   961 E SurfaceFlinger: Attempt to update InputPolicyFlags without permission ACCESS_SURFACE_FLINGER
12-17 11:04:45.267   961   961 E SurfaceFlinger: Attempt to update InputPolicyFlags without permission ACCESS_SURFACE_FLINGER
12-17 11:04:45.284   961   961 E SurfaceFlinger: Attempt to update InputPolicyFlags without permission ACCESS_SURFACE_FLINGER
12-17 11:04:45.301   961   961 E SurfaceFlinger: Attempt to update InputPolicyFlags without permission ACCESS_SURFACE_FLINGER
12-17 11:04:45.317   961   961 E SurfaceFlinger: Attempt to update InputPolicyFlags without permission ACCESS_SURFACE_FLINGER
12-17 11:04:45.334   961   961 E SurfaceFlinger: Attempt to update InputPolicyFlags without permission ACCESS_SURFACE_FLINGER
12-17 11:04:45.351   961   961 E SurfaceFlinger: Attempt to update InputPolicyFlags without permission ACCESS_SURFACE_FLINGER
12-17 11:04:45.367   961   961 E SurfaceFlinger: Attempt to update InputPolicyFlags without permission ACCESS_SURFACE_FLINGER
12-17 11:04:45.384   961   961 E SurfaceFlinger: Attempt to update InputPolicyFlags without permission ACCESS_SURFACE_FLINGER
12-17 11:04:45.401   961   961 E SurfaceFlinger: Attempt to update InputPolicyFlags without permission ACCESS_SURFACE_FLINGER
12-17 11:04:45.418   961   961 E SurfaceFlinger: Attempt to update InputPolicyFlags without permission ACCESS_SURFACE_FLINGER
12-17 11:04:45.434   961   961 E SurfaceFlinger: Attempt to update InputPolicyFlags without permission ACCESS_SURFACE_FLINGER
12-17 11:04:45.451   961   961 E SurfaceFlinger: Attempt to update InputPolicyFlags without permission ACCESS_SURFACE_FLINGER
12-17 11:04:45.468   961   961 E SurfaceFlinger: Attempt to update InputPolicyFlags without permission ACCESS_SURFACE_FLINGER
12-17 11:04:45.484   961   961 E SurfaceFlinger: Attempt to update InputPolicyFlags without permission ACCESS_SURFACE_FLINGER
12-17 11:04:47.005   961   961 E SurfaceFlinger: Attempt to update InputPolicyFlags without permission ACCESS_SURFACE_FLINGER
12-17 11:04:47.155   961   961 E SurfaceFlinger: Attempt to update InputPolicyFlags without permission ACCESS_SURFACE_FLINGER
12-17 11:04:47.272   961   961 E SurfaceFlinger: Attempt to update InputPolicyFlags without permission ACCESS_SURFACE_FLINGER
12-17 11:04:47.272   961   961 E SurfaceFlinger: Attempt to update InputPolicyFlags without permission ACCESS_SURFACE_FLINGER
12-17 11:04:47.289   961   961 E SurfaceFlinger: Attempt to update InputPolicyFlags without permission ACCESS_SURFACE_FLINGER
12-17 11:04:47.306   961   961 E SurfaceFlinger: Attempt to update InputPolicyFlags without permission ACCESS_SURFACE_FLINGER
12-17 11:04:47.306   961   961 E SurfaceFlinger: Attempt to update InputPolicyFlags without permission ACCESS_SURFACE_FLINGER
12-17 11:04:47.322   961   961 E SurfaceFlinger: Attempt to update InputPolicyFlags without permission ACCESS_SURFACE_FLINGER
12-17 11:04:47.323   961   961 E SurfaceFlinger: Attempt to update InputPolicyFlags without permission ACCESS_SURFACE_FLINGER
12-17 11:04:47.339   961   961 E SurfaceFlinger: Attempt to update InputPolicyFlags without permission ACCESS_SURFACE_FLINGER
12-17 11:04:47.339   961   961 E SurfaceFlinger: Attempt to update InputPolicyFlags without permission ACCESS_SURFACE_FLINGER
12-17 11:04:47.339   961   961 E SurfaceFlinger: Attempt to update InputPolicyFlags without permission ACCESS_SURFACE_FLINGER
12-17 11:04:47.340   961   961 E SurfaceFlinger: Attempt to update InputPolicyFlags without permission ACCESS_SURFACE_FLINGER
12-17 11:04:47.340   961   961 E SurfaceFlinger: Attempt to update InputPolicyFlags without permission ACCESS_SURFACE_FLINGER
12-17 11:04:47.340   961   961 E SurfaceFlinger: Attempt to update InputPolicyFlags without permission ACCESS_SURFACE_FLINGER
12-17 11:04:47.340   961   961 E SurfaceFlinger: Attempt to update InputPolicyFlags without permission ACCESS_SURFACE_FLINGER
12-17 11:04:47.356   961   961 E SurfaceFlinger: Attempt to update InputPolicyFlags without permission ACCESS_SURFACE_FLINGER
12-17 11:04:47.357   961   961 E SurfaceFlinger: Attempt to update InputPolicyFlags without permission ACCESS_SURFACE_FLINGER
12-17 11:04:47.357   961   961 E SurfaceFlinger: Attempt to update InputPolicyFlags without permission ACCESS_SURFACE_FLINGER
12-17 11:04:47.357   961   961 E SurfaceFlinger: Attempt to update InputPolicyFlags without permission ACCESS_SURFACE_FLINGER
12-17 11:04:47.357   961   961 E SurfaceFlinger: Attempt to update InputPolicyFlags without permission ACCESS_SURFACE_FLINGER
12-17 11:04:47.357   961   961 E SurfaceFlinger: Attempt to update InputPolicyFlags without permission ACCESS_SURFACE_FLINGER
12-17 11:04:47.373   961   961 E SurfaceFlinger: Attempt to update InputPolicyFlags without permission ACCESS_SURFACE_FLINGER
12-17 11:04:47.389   961   961 E SurfaceFlinger: Attempt to update InputPolicyFlags without permission ACCESS_SURFACE_FLINGER
12-17 11:04:47.775   770   775 E statsd  : Predicate 5980654721335871649 dropping data for dimension key (10)0x2010101->10712[I] (10)0x30000->*dexopt*[S] 
12-17 11:04:47.775   770   775 E statsd  : Predicate -7037417284711607308 dropping data for dimension key (10)0x2010101->10712[I] (10)0x30000->*dexopt*[S] 
12-17 11:04:48.522  3300  3516 E libprocessgroup: set_timerslack_ns write failed: Operation not permitted
12-17 11:04:48.726   961   961 E SurfaceFlinger: Attempt to update InputPolicyFlags without permission ACCESS_SURFACE_FLINGER
12-17 11:04:48.742   961   961 E SurfaceFlinger: Attempt to update InputPolicyFlags without permission ACCESS_SURFACE_FLINGER
12-17 11:04:48.759   961   961 E SurfaceFlinger: Attempt to update InputPolicyFlags without permission ACCESS_SURFACE_FLINGER
12-17 11:04:48.776   961   961 E SurfaceFlinger: Attempt to update InputPolicyFlags without permission ACCESS_SURFACE_FLINGER
12-17 11:04:48.792   961   961 E SurfaceFlinger: Attempt to update InputPolicyFlags without permission ACCESS_SURFACE_FLINGER
12-17 11:04:48.809   961   961 E SurfaceFlinger: Attempt to update InputPolicyFlags without permission ACCESS_SURFACE_FLINGER
12-17 11:04:48.826   961   961 E SurfaceFlinger: Attempt to update InputPolicyFlags without permission ACCESS_SURFACE_FLINGER
12-17 11:04:48.842   961   961 E SurfaceFlinger: Attempt to update InputPolicyFlags without permission ACCESS_SURFACE_FLINGER
12-17 11:04:48.859   961   961 E SurfaceFlinger: Attempt to update InputPolicyFlags without permission ACCESS_SURFACE_FLINGER
12-17 11:04:48.876   961   961 E SurfaceFlinger: Attempt to update InputPolicyFlags without permission ACCESS_SURFACE_FLINGER
12-17 11:04:48.892   961   961 E SurfaceFlinger: Attempt to update InputPolicyFlags without permission ACCESS_SURFACE_FLINGER
12-17 11:04:48.909   961   961 E SurfaceFlinger: Attempt to update InputPolicyFlags without permission ACCESS_SURFACE_FLINGER
12-17 11:04:48.926   961   961 E SurfaceFlinger: Attempt to update InputPolicyFlags without permission ACCESS_SURFACE_FLINGER
12-17 11:04:48.943   961   961 E SurfaceFlinger: Attempt to update InputPolicyFlags without permission ACCESS_SURFACE_FLINGER
12-17 11:04:48.959   961   961 E SurfaceFlinger: Attempt to update InputPolicyFlags without permission ACCESS_SURFACE_FLINGER
12-17 11:04:49.112  1121  1459 E WindowManager: win=Window{5eed52d u0 com.main.focuspact.release/com.main.focuspact.MainActivity EXITING} destroySurfaces: appStopped=false win.mWindowRemovalAllowed=true win.mRemoveOnExit=true win.mViewVisibility=0 caller=com.android.server.wm.ActivityRecord.destroySurfaces:5842 com.android.server.wm.ActivityRecord.destroySurfaces:5823 com.android.server.wm.WindowState.onExitAnimationDone:5975 com.android.server.wm.WindowStateAnimator.onAnimationFinished:242 com.android.server.wm.WindowState.onAnimationFinished:6228 com.android.server.wm.WindowContainer$$ExternalSyntheticLambda0.onAnimationFinished:2 com.android.server.wm.SurfaceAnimator.lambda$getFinishedCallback$0$SurfaceAnimator:113 
12-17 11:04:50.313   961   961 E SurfaceFlinger: Attempt to update InputPolicyFlags without permission ACCESS_SURFACE_FLINGER
12-17 11:04:50.330   961   961 E SurfaceFlinger: Attempt to update InputPolicyFlags without permission ACCESS_SURFACE_FLINGER
12-17 11:04:50.346   961   961 E SurfaceFlinger: Attempt to update InputPolicyFlags without permission ACCESS_SURFACE_FLINGER
12-17 11:04:50.362   961   961 E SurfaceFlinger: Attempt to update InputPolicyFlags without permission ACCESS_SURFACE_FLINGER
12-17 11:04:50.379   961   961 E SurfaceFlinger: Attempt to update InputPolicyFlags without permission ACCESS_SURFACE_FLINGER
12-17 11:04:50.396   961   961 E SurfaceFlinger: Attempt to update InputPolicyFlags without permission ACCESS_SURFACE_FLINGER
12-17 11:04:50.413   961   961 E SurfaceFlinger: Attempt to update InputPolicyFlags without permission ACCESS_SURFACE_FLINGER
12-17 11:04:50.429   961   961 E SurfaceFlinger: Attempt to update InputPolicyFlags without permission ACCESS_SURFACE_FLINGER
12-17 11:04:50.446   961   961 E SurfaceFlinger: Attempt to update InputPolicyFlags without permission ACCESS_SURFACE_FLINGER
12-17 11:04:50.463   961   961 E SurfaceFlinger: Attempt to update InputPolicyFlags without permission ACCESS_SURFACE_FLINGER
12-17 11:04:50.479   961   961 E SurfaceFlinger: Attempt to update InputPolicyFlags without permission ACCESS_SURFACE_FLINGER
12-17 11:04:50.496   961   961 E SurfaceFlinger: Attempt to update InputPolicyFlags without permission ACCESS_SURFACE_FLINGER
12-17 11:04:50.648  1121  1459 E WindowManager: win=Window{99a40a u0 com.main.focuspact.release/com.main.focuspact.MainActivity EXITING} destroySurfaces: appStopped=false win.mWindowRemovalAllowed=true win.mRemoveOnExit=true win.mViewVisibility=0 caller=com.android.server.wm.ActivityRecord.destroySurfaces:5842 com.android.server.wm.ActivityRecord.destroySurfaces:5823 com.android.server.wm.WindowState.onExitAnimationDone:5975 com.android.server.wm.WindowStateAnimator.onAnimationFinished:242 com.android.server.wm.WindowState.onAnimationFinished:6228 com.android.server.wm.WindowContainer$$ExternalSyntheticLambda0.onAnimationFinished:2 com.android.server.wm.SurfaceAnimator.lambda$getFinishedCallback$0$SurfaceAnimator:113 
12-17 11:04:51.432   961   961 E SurfaceFlinger: Attempt to update InputPolicyFlags without permission ACCESS_SURFACE_FLINGER
12-17 11:04:51.449   961   961 E SurfaceFlinger: Attempt to update InputPolicyFlags without permission ACCESS_SURFACE_FLINGER
12-17 11:04:51.465   961   961 E SurfaceFlinger: Attempt to update InputPolicyFlags without permission ACCESS_SURFACE_FLINGER
12-17 11:04:51.482   961   961 E SurfaceFlinger: Attempt to update InputPolicyFlags without permission ACCESS_SURFACE_FLINGER
12-17 11:04:51.498   961   961 E SurfaceFlinger: Attempt to update InputPolicyFlags without permission ACCESS_SURFACE_FLINGER
12-17 11:04:51.515   961   961 E SurfaceFlinger: Attempt to update InputPolicyFlags without permission ACCESS_SURFACE_FLINGER
12-17 11:04:51.532   961   961 E SurfaceFlinger: Attempt to update InputPolicyFlags without permission ACCESS_SURFACE_FLINGER
12-17 11:04:51.549   961   961 E SurfaceFlinger: Attempt to update InputPolicyFlags without permission ACCESS_SURFACE_FLINGER
12-17 11:04:51.565   961   961 E SurfaceFlinger: Attempt to update InputPolicyFlags without permission ACCESS_SURFACE_FLINGER
12-17 11:04:51.582   961   961 E SurfaceFlinger: Attempt to update InputPolicyFlags without permission ACCESS_SURFACE_FLINGER
12-17 11:04:51.599   961   961 E SurfaceFlinger: Attempt to update InputPolicyFlags without permission ACCESS_SURFACE_FLINGER
12-17 11:04:51.615   961   961 E SurfaceFlinger: Attempt to update InputPolicyFlags without permission ACCESS_SURFACE_FLINGER
12-17 11:04:51.632   961   961 E SurfaceFlinger: Attempt to update InputPolicyFlags without permission ACCESS_SURFACE_FLINGER
12-17 11:04:51.649   961   961 E SurfaceFlinger: Attempt to update InputPolicyFlags without permission ACCESS_SURFACE_FLINGER
12-17 11:04:51.665   961   961 E SurfaceFlinger: Attempt to update InputPolicyFlags without permission ACCESS_SURFACE_FLINGER
12-17 11:04:51.919  1121  1459 E WindowManager: win=Window{55da803 u0 com.main.focuspact.release/com.main.focuspact.MainActivity EXITING} destroySurfaces: appStopped=false win.mWindowRemovalAllowed=true win.mRemoveOnExit=true win.mViewVisibility=0 caller=com.android.server.wm.ActivityRecord.destroySurfaces:5842 com.android.server.wm.ActivityRecord.destroySurfaces:5823 com.android.server.wm.WindowState.onExitAnimationDone:5975 com.android.server.wm.WindowStateAnimator.onAnimationFinished:242 com.android.server.wm.WindowState.onAnimationFinished:6228 com.android.server.wm.WindowContainer$$ExternalSyntheticLambda0.onAnimationFinished:2 com.android.server.wm.SurfaceAnimator.lambda$getFinishedCallback$0$SurfaceAnimator:113 
12-17 11:04:52.568   961   961 E SurfaceFlinger: Attempt to update InputPolicyFlags without permission ACCESS_SURFACE_FLINGER
12-17 11:04:52.584   961   961 E SurfaceFlinger: Attempt to update InputPolicyFlags without permission ACCESS_SURFACE_FLINGER
12-17 11:04:52.601   961   961 E SurfaceFlinger: Attempt to update InputPolicyFlags without permission ACCESS_SURFACE_FLINGER
12-17 11:04:52.618   961   961 E SurfaceFlinger: Attempt to update InputPolicyFlags without permission ACCESS_SURFACE_FLINGER
12-17 11:04:52.634   961   961 E SurfaceFlinger: Attempt to update InputPolicyFlags without permission ACCESS_SURFACE_FLINGER
12-17 11:04:52.651   961   961 E SurfaceFlinger: Attempt to update InputPolicyFlags without permission ACCESS_SURFACE_FLINGER
12-17 11:04:52.668   961   961 E SurfaceFlinger: Attempt to update InputPolicyFlags without permission ACCESS_SURFACE_FLINGER
12-17 11:04:52.684   961   961 E SurfaceFlinger: Attempt to update InputPolicyFlags without permission ACCESS_SURFACE_FLINGER
12-17 11:04:52.701   961   961 E SurfaceFlinger: Attempt to update InputPolicyFlags without permission ACCESS_SURFACE_FLINGER
12-17 11:04:52.718   961   961 E SurfaceFlinger: Attempt to update InputPolicyFlags without permission ACCESS_SURFACE_FLINGER
12-17 11:04:52.735   961   961 E SurfaceFlinger: Attempt to update InputPolicyFlags without permission ACCESS_SURFACE_FLINGER
12-17 11:04:52.751   961   961 E SurfaceFlinger: Attempt to update InputPolicyFlags without permission ACCESS_SURFACE_FLINGER
12-17 11:04:52.768   961   961 E SurfaceFlinger: Attempt to update InputPolicyFlags without permission ACCESS_SURFACE_FLINGER
12-17 11:04:52.937  1121  1459 E WindowManager: win=Window{f484f68 u0 com.main.focuspact.release/com.main.focuspact.MainActivity EXITING} destroySurfaces: appStopped=false win.mWindowRemovalAllowed=true win.mRemoveOnExit=true win.mViewVisibility=0 caller=com.android.server.wm.ActivityRecord.destroySurfaces:5842 com.android.server.wm.ActivityRecord.destroySurfaces:5823 com.android.server.wm.WindowState.onExitAnimationDone:5975 com.android.server.wm.WindowStateAnimator.onAnimationFinished:242 com.android.server.wm.WindowState.onAnimationFinished:6228 com.android.server.wm.WindowContainer$$ExternalSyntheticLambda0.onAnimationFinished:2 com.android.server.wm.SurfaceAnimator.lambda$getFinishedCallback$0$SurfaceAnimator:113 
12-17 11:04:53.520   961   961 E SurfaceFlinger: Attempt to update InputPolicyFlags without permission ACCESS_SURFACE_FLINGER
12-17 11:04:53.537   961   961 E SurfaceFlinger: Attempt to update InputPolicyFlags without permission ACCESS_SURFACE_FLINGER
12-17 11:04:53.553   961   961 E SurfaceFlinger: Attempt to update InputPolicyFlags without permission ACCESS_SURFACE_FLINGER
12-17 11:04:53.723  1121  1459 E WindowManager: win=Window{e214049 u0 com.main.focuspact.release/com.main.focuspact.MainActivity EXITING} destroySurfaces: appStopped=false win.mWindowRemovalAllowed=true win.mRemoveOnExit=true win.mViewVisibility=0 caller=com.android.server.wm.ActivityRecord.destroySurfaces:5842 com.android.server.wm.ActivityRecord.destroySurfaces:5823 com.android.server.wm.WindowState.onExitAnimationDone:5975 com.android.server.wm.WindowStateAnimator.onAnimationFinished:242 com.android.server.wm.WindowState.onAnimationFinished:6228 com.android.server.wm.WindowContainer$$ExternalSyntheticLambda0.onAnimationFinished:2 com.android.server.wm.SurfaceAnimator.lambda$getFinishedCallback$0$SurfaceAnimator:113 
12-17 11:04:54.088   961   961 E SurfaceFlinger: Attempt to update InputPolicyFlags without permission ACCESS_SURFACE_FLINGER
12-17 11:04:54.104   961   961 E SurfaceFlinger: Attempt to update InputPolicyFlags without permission ACCESS_SURFACE_FLINGER
12-17 11:04:54.121   961   961 E SurfaceFlinger: Attempt to update InputPolicyFlags without permission ACCESS_SURFACE_FLINGER
12-17 11:04:54.138   961   961 E SurfaceFlinger: Attempt to update InputPolicyFlags without permission ACCESS_SURFACE_FLINGER
12-17 11:04:54.155   961   961 E SurfaceFlinger: Attempt to update InputPolicyFlags without permission ACCESS_SURFACE_FLINGER
12-17 11:04:54.171   961   961 E SurfaceFlinger: Attempt to update InputPolicyFlags without permission ACCESS_SURFACE_FLINGER
12-17 11:04:54.188   961   961 E SurfaceFlinger: Attempt to update InputPolicyFlags without permission ACCESS_SURFACE_FLINGER
12-17 11:04:54.205   961   961 E SurfaceFlinger: Attempt to update InputPolicyFlags without permission ACCESS_SURFACE_FLINGER
12-17 11:04:54.221   961   961 E SurfaceFlinger: Attempt to update InputPolicyFlags without permission ACCESS_SURFACE_FLINGER
12-17 11:04:54.238   961   961 E SurfaceFlinger: Attempt to update InputPolicyFlags without permission ACCESS_SURFACE_FLINGER
12-17 11:04:54.255   961   961 E SurfaceFlinger: Attempt to update InputPolicyFlags without permission ACCESS_SURFACE_FLINGER
12-17 11:04:54.406  1121  1459 E WindowManager: win=Window{6268576 u0 com.main.focuspact.release/com.main.focuspact.MainActivity EXITING} destroySurfaces: appStopped=false win.mWindowRemovalAllowed=true win.mRemoveOnExit=true win.mViewVisibility=0 caller=com.android.server.wm.ActivityRecord.destroySurfaces:5842 com.android.server.wm.ActivityRecord.destroySurfaces:5823 com.android.server.wm.WindowState.onExitAnimationDone:5975 com.android.server.wm.WindowStateAnimator.onAnimationFinished:242 com.android.server.wm.WindowState.onAnimationFinished:6228 com.android.server.wm.WindowContainer$$ExternalSyntheticLambda0.onAnimationFinished:2 com.android.server.wm.SurfaceAnimator.lambda$getFinishedCallback$0$SurfaceAnimator:113 
12-17 11:04:55.650  1121  1469 E Watchdog: !@Sync: 10794 heap: 133 / 140 [2024-12-17 11:04:55.650] sdogWay: softdog FD: 1051
12-17 11:04:58.702  1979  2206 E CscParser: update(): xml file exist
12-17 11:05:02.543  1979  2206 E CscParser: update(): xml file exist
12-17 11:05:09.416   630  5821 E vold    : getUsedF2fsFileNode -> Cannot Get Used FileNode Number (errno=25 Inappropriate ioctl for device)
